Archive member included to satisfy reference by file (symbol)

/home/jingxu/workspace/ledgerApp/gcc-arm-none-eabi-10-2020-q4-major-x86_64-linux/gcc-arm-none-eabi-10-2020-q4-major/bin/../lib/gcc/arm-none-eabi/10.2.1/thumb/v6-m/nofp/libgcc.a(_udivsi3.o)
                              obj/cmd_signMessage.o (__aeabi_uidiv)
/home/jingxu/workspace/ledgerApp/gcc-arm-none-eabi-10-2020-q4-major-x86_64-linux/gcc-arm-none-eabi-10-2020-q4-major/bin/../lib/gcc/arm-none-eabi/10.2.1/thumb/v6-m/nofp/libgcc.a(_divsi3.o)
                              obj/base64.o (__aeabi_idiv)
/home/jingxu/workspace/ledgerApp/gcc-arm-none-eabi-10-2020-q4-major-x86_64-linux/gcc-arm-none-eabi-10-2020-q4-major/bin/../lib/gcc/arm-none-eabi/10.2.1/thumb/v6-m/nofp/libgcc.a(_dvmd_tls.o)
                              /home/jingxu/workspace/ledgerApp/gcc-arm-none-eabi-10-2020-q4-major-x86_64-linux/gcc-arm-none-eabi-10-2020-q4-major/bin/../lib/gcc/arm-none-eabi/10.2.1/thumb/v6-m/nofp/libgcc.a(_udivsi3.o) (__aeabi_idiv0)
/home/jingxu/workspace/ledgerApp/gcc-arm-none-eabi-10-2020-q4-major-x86_64-linux/gcc-arm-none-eabi-10-2020-q4-major/bin/../lib/gcc/arm-none-eabi/10.2.1/thumb/v6-m/nofp/libgcc.a(_lshrdi3.o)
                              obj/poorstream.o (__aeabi_llsr)
/home/jingxu/workspace/ledgerApp/gcc-arm-none-eabi-10-2020-q4-major-x86_64-linux/gcc-arm-none-eabi-10-2020-q4-major/bin/../lib/gcc/arm-none-eabi/10.2.1/thumb/v6-m/nofp/libgcc.a(_ashldi3.o)
                              obj/poorstream.o (__aeabi_llsl)
/home/jingxu/workspace/ledgerApp/gcc-arm-none-eabi-10-2020-q4-major-x86_64-linux/gcc-arm-none-eabi-10-2020-q4-major/bin/../lib/gcc/arm-none-eabi/10.2.1/thumb/v6-m/nofp/libgcc.a(_muldi3.o)
                              obj/uint256.o (__aeabi_lmul)
/home/jingxu/workspace/ledgerApp/gcc-arm-none-eabi-10-2020-q4-major-x86_64-linux/gcc-arm-none-eabi-10-2020-q4-major/bin/../lib/gcc/arm-none-eabi/10.2.1/../../../../arm-none-eabi/lib/thumb/v6-m/nofp/libc.a(lib_a-aeabi_memclr.o)
                              obj/compound_plugin.o (__aeabi_memclr)
/home/jingxu/workspace/ledgerApp/gcc-arm-none-eabi-10-2020-q4-major-x86_64-linux/gcc-arm-none-eabi-10-2020-q4-major/bin/../lib/gcc/arm-none-eabi/10.2.1/../../../../arm-none-eabi/lib/thumb/v6-m/nofp/libc.a(lib_a-aeabi_memcpy.o)
                              obj/cmd_stark_unsafe_sign.o (__aeabi_memcpy)
/home/jingxu/workspace/ledgerApp/gcc-arm-none-eabi-10-2020-q4-major-x86_64-linux/gcc-arm-none-eabi-10-2020-q4-major/bin/../lib/gcc/arm-none-eabi/10.2.1/../../../../arm-none-eabi/lib/thumb/v6-m/nofp/libc.a(lib_a-aeabi_memmove.o)
                              obj/cmd_provideTokenInfo.o (__aeabi_memmove)
/home/jingxu/workspace/ledgerApp/gcc-arm-none-eabi-10-2020-q4-major-x86_64-linux/gcc-arm-none-eabi-10-2020-q4-major/bin/../lib/gcc/arm-none-eabi/10.2.1/../../../../arm-none-eabi/lib/thumb/v6-m/nofp/libc.a(lib_a-aeabi_memset.o)
                              obj/ethUtils.o (__aeabi_memset)
/home/jingxu/workspace/ledgerApp/gcc-arm-none-eabi-10-2020-q4-major-x86_64-linux/gcc-arm-none-eabi-10-2020-q4-major/bin/../lib/gcc/arm-none-eabi/10.2.1/../../../../arm-none-eabi/lib/thumb/v6-m/nofp/libc.a(lib_a-explicit_bzero.o)
                              obj/cmd_getPublicKey.o (explicit_bzero)
/home/jingxu/workspace/ledgerApp/gcc-arm-none-eabi-10-2020-q4-major-x86_64-linux/gcc-arm-none-eabi-10-2020-q4-major/bin/../lib/gcc/arm-none-eabi/10.2.1/../../../../arm-none-eabi/lib/thumb/v6-m/nofp/libc.a(lib_a-memcmp.o)
                              obj/cmd_stark_provideQuantum.o (memcmp)
/home/jingxu/workspace/ledgerApp/gcc-arm-none-eabi-10-2020-q4-major-x86_64-linux/gcc-arm-none-eabi-10-2020-q4-major/bin/../lib/gcc/arm-none-eabi/10.2.1/../../../../arm-none-eabi/lib/thumb/v6-m/nofp/libc.a(lib_a-memcpy-stub.o)
                              /home/jingxu/workspace/ledgerApp/gcc-arm-none-eabi-10-2020-q4-major-x86_64-linux/gcc-arm-none-eabi-10-2020-q4-major/bin/../lib/gcc/arm-none-eabi/10.2.1/../../../../arm-none-eabi/lib/thumb/v6-m/nofp/libc.a(lib_a-aeabi_memcpy.o) (memcpy)
/home/jingxu/workspace/ledgerApp/gcc-arm-none-eabi-10-2020-q4-major-x86_64-linux/gcc-arm-none-eabi-10-2020-q4-major/bin/../lib/gcc/arm-none-eabi/10.2.1/../../../../arm-none-eabi/lib/thumb/v6-m/nofp/libc.a(lib_a-memmove.o)
                              /home/jingxu/workspace/ledgerApp/gcc-arm-none-eabi-10-2020-q4-major-x86_64-linux/gcc-arm-none-eabi-10-2020-q4-major/bin/../lib/gcc/arm-none-eabi/10.2.1/../../../../arm-none-eabi/lib/thumb/v6-m/nofp/libc.a(lib_a-aeabi_memmove.o) (memmove)
/home/jingxu/workspace/ledgerApp/gcc-arm-none-eabi-10-2020-q4-major-x86_64-linux/gcc-arm-none-eabi-10-2020-q4-major/bin/../lib/gcc/arm-none-eabi/10.2.1/../../../../arm-none-eabi/lib/thumb/v6-m/nofp/libc.a(lib_a-memset.o)
                              /home/jingxu/workspace/ledgerApp/gcc-arm-none-eabi-10-2020-q4-major-x86_64-linux/gcc-arm-none-eabi-10-2020-q4-major/bin/../lib/gcc/arm-none-eabi/10.2.1/../../../../arm-none-eabi/lib/thumb/v6-m/nofp/libc.a(lib_a-aeabi_memset.o) (memset)
[...]
Memory Configuration

Name             Origin             Length             Attributes
DISCARD          0x00000000d0000000 0x0000000000100000 xrw
FLASH            0x00000000c0d00000 0x0000000000064000 xr
SRAM             0x0000000020001800 0x0000000000001000 xrw
*default*        0x0000000000000000 0xffffffffffffffff

Linker script and memory map

LOAD obj/base64.o
LOAD obj/checks.o
LOAD obj/cmd_getAppConfiguration.o
LOAD obj/cmd_getEth2PublicKey.o
LOAD obj/cmd_getPublicKey.o
LOAD obj/cmd_provideTokenInfo.o
LOAD obj/cmd_setEth2WithdrawalIndex.o
LOAD obj/cmd_signMessage.o
LOAD obj/cmd_signMessage712.o
LOAD obj/cmd_signTx.o
LOAD obj/cmd_stark_getPublicKey.o
LOAD obj/cmd_stark_provideQuantum.o
LOAD obj/cmd_stark_sign.o
LOAD obj/cmd_stark_unsafe_sign.o
LOAD obj/compound_plugin.o
LOAD obj/cx.o
LOAD obj/cx_compliance_141.o
LOAD obj/erc20_plugin.o
LOAD obj/erc721_plugin.o
LOAD obj/eth2_plugin.o
LOAD obj/ethUstream.o
LOAD obj/ethUtils.o
LOAD obj/eth_plugin_handler.o
LOAD obj/eth_plugin_internal.o
LOAD obj/eth_plugin_ui.o
LOAD obj/glyphs.o
LOAD obj/handle_check_address.o
LOAD obj/handle_get_printable_amount.o
LOAD obj/handle_swap_sign_transaction.o
LOAD obj/logic_getEth2PublicKey.o
LOAD obj/logic_getPublicKey.o
LOAD obj/logic_signTx.o
LOAD obj/logic_stark_getPublicKey.o
LOAD obj/main.o
LOAD obj/os.o
LOAD obj/os_io_seproxyhal.o
LOAD obj/os_io_usb.o
LOAD obj/os_printf.o
LOAD obj/pic.o
LOAD obj/pic_internal.o
LOAD obj/poorstream.o
LOAD obj/stark_crypto.o
LOAD obj/stark_utils.o
LOAD obj/starkware_plugin.o
LOAD obj/syscalls.o
LOAD obj/tcr.o
LOAD obj/tokens.o
LOAD obj/u2f_impl.o
LOAD obj/u2f_io.o
LOAD obj/u2f_transport.o
LOAD obj/ui_common_getEth2PublicKey.o
LOAD obj/ui_common_getPublicKey.o
LOAD obj/ui_common_signMessage.o
LOAD obj/ui_common_signMessage712.o
LOAD obj/ui_common_signTx.o
LOAD obj/ui_common_stark_getPublicKey.o
LOAD obj/ui_common_stark_sign.o
LOAD obj/ui_common_stark_unsafe_sign.o
LOAD obj/ui_flow.o
LOAD obj/ui_flow_erc20_approval.o
LOAD obj/ui_flow_getEth2PublicKey.o
LOAD obj/ui_flow_getPublicKey.o
LOAD obj/ui_flow_signMessage.o
LOAD obj/ui_flow_signMessage712.o
LOAD obj/ui_flow_signTx.o
LOAD obj/ui_flow_stark_getPublicKey.o
LOAD obj/ui_flow_stark_sign.o
LOAD obj/ui_flow_stark_unsafe_sign.o
LOAD obj/uint256.o
LOAD obj/usbd_ccid_cmd.o
LOAD obj/usbd_ccid_core.o
LOAD obj/usbd_ccid_if.o
LOAD obj/usbd_conf.o
LOAD obj/usbd_core.o
LOAD obj/usbd_ctlreq.o
LOAD obj/usbd_hid.o
LOAD obj/usbd_impl.o
LOAD obj/usbd_ioreq.o
LOAD obj/utils.o
LOAD obj/ux_flow_engine.o
LOAD obj/ux_layout_bb.o
LOAD obj/ux_layout_bn.o
LOAD obj/ux_layout_bnn.o
LOAD obj/ux_layout_bnnn.o
LOAD obj/ux_layout_nn.o
LOAD obj/ux_layout_nnbnn.o
LOAD obj/ux_layout_nnn.o
LOAD obj/ux_layout_nnnn.o
LOAD obj/ux_layout_paging.o
LOAD obj/ux_layout_pb.o
LOAD obj/ux_layout_pbb.o
LOAD obj/ux_layout_pn.o
LOAD obj/ux_layout_pnn.o
LOAD obj/ux_layout_utils.o
LOAD obj/ux_legacy.o
LOAD obj/ux_menulist.o
LOAD obj/ux_stack.o
LOAD /home/jingxu/workspace/ledgerApp/gcc-arm-none-eabi-10-2020-q4-major-x86_64-linux/gcc-arm-none-eabi-10-2020-q4-major/bin/../lib/gcc/arm-none-eabi/10.2.1/../../../../arm-none-eabi/lib/thumb/v6-m/nofp/libm.a
LOAD /home/jingxu/workspace/ledgerApp/gcc-arm-none-eabi-10-2020-q4-major-x86_64-linux/gcc-arm-none-eabi-10-2020-q4-major/bin/../lib/gcc/arm-none-eabi/10.2.1/thumb/v6-m/nofp/libgcc.a
LOAD /home/jingxu/workspace/ledgerApp/gcc-arm-none-eabi-10-2020-q4-major-x86_64-linux/gcc-arm-none-eabi-10-2020-q4-major/bin/../lib/gcc/arm-none-eabi/10.2.1/../../../../arm-none-eabi/lib/thumb/v6-m/nofp/libc.a
START GROUP
LOAD /home/jingxu/workspace/ledgerApp/gcc-arm-none-eabi-10-2020-q4-major-x86_64-linux/gcc-arm-none-eabi-10-2020-q4-major/bin/../lib/gcc/arm-none-eabi/10.2.1/thumb/v6-m/nofp/libgcc.a
LOAD /home/jingxu/workspace/ledgerApp/gcc-arm-none-eabi-10-2020-q4-major-x86_64-linux/gcc-arm-none-eabi-10-2020-q4-major/bin/../lib/gcc/arm-none-eabi/10.2.1/../../../../arm-none-eabi/lib/thumb/v6-m/nofp/libg.a
LOAD /home/jingxu/workspace/ledgerApp/gcc-arm-none-eabi-10-2020-q4-major-x86_64-linux/gcc-arm-none-eabi-10-2020-q4-major/bin/../lib/gcc/arm-none-eabi/10.2.1/../../../../arm-none-eabi/lib/thumb/v6-m/nofp/libc.a
END GROUP
                0x0000000000000040                PAGE_SIZE = 0x40
                0x0000000000000200                STACK_SIZE = 0x200
                0x0000000020002800                END_STACK = (ORIGIN (SRAM) + LENGTH (SRAM))

.text           0x00000000c0d00000     0xd800
                0x00000000c0d00000                _text = .
                0x00000000c0d00000                _nvram = .
                [!provide]                        PROVIDE (_setjmp = setjmp)
 *(.boot*)
 .boot          0x00000000c0d00000       0x3a obj/main.o
                0x00000000c0d00000                main
 *(.text*)
 *fill*         0x00000000c0d0003a        0x2 00
 .text.Base64encode
                0x00000000c0d0003c       0xb0 obj/base64.o
                0x00000000c0d0003c                Base64encode
 .text.check_audited_app
                0x00000000c0d000ec      0x1f0 obj/checks.o
                0x00000000c0d000ec                check_audited_app
 .text.ui_audited_elements_button
                0x00000000c0d002dc       0x1c obj/checks.o
 .text.handleGetAppConfiguration
                0x00000000c0d002f8       0x38 obj/cmd_getAppConfiguration.o
                0x00000000c0d002f8                handleGetAppConfiguration
 .text.handleGetPublicKey
                0x00000000c0d00330      0x148 obj/cmd_getPublicKey.o
                0x00000000c0d00330                handleGetPublicKey
 .text.handleProvideErc20TokenInformation
                0x00000000c0d00478      0x124 obj/cmd_provideTokenInfo.o
                0x00000000c0d00478                handleProvideErc20TokenInformation
 .text.handleSignPersonalMessage
                0x00000000c0d0059c      0x260 obj/cmd_signMessage.o
                0x00000000c0d0059c                handleSignPersonalMessage
 .text.handleSignEIP712Message
                0x00000000c0d007fc       0xd8 obj/cmd_signMessage712.o
                0x00000000c0d007fc                handleSignEIP712Message
 .text.handleSign
                0x00000000c0d008d4      0x168 obj/cmd_signTx.o
                0x00000000c0d008d4                handleSign
 .text.handleStarkwareGetPublicKey
                0x00000000c0d00a3c      0x108 obj/cmd_stark_getPublicKey.o
                0x00000000c0d00a3c                handleStarkwareGetPublicKey
 .text.handleStarkwareProvideQuantum
                0x00000000c0d00b44       0xe4 obj/cmd_stark_provideQuantum.o
                0x00000000c0d00b44                handleStarkwareProvideQuantum
 .text.handleStarkwareSignMessage
                0x00000000c0d00c28      0x6b0 obj/cmd_stark_sign.o
                0x00000000c0d00c28                handleStarkwareSignMessage
 .text.handleStarkwareUnsafeSign
                0x00000000c0d012d8      0x130 obj/cmd_stark_unsafe_sign.o
                0x00000000c0d012d8                handleStarkwareUnsafeSign
 .text.get_underlying_asset_decimals
                0x00000000c0d01408       0x48 obj/compound_plugin.o
                0x00000000c0d01408                get_underlying_asset_decimals
 .text.compound_plugin_call
                0x00000000c0d01450      0x2d0 obj/compound_plugin.o
                0x00000000c0d01450                compound_plugin_call
 .text.check_token_binding
                0x00000000c0d01720       0x58 obj/erc20_plugin.o
                0x00000000c0d01720                check_token_binding
 .text.erc20_plugin_available_check
                0x00000000c0d01778       0x28 obj/erc20_plugin.o
                0x00000000c0d01778                erc20_plugin_available_check
 .text.erc20_plugin_call
                0x00000000c0d017a0      0x334 obj/erc20_plugin.o
                0x00000000c0d017a0                erc20_plugin_call
 .text.erc721_plugin_available_check
                0x00000000c0d01ad4       0x28 obj/erc721_plugin.o
                0x00000000c0d01ad4                erc721_plugin_available_check
 .text.erc721_plugin_call
                0x00000000c0d01afc      0x228 obj/erc721_plugin.o
                0x00000000c0d01afc                erc721_plugin_call
 .text.initTx   0x00000000c0d01d24       0x2c obj/ethUstream.o
                0x00000000c0d01d24                initTx
 .text.readTxByte
                0x00000000c0d01d50       0x5c obj/ethUstream.o
                0x00000000c0d01d50                readTxByte
 .text.copyTxData
                0x00000000c0d01dac       0x78 obj/ethUstream.o
                0x00000000c0d01dac                copyTxData
 .text.decodeThetaData
                0x00000000c0d01e24       0x78 obj/ethUstream.o
                0x00000000c0d01e24                decodeThetaData
 .text.processTx
                0x00000000c0d01e9c       0x78 obj/ethUstream.o
                0x00000000c0d01e9c                processTx
 .text.processTxInternal
                0x00000000c0d01f14      0x408 obj/ethUstream.o
 .text.continueTx
                0x00000000c0d0231c       0x56 obj/ethUstream.o
                0x00000000c0d0231c                continueTx
 .text.rlpCanDecode
                0x00000000c0d02372       0x44 obj/ethUtils.o
                0x00000000c0d02372                rlpCanDecode
 .text.rlpDecodeLength
                0x00000000c0d023b6       0xf2 obj/ethUtils.o
                0x00000000c0d023b6                rlpDecodeLength
 .text.getEthAddressStringFromKey
                0x00000000c0d024a8       0x40 obj/ethUtils.o
                0x00000000c0d024a8                getEthAddressStringFromKey
 .text.getEthAddressStringFromBinary
                0x00000000c0d024e8       0xc8 obj/ethUtils.o
                0x00000000c0d024e8                getEthAddressStringFromBinary
 .text.getThetaTxFromBinary
                0x00000000c0d025b0      0x1dc obj/ethUtils.o
                0x00000000c0d025b0                getThetaTxFromBinary
 .text.adjustDecimals
                0x00000000c0d0278c       0xf0 obj/ethUtils.o
                0x00000000c0d0278c                adjustDecimals
 .text.eth_plugin_prepare_init
                0x00000000c0d0287c       0x14 obj/eth_plugin_handler.o
                0x00000000c0d0287c                eth_plugin_prepare_init
 .text.eth_plugin_prepare_provide_parameter
                0x00000000c0d02890       0x14 obj/eth_plugin_handler.o
                0x00000000c0d02890                eth_plugin_prepare_provide_parameter
 .text.eth_plugin_prepare_finalize
                0x00000000c0d028a4        0xa obj/eth_plugin_handler.o
                0x00000000c0d028a4                eth_plugin_prepare_finalize
 .text.eth_plugin_prepare_provide_token
                0x00000000c0d028ae       0x14 obj/eth_plugin_handler.o
                0x00000000c0d028ae                eth_plugin_prepare_provide_token
 .text.eth_plugin_prepare_query_contract_ID
                0x00000000c0d028c2       0x20 obj/eth_plugin_handler.o
                0x00000000c0d028c2                eth_plugin_prepare_query_contract_ID
 .text.eth_plugin_prepare_query_contract_UI
                0x00000000c0d028e2       0x24 obj/eth_plugin_handler.o
                0x00000000c0d028e2                eth_plugin_prepare_query_contract_UI
 *fill*         0x00000000c0d02906        0x2 00
 .text.eth_plugin_perform_init
                0x00000000c0d02908      0x17c obj/eth_plugin_handler.o
                0x00000000c0d02908                eth_plugin_perform_init
 .text.eth_plugin_call
                0x00000000c0d02a84      0x1f0 obj/eth_plugin_handler.o
                0x00000000c0d02a84                eth_plugin_call
 .text.plugin_ui_get_id
                0x00000000c0d02c74       0x60 obj/eth_plugin_ui.o
                0x00000000c0d02c74                plugin_ui_get_id
 .text.plugin_ui_get_item
                0x00000000c0d02cd4       0x50 obj/eth_plugin_ui.o
                0x00000000c0d02cd4                plugin_ui_get_item
 .text.display_next_plugin_item
                0x00000000c0d02d24       0x88 obj/eth_plugin_ui.o
                0x00000000c0d02d24                display_next_plugin_item
 .text.ux_plugin_approval_id_step_init
                0x00000000c0d02dac       0x10 obj/eth_plugin_ui.o
                0x00000000c0d02dac                ux_plugin_approval_id_step_init
 .text.ux_plugin_approval_before_step_init
                0x00000000c0d02dbc        0xa obj/eth_plugin_ui.o
                0x00000000c0d02dbc                ux_plugin_approval_before_step_init
 .text.ux_plugin_approval_after_step_init
                0x00000000c0d02dc6        0xa obj/eth_plugin_ui.o
                0x00000000c0d02dc6                ux_plugin_approval_after_step_init
 .text.ux_plugin_approval_fees_step_init
                0x00000000c0d02dd0       0x1c obj/eth_plugin_ui.o
                0x00000000c0d02dd0                ux_plugin_approval_fees_step_init
 .text.ux_plugin_approval_ok_step_validateinit
                0x00000000c0d02dec        0xa obj/eth_plugin_ui.o
                0x00000000c0d02dec                ux_plugin_approval_ok_step_validateinit
 .text.ux_plugin_approval_cancel_step_validateinit
                0x00000000c0d02df6        0xa obj/eth_plugin_ui.o
                0x00000000c0d02df6                ux_plugin_approval_cancel_step_validateinit
 .text.plugin_ui_start
                0x00000000c0d02e00       0x24 obj/eth_plugin_ui.o
                0x00000000c0d02e00                plugin_ui_start
 .text.handle_check_address
                0x00000000c0d02e24      0x13c obj/handle_check_address.o
                0x00000000c0d02e24                handle_check_address
 .text.handle_get_printable_amount
                0x00000000c0d02f60       0x94 obj/handle_get_printable_amount.o
                0x00000000c0d02f60                handle_get_printable_amount
 .text.copy_transaction_parameters
                0x00000000c0d02ff4       0xac obj/handle_swap_sign_transaction.o
                0x00000000c0d02ff4                copy_transaction_parameters
 .text.handle_swap_sign_transaction
                0x00000000c0d030a0       0x78 obj/handle_swap_sign_transaction.o
                0x00000000c0d030a0                handle_swap_sign_transaction
 .text.set_result_get_publicKey
                0x00000000c0d03118       0x4c obj/logic_getPublicKey.o
                0x00000000c0d03118                set_result_get_publicKey
 .text.splitBinaryParameterPart
                0x00000000c0d03164       0x30 obj/logic_signTx.o
                0x00000000c0d03164                splitBinaryParameterPart
 .text.customProcessor
                0x00000000c0d03194      0x270 obj/logic_signTx.o
                0x00000000c0d03194                customProcessor
 .text.compareOrCopy
                0x00000000c0d03404       0x78 obj/logic_signTx.o
                0x00000000c0d03404                compareOrCopy
 .text.reportFinalizeError
                0x00000000c0d0347c       0x1e obj/logic_signTx.o
                0x00000000c0d0347c                reportFinalizeError
 *fill*         0x00000000c0d0349a        0x2 00
 .text.computeFees
                0x00000000c0d0349c       0x68 obj/logic_signTx.o
                0x00000000c0d0349c                computeFees
 .text.finalizeParsing
                0x00000000c0d03504      0x32c obj/logic_signTx.o
                0x00000000c0d03504                finalizeParsing
 .text.set_result_get_stark_publicKey
                0x00000000c0d03830       0x1c obj/logic_stark_getPublicKey.o
                0x00000000c0d03830                set_result_get_stark_publicKey
 .text.reset_app_context
                0x00000000c0d0384c       0x44 obj/main.o
                0x00000000c0d0384c                reset_app_context
 .text.ui_idle  0x00000000c0d03890       0x24 obj/main.o
                0x00000000c0d03890                ui_idle
 .text.io_seproxyhal_send_status
                0x00000000c0d038b4       0x18 obj/main.o
                0x00000000c0d038b4                io_seproxyhal_send_status
 .text.format_signature_out
                0x00000000c0d038cc       0x68 obj/main.o
                0x00000000c0d038cc                format_signature_out
 .text.io_exchange_al
                0x00000000c0d03934       0x44 obj/main.o
                0x00000000c0d03934                io_exchange_al
 .text.getKnownToken
                0x00000000c0d03978       0x4c obj/main.o
                0x00000000c0d03978                getKnownToken
 .text.handleApdu
                0x00000000c0d039c4      0x234 obj/main.o
                0x00000000c0d039c4                handleApdu
 .text.app_main
                0x00000000c0d03bf8      0x138 obj/main.o
                0x00000000c0d03bf8                app_main
 .text.io_seproxyhal_display
                0x00000000c0d03d30        0x8 obj/main.o
                0x00000000c0d03d30                io_seproxyhal_display
 .text.io_event
                0x00000000c0d03d38      0x3b4 obj/main.o
                0x00000000c0d03d38                io_event
 .text.app_exit
                0x00000000c0d040ec       0x40 obj/main.o
                0x00000000c0d040ec                app_exit
 .text.coin_main
                0x00000000c0d0412c      0x110 obj/main.o
                0x00000000c0d0412c                coin_main
 .text.library_main
                0x00000000c0d0423c       0xd4 obj/main.o
                0x00000000c0d0423c                library_main
 .text.os_boot  0x00000000c0d04310        0xa obj/os.o
                0x00000000c0d04310                os_boot
 .text.os_memmove
                0x00000000c0d0431a       0x2c obj/os.o
                0x00000000c0d0431a                os_memmove
 .text.os_memset
                0x00000000c0d04346       0x12 obj/os.o
                0x00000000c0d04346                os_memset
 .text.os_memcmp
                0x00000000c0d04358       0x2a obj/os.o
                0x00000000c0d04358                os_memcmp
 *fill*         0x00000000c0d04382        0x2 00
 .text.os_longjmp
                0x00000000c0d04384       0x1c obj/os.o
                0x00000000c0d04384                os_longjmp
 .text.os_secure_memcmp
                0x00000000c0d043a0       0x3c obj/os.o
                0x00000000c0d043a0                os_secure_memcmp
 .text.os_parse_bertlv
                0x00000000c0d043dc      0x1d8 obj/os.o
                0x00000000c0d043dc                os_parse_bertlv
 .text.io_seproxyhal_general_status
                0x00000000c0d045b4       0x2c obj/os_io_seproxyhal.o
                0x00000000c0d045b4                io_seproxyhal_general_status
 .text.io_seproxyhal_handle_usb_event
                0x00000000c0d045e0       0x78 obj/os_io_seproxyhal.o
                0x00000000c0d045e0                io_seproxyhal_handle_usb_event
 .text.io_seproxyhal_get_ep_rx_size
                0x00000000c0d04658       0x18 obj/os_io_seproxyhal.o
                0x00000000c0d04658                io_seproxyhal_get_ep_rx_size
 .text.io_seproxyhal_handle_usb_ep_xfer_event
                0x00000000c0d04670       0x64 obj/os_io_seproxyhal.o
                0x00000000c0d04670                io_seproxyhal_handle_usb_ep_xfer_event
 .text.io_usb_send_ep
                0x00000000c0d046d4       0x50 obj/os_io_seproxyhal.o
                0x00000000c0d046d4                io_usb_send_ep
 .text.io_usb_send_apdu_data
                0x00000000c0d04724       0x10 obj/os_io_seproxyhal.o
                0x00000000c0d04724                io_usb_send_apdu_data
 .text.io_usb_send_apdu_data_ep0x83
                0x00000000c0d04734       0x10 obj/os_io_seproxyhal.o
                0x00000000c0d04734                io_usb_send_apdu_data_ep0x83
 .text.io_seproxyhal_handle_capdu_event
                0x00000000c0d04744       0x3c obj/os_io_seproxyhal.o
                0x00000000c0d04744                io_seproxyhal_handle_capdu_event
 .text.io_seproxyhal_handle_event
                0x00000000c0d04780       0x88 obj/os_io_seproxyhal.o
                0x00000000c0d04780                io_seproxyhal_handle_event
 .text.io_seproxyhal_init
                0x00000000c0d04808       0x38 obj/os_io_seproxyhal.o
                0x00000000c0d04808                io_seproxyhal_init
 .text.io_seproxyhal_init_ux
                0x00000000c0d04840        0x2 obj/os_io_seproxyhal.o
                0x00000000c0d04840                io_seproxyhal_init_ux
 *fill*         0x00000000c0d04842        0x2 00
 .text.io_seproxyhal_init_button
                0x00000000c0d04844       0x10 obj/os_io_seproxyhal.o
                0x00000000c0d04844                io_seproxyhal_init_button
 .text.io_seproxyhal_display_icon
                0x00000000c0d04854       0xa0 obj/os_io_seproxyhal.o
                0x00000000c0d04854                io_seproxyhal_display_icon
 .text.io_seproxyhal_display_default
                0x00000000c0d048f4       0x88 obj/os_io_seproxyhal.o
                0x00000000c0d048f4                io_seproxyhal_display_default
 .text.io_seproxyhal_button_push
                0x00000000c0d0497c       0x60 obj/os_io_seproxyhal.o
                0x00000000c0d0497c                io_seproxyhal_button_push
 .text.os_io_seproxyhal_get_app_name_and_version
                0x00000000c0d049dc       0x48 obj/os_io_seproxyhal.o
                0x00000000c0d049dc                os_io_seproxyhal_get_app_name_and_version
 .text.io_exchange
                0x00000000c0d04a24      0x2c8 obj/os_io_seproxyhal.o
                0x00000000c0d04a24                io_exchange
 .text.os_io_seph_recv_and_process
                0x00000000c0d04cec       0x4c obj/os_io_seproxyhal.o
                0x00000000c0d04cec                os_io_seph_recv_and_process
 .text.mcu_usb_printc
                0x00000000c0d04d38       0x2a obj/os_io_seproxyhal.o
                0x00000000c0d04d38                mcu_usb_printc
 *fill*         0x00000000c0d04d62        0x2 00
 .text.io_seproxyhal_io_heartbeat
                0x00000000c0d04d64       0x2c obj/os_io_seproxyhal.o
                0x00000000c0d04d64                io_seproxyhal_io_heartbeat
 .text.io_usb_hid_receive
                0x00000000c0d04d90      0x140 obj/os_io_usb.o
                0x00000000c0d04d90                io_usb_hid_receive
 .text.io_usb_hid_init
                0x00000000c0d04ed0       0x1c obj/os_io_usb.o
                0x00000000c0d04ed0                io_usb_hid_init
 .text.io_usb_hid_sent
                0x00000000c0d04eec       0xc8 obj/os_io_usb.o
                0x00000000c0d04eec                io_usb_hid_sent
 .text.io_usb_hid_send
                0x00000000c0d04fb4       0x34 obj/os_io_usb.o
                0x00000000c0d04fb4                io_usb_hid_send
 .text.mcu_usb_prints
                0x00000000c0d04fe8       0x54 obj/os_printf.o
                0x00000000c0d04fe8                mcu_usb_prints
 .text.mcu_usb_printf
                0x00000000c0d0503c      0x354 obj/os_printf.o
                0x00000000c0d0503c                screen_printf
                0x00000000c0d0503c                mcu_usb_printf
 .text.snprintf
                0x00000000c0d05390      0x3a8 obj/os_printf.o
                0x00000000c0d05390                snprintf
 .text.pic      0x00000000c0d05738       0x1c obj/pic.o
                0x00000000c0d05738                pic
 .text.pic_internal
                0x00000000c0d05754       0x10 obj/pic_internal.o
                0x00000000c0d05754                pic_internal
 .text.poorstream_init
                0x00000000c0d05764       0x12 obj/poorstream.o
                0x00000000c0d05764                poorstream_init
 .text.poorstream_flush
                0x00000000c0d05776       0x32 obj/poorstream.o
                0x00000000c0d05776                poorstream_flush
 .text.poorstream_write_bits
                0x00000000c0d057a8       0xaa obj/poorstream.o
                0x00000000c0d057a8                poorstream_write_bits
 *fill*         0x00000000c0d05852        0x2 00
 .text.starkDerivePrivateKey
                0x00000000c0d05854       0xcc obj/stark_crypto.o
                0x00000000c0d05854                starkDerivePrivateKey
 .text.stark_get_amount_string
                0x00000000c0d05920       0xf8 obj/stark_crypto.o
                0x00000000c0d05920                stark_get_amount_string
 .text.accum_ec_mul
                0x00000000c0d05a18       0x68 obj/stark_utils.o
                0x00000000c0d05a18                accum_ec_mul
 .text.pedersen
                0x00000000c0d05a80       0x60 obj/stark_utils.o
                0x00000000c0d05a80                pedersen
 .text.stark_sign
                0x00000000c0d05ae0      0x114 obj/stark_utils.o
                0x00000000c0d05ae0                stark_sign
 .text.compute_token_id
                0x00000000c0d05bf4      0x20c obj/stark_utils.o
                0x00000000c0d05bf4                compute_token_id
 .text.starkware_verify_asset_id
                0x00000000c0d05e00       0xbc obj/starkware_plugin.o
                0x00000000c0d05e00                starkware_verify_asset_id
 .text.starkware_verify_nft_token_id
                0x00000000c0d05ebc       0x78 obj/starkware_plugin.o
                0x00000000c0d05ebc                starkware_verify_nft_token_id
 .text.starkware_print_stark_key
                0x00000000c0d05f34       0x20 obj/starkware_plugin.o
                0x00000000c0d05f34                starkware_print_stark_key
 .text.starkware_print_eth_address
                0x00000000c0d05f54       0x28 obj/starkware_plugin.o
                0x00000000c0d05f54                starkware_print_eth_address
 .text.starkware_print_amount
                0x00000000c0d05f7c       0xcc obj/starkware_plugin.o
                0x00000000c0d05f7c                starkware_print_amount
 .text.starkware_print_asset_contract
                0x00000000c0d06048       0x64 obj/starkware_plugin.o
                0x00000000c0d06048                starkware_print_asset_contract
 .text.starkware_get_source_address
                0x00000000c0d060ac       0x88 obj/starkware_plugin.o
                0x00000000c0d060ac                starkware_get_source_address
 .text.starkware_plugin_call
                0x00000000c0d06134      0x69c obj/starkware_plugin.o
                0x00000000c0d06134                starkware_plugin_call
 .text.SVC_Call
                0x00000000c0d067d0        0x4 obj/syscalls.o
                0x00000000c0d067d0                SVC_Call
 .text.check_api_level
                0x00000000c0d067d4       0x18 obj/syscalls.o
                0x00000000c0d067d4                check_api_level
 .text.halt     0x00000000c0d067ec       0x14 obj/syscalls.o
                0x00000000c0d067ec                halt
 .text.nvm_write
                0x00000000c0d06800       0x1c obj/syscalls.o
                0x00000000c0d06800                nvm_write
 .text.cx_rng   0x00000000c0d0681c       0x1c obj/syscalls.o
                0x00000000c0d0681c                cx_rng
 .text.cx_hash  0x00000000c0d06838       0x28 obj/syscalls.o
                0x00000000c0d06838                cx_hash
 .text.cx_sha256_init
                0x00000000c0d06860       0x18 obj/syscalls.o
                0x00000000c0d06860                cx_sha256_init
 .text.cx_hash_sha256
                0x00000000c0d06878       0x20 obj/syscalls.o
                0x00000000c0d06878                cx_hash_sha256
 .text.cx_keccak_init
                0x00000000c0d06898       0x1c obj/syscalls.o
                0x00000000c0d06898                cx_keccak_init
 .text.cx_ecfp_add_point
                0x00000000c0d068b4       0x24 obj/syscalls.o
                0x00000000c0d068b4                cx_ecfp_add_point
 .text.cx_ecfp_scalar_mult
                0x00000000c0d068d8       0x24 obj/syscalls.o
                0x00000000c0d068d8                cx_ecfp_scalar_mult
 .text.cx_ecfp_init_public_key
                0x00000000c0d068fc       0x20 obj/syscalls.o
                0x00000000c0d068fc                cx_ecfp_init_public_key
 .text.cx_ecfp_init_private_key
                0x00000000c0d0691c       0x20 obj/syscalls.o
                0x00000000c0d0691c                cx_ecfp_init_private_key
 .text.cx_ecfp_generate_pair
                0x00000000c0d0693c       0x20 obj/syscalls.o
                0x00000000c0d0693c                cx_ecfp_generate_pair
 .text.cx_ecdsa_sign
                0x00000000c0d0695c       0x30 obj/syscalls.o
                0x00000000c0d0695c                cx_ecdsa_sign
 .text.cx_ecdsa_verify
                0x00000000c0d0698c       0x2c obj/syscalls.o
                0x00000000c0d0698c                cx_ecdsa_verify
 .text.cx_crc16_update
                0x00000000c0d069b8       0x20 obj/syscalls.o
                0x00000000c0d069b8                cx_crc16_update
 .text.cx_math_cmp
                0x00000000c0d069d8       0x1c obj/syscalls.o
                0x00000000c0d069d8                cx_math_cmp
 .text.cx_math_mult
                0x00000000c0d069f4       0x1c obj/syscalls.o
                0x00000000c0d069f4                cx_math_mult
 .text.cx_math_modm
                0x00000000c0d06a10       0x1c obj/syscalls.o
                0x00000000c0d06a10                cx_math_modm
 .text.os_perso_isonboarded
                0x00000000c0d06a2c       0x18 obj/syscalls.o
                0x00000000c0d06a2c                os_perso_isonboarded
 .text.os_perso_derive_node_bip32
                0x00000000c0d06a44       0x20 obj/syscalls.o
                0x00000000c0d06a44                os_perso_derive_node_bip32
 .text.os_perso_seed_cookie
                0x00000000c0d06a64       0x1c obj/syscalls.o
                0x00000000c0d06a64                os_perso_seed_cookie
 .text.os_global_pin_is_validated
                0x00000000c0d06a80       0x18 obj/syscalls.o
                0x00000000c0d06a80                os_global_pin_is_validated
 .text.os_ux    0x00000000c0d06a98       0x18 obj/syscalls.o
                0x00000000c0d06a98                os_ux
 .text.os_lib_call
                0x00000000c0d06ab0       0x18 obj/syscalls.o
                0x00000000c0d06ab0                os_lib_call
 .text.os_lib_end
                0x00000000c0d06ac8       0x14 obj/syscalls.o
                0x00000000c0d06ac8                os_lib_end
 .text.os_flags
                0x00000000c0d06adc       0x18 obj/syscalls.o
                0x00000000c0d06adc                os_flags
 .text.os_registry_get_current_app_tag
                0x00000000c0d06af4       0x1c obj/syscalls.o
                0x00000000c0d06af4                os_registry_get_current_app_tag
 .text.os_sched_exit
                0x00000000c0d06b10       0x18 obj/syscalls.o
                0x00000000c0d06b10                os_sched_exit
 .text.io_seph_send
                0x00000000c0d06b28       0x18 obj/syscalls.o
                0x00000000c0d06b28                io_seph_send
 .text.io_seph_is_status_sent
                0x00000000c0d06b40       0x18 obj/syscalls.o
                0x00000000c0d06b40                io_seph_is_status_sent
 .text.io_seph_recv
                0x00000000c0d06b58       0x20 obj/syscalls.o
                0x00000000c0d06b58                io_seph_recv
 .text.try_context_get
                0x00000000c0d06b78       0x18 obj/syscalls.o
                0x00000000c0d06b78                try_context_get
 .text.try_context_set
                0x00000000c0d06b90       0x18 obj/syscalls.o
                0x00000000c0d06b90                try_context_set
 .text.os_sched_last_status
                0x00000000c0d06ba8       0x1c obj/syscalls.o
                0x00000000c0d06ba8                os_sched_last_status
 .text.u2f_apdu_sign
                0x00000000c0d06bc4      0x108 obj/u2f_impl.o
                0x00000000c0d06bc4                u2f_apdu_sign
 .text.u2f_handle_cmd_init
                0x00000000c0d06ccc       0x98 obj/u2f_impl.o
                0x00000000c0d06ccc                u2f_handle_cmd_init
 .text.u2f_handle_cmd_msg
                0x00000000c0d06d64       0xbc obj/u2f_impl.o
                0x00000000c0d06d64                u2f_handle_cmd_msg
 .text.u2f_message_complete
                0x00000000c0d06e20       0x3c obj/u2f_impl.o
                0x00000000c0d06e20                u2f_message_complete
 .text.u2f_io_send
                0x00000000c0d06e5c       0x44 obj/u2f_io.o
                0x00000000c0d06e5c                u2f_io_send
 .text.u2f_transport_init
                0x00000000c0d06ea0       0x14 obj/u2f_transport.o
                0x00000000c0d06ea0                u2f_transport_init
 .text.u2f_transport_sent
                0x00000000c0d06eb4      0x114 obj/u2f_transport.o
                0x00000000c0d06eb4                u2f_transport_sent
 .text.u2f_message_repliable
                0x00000000c0d06fc8       0x26 obj/u2f_transport.o
                0x00000000c0d06fc8                u2f_message_repliable
 *fill*         0x00000000c0d06fee        0x2 00
 .text.u2f_transport_send_usb_user_presence_required
                0x00000000c0d06ff0       0x38 obj/u2f_transport.o
                0x00000000c0d06ff0                u2f_transport_send_usb_user_presence_required
 .text.u2f_transport_send_wink
                0x00000000c0d07028       0x30 obj/u2f_transport.o
                0x00000000c0d07028                u2f_transport_send_wink
 .text.u2f_transport_receive_fakeChannel
                0x00000000c0d07058       0xf4 obj/u2f_transport.o
                0x00000000c0d07058                u2f_transport_receive_fakeChannel
 .text.u2f_transport_received
                0x00000000c0d0714c      0x31c obj/u2f_transport.o
                0x00000000c0d0714c                u2f_transport_received
 .text.u2f_is_channel_broadcast
                0x00000000c0d07468       0x18 obj/u2f_transport.o
                0x00000000c0d07468                u2f_is_channel_broadcast
 .text.u2f_message_set_autoreply_wait_user_presence
                0x00000000c0d07480       0x26 obj/u2f_transport.o
                0x00000000c0d07480                u2f_message_set_autoreply_wait_user_presence
 *fill*         0x00000000c0d074a6        0x2 00
 .text.u2f_message_reply
                0x00000000c0d074a8       0x74 obj/u2f_transport.o
                0x00000000c0d074a8                u2f_message_reply
 .text.io_seproxyhal_touch_address_ok
                0x00000000c0d0751c       0x30 obj/ui_common_getPublicKey.o
                0x00000000c0d0751c                io_seproxyhal_touch_address_ok
 .text.io_seproxyhal_touch_address_cancel
                0x00000000c0d0754c       0x24 obj/ui_common_getPublicKey.o
                0x00000000c0d0754c                io_seproxyhal_touch_address_cancel
 .text.io_seproxyhal_touch_signMessage_ok
                0x00000000c0d07570       0xbc obj/ui_common_signMessage.o
                0x00000000c0d07570                io_seproxyhal_touch_signMessage_ok
 .text.io_seproxyhal_touch_signMessage_cancel
                0x00000000c0d0762c       0x24 obj/ui_common_signMessage.o
                0x00000000c0d0762c                io_seproxyhal_touch_signMessage_cancel
 .text.io_seproxyhal_touch_signMessage712_v0_ok
                0x00000000c0d07650      0x120 obj/ui_common_signMessage712.o
                0x00000000c0d07650                io_seproxyhal_touch_signMessage712_v0_ok
 .text.io_seproxyhal_touch_signMessage712_v0_cancel
                0x00000000c0d07770       0x24 obj/ui_common_signMessage712.o
                0x00000000c0d07770                io_seproxyhal_touch_signMessage712_v0_cancel
 .text.io_seproxyhal_touch_tx_ok
                0x00000000c0d07794       0xe8 obj/ui_common_signTx.o
                0x00000000c0d07794                io_seproxyhal_touch_tx_ok
 .text.io_seproxyhal_touch_tx_cancel
                0x00000000c0d0787c       0x24 obj/ui_common_signTx.o
                0x00000000c0d0787c                io_seproxyhal_touch_tx_cancel
 .text.io_seproxyhal_touch_data_ok
                0x00000000c0d078a0       0x50 obj/ui_common_signTx.o
                0x00000000c0d078a0                io_seproxyhal_touch_data_ok
 .text.io_seproxyhal_touch_data_cancel
                0x00000000c0d078f0       0x18 obj/ui_common_signTx.o
                0x00000000c0d078f0                io_seproxyhal_touch_data_cancel
 .text.io_seproxyhal_touch_stark_pubkey_ok
                0x00000000c0d07908       0x30 obj/ui_common_stark_getPublicKey.o
                0x00000000c0d07908                io_seproxyhal_touch_stark_pubkey_ok
 .text.io_seproxyhal_touch_stark_ok
                0x00000000c0d07938       0x78 obj/ui_common_stark_sign.o
                0x00000000c0d07938                io_seproxyhal_touch_stark_ok
 .text.io_seproxyhal_touch_stark_unsafe_sign_ok
                0x00000000c0d079b0       0x84 obj/ui_common_stark_unsafe_sign.o
                0x00000000c0d079b0                io_seproxyhal_touch_stark_unsafe_sign_ok
 .text.ux_idle_flow_3_step_validateinit
                0x00000000c0d07a34        0x8 obj/ui_flow.o
                0x00000000c0d07a34                ux_idle_flow_3_step_validateinit
 .text.display_settings
                0x00000000c0d07a3c       0x6c obj/ui_flow.o
                0x00000000c0d07a3c                display_settings
 .text.ux_idle_flow_4_step_validateinit
                0x00000000c0d07aa8        0xa obj/ui_flow.o
                0x00000000c0d07aa8                ux_idle_flow_4_step_validateinit
 .text.ux_settings_flow_1_step_validateinit
                0x00000000c0d07ab2        0x8 obj/ui_flow.o
                0x00000000c0d07ab2                ux_settings_flow_1_step_validateinit
 *fill*         0x00000000c0d07aba        0x2 00
 .text.switch_settings_contract_data
                0x00000000c0d07abc       0x34 obj/ui_flow.o
                0x00000000c0d07abc                switch_settings_contract_data
 .text.ux_settings_flow_2_step_validateinit
                0x00000000c0d07af0        0x8 obj/ui_flow.o
                0x00000000c0d07af0                ux_settings_flow_2_step_validateinit
 .text.switch_settings_display_data
                0x00000000c0d07af8       0x34 obj/ui_flow.o
                0x00000000c0d07af8                switch_settings_display_data
 .text.ux_settings_flow_3_step_validateinit
                0x00000000c0d07b2c        0x8 obj/ui_flow.o
                0x00000000c0d07b2c                ux_settings_flow_3_step_validateinit
 .text.ux_display_public_flow_3_step_validateinit
                0x00000000c0d07b34        0xa obj/ui_flow_getPublicKey.o
                0x00000000c0d07b34                ux_display_public_flow_3_step_validateinit
 .text.ux_display_public_flow_4_step_validateinit
                0x00000000c0d07b3e        0xa obj/ui_flow_getPublicKey.o
                0x00000000c0d07b3e                ux_display_public_flow_4_step_validateinit
 .text.ux_sign_flow_3_step_validateinit
                0x00000000c0d07b48        0xa obj/ui_flow_signMessage.o
                0x00000000c0d07b48                ux_sign_flow_3_step_validateinit
 .text.ux_sign_flow_4_step_validateinit
                0x00000000c0d07b52        0xa obj/ui_flow_signMessage.o
                0x00000000c0d07b52                ux_sign_flow_4_step_validateinit
 .text.ux_sign_712_v0_flow_2_step_init
                0x00000000c0d07b5c       0x34 obj/ui_flow_signMessage712.o
                0x00000000c0d07b5c                ux_sign_712_v0_flow_2_step_init
 .text.ux_sign_712_v0_flow_3_step_init
                0x00000000c0d07b90       0x34 obj/ui_flow_signMessage712.o
                0x00000000c0d07b90                ux_sign_712_v0_flow_3_step_init
 .text.ux_sign_712_v0_flow_4_step_validateinit
                0x00000000c0d07bc4        0xa obj/ui_flow_signMessage712.o
                0x00000000c0d07bc4                ux_sign_712_v0_flow_4_step_validateinit
 .text.ux_sign_712_v0_flow_5_step_validateinit
                0x00000000c0d07bce        0xa obj/ui_flow_signMessage712.o
                0x00000000c0d07bce                ux_sign_712_v0_flow_5_step_validateinit
 .text.ux_confirm_selector_flow_3_step_validateinit
                0x00000000c0d07bd8        0xa obj/ui_flow_signTx.o
                0x00000000c0d07bd8                ux_confirm_selector_flow_3_step_validateinit
 .text.ux_confirm_selector_flow_4_step_validateinit
                0x00000000c0d07be2        0xa obj/ui_flow_signTx.o
                0x00000000c0d07be2                ux_confirm_selector_flow_4_step_validateinit
 .text.ux_confirm_parameter_flow_3_step_validateinit
                0x00000000c0d07bec        0xa obj/ui_flow_signTx.o
                0x00000000c0d07bec                ux_confirm_parameter_flow_3_step_validateinit
 .text.ux_confirm_parameter_flow_4_step_validateinit
                0x00000000c0d07bf6        0xa obj/ui_flow_signTx.o
                0x00000000c0d07bf6                ux_confirm_parameter_flow_4_step_validateinit
 .text.ux_approval_tx_5_step_validateinit
                0x00000000c0d07c00        0xa obj/ui_flow_signTx.o
                0x00000000c0d07c00                ux_approval_tx_5_step_validateinit
 .text.ux_approval_tx_6_step_validateinit
                0x00000000c0d07c0a        0xa obj/ui_flow_signTx.o
                0x00000000c0d07c0a                ux_approval_tx_6_step_validateinit
 .text.ux_display_stark_public_flow_3_step_validateinit
                0x00000000c0d07c14        0xa obj/ui_flow_stark_getPublicKey.o
                0x00000000c0d07c14                ux_display_stark_public_flow_3_step_validateinit
 .text.ux_display_stark_public_flow_4_step_validateinit
                0x00000000c0d07c1e        0xa obj/ui_flow_stark_getPublicKey.o
                0x00000000c0d07c1e                ux_display_stark_public_flow_4_step_validateinit
 .text.ux_stark_limit_order_7_step_validateinit
                0x00000000c0d07c28        0xa obj/ui_flow_stark_sign.o
                0x00000000c0d07c28                ux_stark_limit_order_7_step_validateinit
 .text.ux_stark_limit_order_8_step_validateinit
                0x00000000c0d07c32        0xa obj/ui_flow_stark_sign.o
                0x00000000c0d07c32                ux_stark_limit_order_8_step_validateinit
 .text.ux_stark_transfer_6_step_validateinit
                0x00000000c0d07c3c        0xa obj/ui_flow_stark_sign.o
                0x00000000c0d07c3c                ux_stark_transfer_6_step_validateinit
 .text.ux_stark_transfer_7_step_validateinit
                0x00000000c0d07c46        0xa obj/ui_flow_stark_sign.o
                0x00000000c0d07c46                ux_stark_transfer_7_step_validateinit
 .text.ux_stark_conditional_transfer_4_step_init
                0x00000000c0d07c50       0x34 obj/ui_flow_stark_sign.o
                0x00000000c0d07c50                ux_stark_conditional_transfer_4_step_init
 .text.ux_stark_conditional_transfer_8_step_init
                0x00000000c0d07c84       0x3c obj/ui_flow_stark_sign.o
                0x00000000c0d07c84                ux_stark_conditional_transfer_8_step_init
 .text.ux_stark_conditional_transfer_9_step_init
                0x00000000c0d07cc0       0x34 obj/ui_flow_stark_sign.o
                0x00000000c0d07cc0                ux_stark_conditional_transfer_9_step_init
 .text.ux_stark_unsafe_sign_2_step_init
                0x00000000c0d07cf4       0x30 obj/ui_flow_stark_unsafe_sign.o
                0x00000000c0d07cf4                ux_stark_unsafe_sign_2_step_init
 .text.ux_stark_unsafe_sign_3_step_init
                0x00000000c0d07d24       0x34 obj/ui_flow_stark_unsafe_sign.o
                0x00000000c0d07d24                ux_stark_unsafe_sign_3_step_init
 .text.ux_stark_unsafe_sign_4_step_validateinit
                0x00000000c0d07d58        0xa obj/ui_flow_stark_unsafe_sign.o
                0x00000000c0d07d58                ux_stark_unsafe_sign_4_step_validateinit
 .text.ux_stark_unsafe_sign_5_step_validateinit
                0x00000000c0d07d62        0xa obj/ui_flow_stark_unsafe_sign.o
                0x00000000c0d07d62                ux_stark_unsafe_sign_5_step_validateinit
 .text.readUint64BE
                0x00000000c0d07d6c       0x2c obj/uint256.o
 .text.readu256BE
                0x00000000c0d07d98       0x34 obj/uint256.o
                0x00000000c0d07d98                readu256BE
 .text.shiftl128
                0x00000000c0d07dcc       0x90 obj/uint256.o
                0x00000000c0d07dcc                shiftl128
 .text.shiftl256
                0x00000000c0d07e5c      0x10e obj/uint256.o
                0x00000000c0d07e5c                shiftl256
 .text.shiftr128
                0x00000000c0d07f6a       0x96 obj/uint256.o
                0x00000000c0d07f6a                shiftr128
 .text.shiftr256
                0x00000000c0d08000      0x100 obj/uint256.o
                0x00000000c0d08000                shiftr256
 .text.bits256  0x00000000c0d08100       0x84 obj/uint256.o
                0x00000000c0d08100                bits256
 .text.gt256    0x00000000c0d08184       0x60 obj/uint256.o
                0x00000000c0d08184                gt256
 .text.gte256   0x00000000c0d081e4       0x5e obj/uint256.o
                0x00000000c0d081e4                gte256
 .text.minus256
                0x00000000c0d08242      0x178 obj/uint256.o
                0x00000000c0d08242                minus256
 .text.write_u64_be
                0x00000000c0d083ba       0x1e obj/uint256.o
                0x00000000c0d083ba                write_u64_be
 .text.mul256   0x00000000c0d083d8       0xb4 obj/uint256.o
                0x00000000c0d083d8                mul256
 .text.divmod256
                0x00000000c0d0848c      0x27a obj/uint256.o
                0x00000000c0d0848c                divmod256
 *fill*         0x00000000c0d08706        0x2 00
 .text.tostring256
                0x00000000c0d08708       0xdc obj/uint256.o
                0x00000000c0d08708                tostring256
 .text.USBD_LL_Init
                0x00000000c0d087e4       0x14 obj/usbd_conf.o
                0x00000000c0d087e4                USBD_LL_Init
 .text.USBD_LL_DeInit
                0x00000000c0d087f8       0x24 obj/usbd_conf.o
                0x00000000c0d087f8                USBD_LL_DeInit
 .text.USBD_LL_Start
                0x00000000c0d0881c       0x38 obj/usbd_conf.o
                0x00000000c0d0881c                USBD_LL_Start
 .text.USBD_LL_Stop
                0x00000000c0d08854       0x22 obj/usbd_conf.o
                0x00000000c0d08854                USBD_LL_Stop
 *fill*         0x00000000c0d08876        0x2 00
 .text.USBD_LL_OpenEP
                0x00000000c0d08878       0x60 obj/usbd_conf.o
                0x00000000c0d08878                USBD_LL_OpenEP
 .text.USBD_LL_CloseEP
                0x00000000c0d088d8       0x2c obj/usbd_conf.o
                0x00000000c0d088d8                USBD_LL_CloseEP
 .text.USBD_LL_StallEP
                0x00000000c0d08904       0x48 obj/usbd_conf.o
                0x00000000c0d08904                USBD_LL_StallEP
 .text.USBD_LL_ClearStallEP
                0x00000000c0d0894c       0x48 obj/usbd_conf.o
                0x00000000c0d0894c                USBD_LL_ClearStallEP
 .text.USBD_LL_IsStallEP
                0x00000000c0d08994       0x20 obj/usbd_conf.o
                0x00000000c0d08994                USBD_LL_IsStallEP
 .text.USBD_LL_SetUSBAddress
                0x00000000c0d089b4       0x24 obj/usbd_conf.o
                0x00000000c0d089b4                USBD_LL_SetUSBAddress
 .text.USBD_LL_Transmit
                0x00000000c0d089d8       0x32 obj/usbd_conf.o
                0x00000000c0d089d8                USBD_LL_Transmit
 .text.USBD_LL_PrepareReceive
                0x00000000c0d08a0a       0x26 obj/usbd_conf.o
                0x00000000c0d08a0a                USBD_LL_PrepareReceive
 .text.USBD_Init
                0x00000000c0d08a30       0x30 obj/usbd_core.o
                0x00000000c0d08a30                USBD_Init
 .text.USBD_DeInit
                0x00000000c0d08a60       0x36 obj/usbd_core.o
                0x00000000c0d08a60                USBD_DeInit
 .text.USBD_RegisterClassForInterface
                0x00000000c0d08a96       0x1a obj/usbd_core.o
                0x00000000c0d08a96                USBD_RegisterClassForInterface
 .text.USBD_Start
                0x00000000c0d08ab0        0xa obj/usbd_core.o
                0x00000000c0d08ab0                USBD_Start
 .text.USBD_SetClassConfig
                0x00000000c0d08aba       0x36 obj/usbd_core.o
                0x00000000c0d08aba                USBD_SetClassConfig
 .text.USBD_ClrClassConfig
                0x00000000c0d08af0       0x36 obj/usbd_core.o
                0x00000000c0d08af0                USBD_ClrClassConfig
 .text.USBD_LL_SetupStage
                0x00000000c0d08b26       0x5c obj/usbd_core.o
                0x00000000c0d08b26                USBD_LL_SetupStage
 .text.USBD_LL_DataOutStage
                0x00000000c0d08b82       0xae obj/usbd_core.o
                0x00000000c0d08b82                USBD_LL_DataOutStage
 .text.USBD_LL_DataInStage
                0x00000000c0d08c30       0xe4 obj/usbd_core.o
                0x00000000c0d08c30                USBD_LL_DataInStage
 .text.USBD_LL_Reset
                0x00000000c0d08d14       0x3c obj/usbd_core.o
                0x00000000c0d08d14                USBD_LL_Reset
 .text.USBD_LL_SetSpeed
                0x00000000c0d08d50        0x6 obj/usbd_core.o
                0x00000000c0d08d50                USBD_LL_SetSpeed
 .text.USBD_LL_Suspend
                0x00000000c0d08d56        0x4 obj/usbd_core.o
                0x00000000c0d08d56                USBD_LL_Suspend
 .text.USBD_LL_Resume
                0x00000000c0d08d5a        0x4 obj/usbd_core.o
                0x00000000c0d08d5a                USBD_LL_Resume
 .text.USBD_LL_SOF
                0x00000000c0d08d5e       0x3a obj/usbd_core.o
                0x00000000c0d08d5e                USBD_LL_SOF
 .text.usbd_is_valid_intf
                0x00000000c0d08d98       0x18 obj/usbd_ctlreq.o
                0x00000000c0d08d98                usbd_is_valid_intf
 .text.USBD_StdDevReq
                0x00000000c0d08db0       0x5a obj/usbd_ctlreq.o
                0x00000000c0d08db0                USBD_StdDevReq
 .text.USBD_GetDescriptor
                0x00000000c0d08e0a      0x10c obj/usbd_ctlreq.o
                0x00000000c0d08e0a                USBD_GetDescriptor
 .text.USBD_SetAddress
                0x00000000c0d08f16       0x4c obj/usbd_ctlreq.o
                0x00000000c0d08f16                USBD_SetAddress
 .text.USBD_SetConfig
                0x00000000c0d08f62       0x70 obj/usbd_ctlreq.o
                0x00000000c0d08f62                USBD_SetConfig
 .text.USBD_GetConfig
                0x00000000c0d08fd2       0x2e obj/usbd_ctlreq.o
                0x00000000c0d08fd2                USBD_GetConfig
 .text.USBD_GetStatus
                0x00000000c0d09000       0x46 obj/usbd_ctlreq.o
                0x00000000c0d09000                USBD_GetStatus
 .text.USBD_SetFeature
                0x00000000c0d09046       0x3a obj/usbd_ctlreq.o
                0x00000000c0d09046                USBD_SetFeature
 .text.USBD_ClrFeature
                0x00000000c0d09080       0x50 obj/usbd_ctlreq.o
                0x00000000c0d09080                USBD_ClrFeature
 .text.USBD_StdItfReq
                0x00000000c0d090d0       0x48 obj/usbd_ctlreq.o
                0x00000000c0d090d0                USBD_StdItfReq
 .text.USBD_StdEPReq
                0x00000000c0d09118      0x104 obj/usbd_ctlreq.o
                0x00000000c0d09118                USBD_StdEPReq
 .text.USBD_ParseSetupRequest
                0x00000000c0d0921c       0x28 obj/usbd_ctlreq.o
                0x00000000c0d0921c                USBD_ParseSetupRequest
 .text.USBD_CtlStall
                0x00000000c0d09244       0x14 obj/usbd_ctlreq.o
                0x00000000c0d09244                USBD_CtlStall
 .text.USBD_HID_Setup
                0x00000000c0d09258       0x96 obj/usbd_hid.o
                0x00000000c0d09258                USBD_HID_Setup
 .text.USBD_HID_Init
                0x00000000c0d092ee       0x32 obj/usbd_hid.o
                0x00000000c0d092ee                USBD_HID_Init
 .text.USBD_HID_DeInit
                0x00000000c0d09320       0x16 obj/usbd_hid.o
                0x00000000c0d09320                USBD_HID_DeInit
 *fill*         0x00000000c0d09336        0x2 00
 .text.USBD_HID_GetHidDescriptor_impl
                0x00000000c0d09338       0x34 obj/usbd_impl.o
                0x00000000c0d09338                USBD_HID_GetHidDescriptor_impl
 .text.USBD_HID_GetReportDescriptor_impl
                0x00000000c0d0936c       0x64 obj/usbd_impl.o
                0x00000000c0d0936c                USBD_HID_GetReportDescriptor_impl
 .text.USBD_U2F_Init
                0x00000000c0d093d0       0x32 obj/usbd_impl.o
                0x00000000c0d093d0                USBD_U2F_Init
 *fill*         0x00000000c0d09402        0x2 00
 .text.USBD_U2F_DataIn_impl
                0x00000000c0d09404       0x18 obj/usbd_impl.o
                0x00000000c0d09404                USBD_U2F_DataIn_impl
 .text.USBD_U2F_DataOut_impl
                0x00000000c0d0941c       0x2c obj/usbd_impl.o
                0x00000000c0d0941c                USBD_U2F_DataOut_impl
 .text.USBD_HID_DataIn_impl
                0x00000000c0d09448       0x18 obj/usbd_impl.o
                0x00000000c0d09448                USBD_HID_DataIn_impl
 .text.USBD_HID_DataOut_impl
                0x00000000c0d09460       0x4c obj/usbd_impl.o
                0x00000000c0d09460                USBD_HID_DataOut_impl
 .text.USBD_WEBUSB_Init
                0x00000000c0d094ac       0x2c obj/usbd_impl.o
                0x00000000c0d094ac                USBD_WEBUSB_Init
 .text.USBD_WEBUSB_DeInit
                0x00000000c0d094d8        0x4 obj/usbd_impl.o
                0x00000000c0d094d8                USBD_WEBUSB_DeInit
 .text.USBD_WEBUSB_Setup
                0x00000000c0d094dc        0x4 obj/usbd_impl.o
                0x00000000c0d094dc                USBD_WEBUSB_Setup
 .text.USBD_WEBUSB_DataIn
                0x00000000c0d094e0       0x18 obj/usbd_impl.o
                0x00000000c0d094e0                USBD_WEBUSB_DataIn
 .text.USBD_WEBUSB_DataOut
                0x00000000c0d094f8       0x4c obj/usbd_impl.o
                0x00000000c0d094f8                USBD_WEBUSB_DataOut
 .text.USBD_DeviceDescriptor
                0x00000000c0d09544       0x10 obj/usbd_impl.o
 .text.USBD_LangIDStrDescriptor
                0x00000000c0d09554       0x10 obj/usbd_impl.o
 .text.USBD_ManufacturerStrDescriptor
                0x00000000c0d09564       0x10 obj/usbd_impl.o
 .text.USBD_ProductStrDescriptor
                0x00000000c0d09574       0x10 obj/usbd_impl.o
 .text.USBD_SerialStrDescriptor
                0x00000000c0d09584       0x10 obj/usbd_impl.o
 .text.USBD_ConfigStrDescriptor
                0x00000000c0d09594       0x10 obj/usbd_impl.o
 .text.USBD_InterfaceStrDescriptor
                0x00000000c0d095a4       0x10 obj/usbd_impl.o
 .text.USBD_BOSDescriptor
                0x00000000c0d095b4       0x10 obj/usbd_impl.o
 .text.USBD_CtlError
                0x00000000c0d095c4       0x90 obj/usbd_impl.o
                0x00000000c0d095c4                USBD_CtlError
 .text.USB_power
                0x00000000c0d09654       0xb4 obj/usbd_impl.o
                0x00000000c0d09654                USB_power
 .text.USBD_GetCfgDesc_impl
                0x00000000c0d09708       0x10 obj/usbd_impl.o
 .text.USBD_GetDeviceQualifierDesc_impl
                0x00000000c0d09718       0x10 obj/usbd_impl.o
 .text.USBD_CtlSendData
                0x00000000c0d09728       0x2a obj/usbd_ioreq.o
                0x00000000c0d09728                USBD_CtlSendData
 .text.USBD_CtlContinueSendData
                0x00000000c0d09752       0x1c obj/usbd_ioreq.o
                0x00000000c0d09752                USBD_CtlContinueSendData
 .text.USBD_CtlContinueRx
                0x00000000c0d0976e        0xe obj/usbd_ioreq.o
                0x00000000c0d0976e                USBD_CtlContinueRx
 .text.USBD_CtlSendStatus
                0x00000000c0d0977c       0x18 obj/usbd_ioreq.o
                0x00000000c0d0977c                USBD_CtlSendStatus
 .text.USBD_CtlReceiveStatus
                0x00000000c0d09794       0x16 obj/usbd_ioreq.o
                0x00000000c0d09794                USBD_CtlReceiveStatus
 *fill*         0x00000000c0d097aa        0x2 00
 .text.array_hexstr
                0x00000000c0d097ac       0x30 obj/utils.o
                0x00000000c0d097ac                array_hexstr
 .text.convertUint256BE
                0x00000000c0d097dc       0x2c obj/utils.o
                0x00000000c0d097dc                convertUint256BE
 .text.getV     0x00000000c0d09808       0x8c obj/utils.o
                0x00000000c0d09808                getV
 .text.amountToString
                0x00000000c0d09894       0x88 obj/utils.o
                0x00000000c0d09894                amountToString
 .text.parse_swap_config
                0x00000000c0d0991c       0x48 obj/utils.o
                0x00000000c0d0991c                parse_swap_config
 .text.ux_flow_is_first
                0x00000000c0d09964       0x50 obj/ux_flow_engine.o
                0x00000000c0d09964                ux_flow_is_first
 .text.ux_flow_is_last
                0x00000000c0d099b4       0x40 obj/ux_flow_engine.o
                0x00000000c0d099b4                ux_flow_is_last
 .text.ux_flow_direction
                0x00000000c0d099f4       0x2c obj/ux_flow_engine.o
                0x00000000c0d099f4                ux_flow_direction
 .text.ux_flow_next_internal
                0x00000000c0d09a20       0x60 obj/ux_flow_engine.o
 .text.ux_flow_next
                0x00000000c0d09a80        0xa obj/ux_flow_engine.o
                0x00000000c0d09a80                ux_flow_next
 *fill*         0x00000000c0d09a8a        0x2 00
 .text.ux_flow_prev
                0x00000000c0d09a8c       0x64 obj/ux_flow_engine.o
                0x00000000c0d09a8c                ux_flow_prev
 .text.ux_flow_engine_init_step
                0x00000000c0d09af0       0x78 obj/ux_flow_engine.o
 .text.ux_flow_validate
                0x00000000c0d09b68       0xb0 obj/ux_flow_engine.o
                0x00000000c0d09b68                ux_flow_validate
 .text.ux_flow_init
                0x00000000c0d09c18       0x9c obj/ux_flow_engine.o
                0x00000000c0d09c18                ux_flow_init
 .text.ux_flow_button_callback
                0x00000000c0d09cb4       0x38 obj/ux_flow_engine.o
                0x00000000c0d09cb4                ux_flow_button_callback
 .text.ux_stack_get_step_params
                0x00000000c0d09cec       0x30 obj/ux_flow_engine.o
                0x00000000c0d09cec                ux_stack_get_step_params
 .text.ux_stack_get_current_step_params
                0x00000000c0d09d1c       0x14 obj/ux_flow_engine.o
                0x00000000c0d09d1c                ux_stack_get_current_step_params
 .text.ux_layout_bb_init_common
                0x00000000c0d09d30       0x3c obj/ux_layout_bb.o
                0x00000000c0d09d30                ux_layout_bb_init_common
 .text.ux_layout_bn_prepro
                0x00000000c0d09d6c       0x24 obj/ux_layout_bn.o
                0x00000000c0d09d6c                ux_layout_bn_prepro
 .text.ux_layout_bn_init
                0x00000000c0d09d90       0x28 obj/ux_layout_bn.o
                0x00000000c0d09d90                ux_layout_bn_init
 .text.ux_layout_nn_prepro
                0x00000000c0d09db8       0x24 obj/ux_layout_nn.o
                0x00000000c0d09db8                ux_layout_nn_prepro
 .text.ux_layout_nn_init
                0x00000000c0d09ddc       0x28 obj/ux_layout_nn.o
                0x00000000c0d09ddc                ux_layout_nn_init
 .text.ux_layout_paging_compute
                0x00000000c0d09e04      0x124 obj/ux_layout_paging.o
                0x00000000c0d09e04                ux_layout_paging_compute
 .text.ux_layout_paging_redisplay
                0x00000000c0d09f28       0x3c obj/ux_layout_paging.o
                0x00000000c0d09f28                ux_layout_paging_redisplay
 .text.ux_layout_paging_prepro
                0x00000000c0d09f64      0x100 obj/ux_layout_paging.o
 .text.ux_layout_paging_button_callback
                0x00000000c0d0a064       0x70 obj/ux_layout_paging.o
 .text.ux_layout_paging_init
                0x00000000c0d0a0d4       0x88 obj/ux_layout_paging.o
                0x00000000c0d0a0d4                ux_layout_paging_init
 .text.ux_layout_pb_prepro
                0x00000000c0d0a15c       0x58 obj/ux_layout_pb.o
                0x00000000c0d0a15c                ux_layout_pb_prepro
 .text.ux_layout_pb_init
                0x00000000c0d0a1b4       0x4c obj/ux_layout_pb.o
                0x00000000c0d0a1b4                ux_layout_pb_init
 .text.ux_layout_pbb_prepro
                0x00000000c0d0a200       0x68 obj/ux_layout_pbb.o
                0x00000000c0d0a200                ux_layout_pbb_prepro
 .text.ux_layout_pbb_init_common
                0x00000000c0d0a268       0x3c obj/ux_layout_pbb.o
                0x00000000c0d0a268                ux_layout_pbb_init_common
 .text.ux_layout_pbb_init
                0x00000000c0d0a2a4       0x4c obj/ux_layout_pbb.o
                0x00000000c0d0a2a4                ux_layout_pbb_init
 .text.ux_layout_pnn_prepro
                0x00000000c0d0a2f0       0x20 obj/ux_layout_pnn.o
                0x00000000c0d0a2f0                ux_layout_pnn_prepro
 .text.ux_layout_pnn_init
                0x00000000c0d0a310       0x28 obj/ux_layout_pnn.o
                0x00000000c0d0a310                ux_layout_pnn_init
 .text.ux_layout_strings_prepro
                0x00000000c0d0a338       0x58 obj/ux_layout_utils.o
                0x00000000c0d0a338                ux_layout_strings_prepro
 .text.ux_stack_push
                0x00000000c0d0a390       0x38 obj/ux_stack.o
                0x00000000c0d0a390                ux_stack_push
 .text.ux_stack_pop
                0x00000000c0d0a3c8       0x5c obj/ux_stack.o
                0x00000000c0d0a3c8                ux_stack_pop
 .text.ux_stack_display
                0x00000000c0d0a424       0x4c obj/ux_stack.o
                0x00000000c0d0a424                ux_stack_display
 .text.ux_stack_init
                0x00000000c0d0a470       0x28 obj/ux_stack.o
                0x00000000c0d0a470                ux_stack_init
 .text.ux_stack_al_display_next_element
                0x00000000c0d0a498       0x8c obj/ux_stack.o
                0x00000000c0d0a498                ux_stack_al_display_next_element
 .text          0x00000000c0d0a524      0x114 /home/jingxu/workspace/ledgerApp/gcc-arm-none-eabi-10-2020-q4-major-x86_64-linux/gcc-arm-none-eabi-10-2020-q4-major/bin/../lib/gcc/arm-none-eabi/10.2.1/thumb/v6-m/nofp/libgcc.a(_udivsi3.o)
                0x00000000c0d0a524                __udivsi3
                0x00000000c0d0a524                __aeabi_uidiv
                0x00000000c0d0a630                __aeabi_uidivmod
 .text          0x00000000c0d0a638        0x4 /home/jingxu/workspace/ledgerApp/gcc-arm-none-eabi-10-2020-q4-major-x86_64-linux/gcc-arm-none-eabi-10-2020-q4-major/bin/../lib/gcc/arm-none-eabi/10.2.1/thumb/v6-m/nofp/libgcc.a(_dvmd_tls.o)
                0x00000000c0d0a638                __aeabi_ldiv0
                0x00000000c0d0a638                __aeabi_idiv0
 .text          0x00000000c0d0a63c       0x18 /home/jingxu/workspace/ledgerApp/gcc-arm-none-eabi-10-2020-q4-major-x86_64-linux/gcc-arm-none-eabi-10-2020-q4-major/bin/../lib/gcc/arm-none-eabi/10.2.1/thumb/v6-m/nofp/libgcc.a(_lshrdi3.o)
                0x00000000c0d0a63c                __aeabi_llsr
                0x00000000c0d0a63c                __lshrdi3
 .text          0x00000000c0d0a654       0x18 /home/jingxu/workspace/ledgerApp/gcc-arm-none-eabi-10-2020-q4-major-x86_64-linux/gcc-arm-none-eabi-10-2020-q4-major/bin/../lib/gcc/arm-none-eabi/10.2.1/thumb/v6-m/nofp/libgcc.a(_ashldi3.o)
                0x00000000c0d0a654                __ashldi3
                0x00000000c0d0a654                __aeabi_llsl
 .text.__aeabi_memclr
                0x00000000c0d0a66c        0xc /home/jingxu/workspace/ledgerApp/gcc-arm-none-eabi-10-2020-q4-major-x86_64-linux/gcc-arm-none-eabi-10-2020-q4-major/bin/../lib/gcc/arm-none-eabi/10.2.1/../../../../arm-none-eabi/lib/thumb/v6-m/nofp/libc.a(lib_a-aeabi_memclr.o)
                0x00000000c0d0a66c                __aeabi_memclr8
                0x00000000c0d0a66c                __aeabi_memclr
                0x00000000c0d0a66c                __aeabi_memclr4
 .text.__aeabi_memcpy
                0x00000000c0d0a678        0x8 /home/jingxu/workspace/ledgerApp/gcc-arm-none-eabi-10-2020-q4-major-x86_64-linux/gcc-arm-none-eabi-10-2020-q4-major/bin/../lib/gcc/arm-none-eabi/10.2.1/../../../../arm-none-eabi/lib/thumb/v6-m/nofp/libc.a(lib_a-aeabi_memcpy.o)
                0x00000000c0d0a678                __aeabi_memcpy
                0x00000000c0d0a678                __aeabi_memcpy4
                0x00000000c0d0a678                __aeabi_memcpy8
 .text.__aeabi_memmove
                0x00000000c0d0a680        0x8 /home/jingxu/workspace/ledgerApp/gcc-arm-none-eabi-10-2020-q4-major-x86_64-linux/gcc-arm-none-eabi-10-2020-q4-major/bin/../lib/gcc/arm-none-eabi/10.2.1/../../../../arm-none-eabi/lib/thumb/v6-m/nofp/libc.a(lib_a-aeabi_memmove.o)
                0x00000000c0d0a680                __aeabi_memmove8
                0x00000000c0d0a680                __aeabi_memmove
                0x00000000c0d0a680                __aeabi_memmove4
 .text.__aeabi_memset
                0x00000000c0d0a688       0x10 /home/jingxu/workspace/ledgerApp/gcc-arm-none-eabi-10-2020-q4-major-x86_64-linux/gcc-arm-none-eabi-10-2020-q4-major/bin/../lib/gcc/arm-none-eabi/10.2.1/../../../../arm-none-eabi/lib/thumb/v6-m/nofp/libc.a(lib_a-aeabi_memset.o)
                0x00000000c0d0a688                __aeabi_memset
                0x00000000c0d0a688                __aeabi_memset8
                0x00000000c0d0a688                __aeabi_memset4
 .text.explicit_bzero
                0x00000000c0d0a698        0x8 /home/jingxu/workspace/ledgerApp/gcc-arm-none-eabi-10-2020-q4-major-x86_64-linux/gcc-arm-none-eabi-10-2020-q4-major/bin/../lib/gcc/arm-none-eabi/10.2.1/../../../../arm-none-eabi/lib/thumb/v6-m/nofp/libc.a(lib_a-explicit_bzero.o)
                0x00000000c0d0a698                explicit_bzero
 .text.memcmp   0x00000000c0d0a6a0       0x48 /home/jingxu/workspace/ledgerApp/gcc-arm-none-eabi-10-2020-q4-major-x86_64-linux/gcc-arm-none-eabi-10-2020-q4-major/bin/../lib/gcc/arm-none-eabi/10.2.1/../../../../arm-none-eabi/lib/thumb/v6-m/nofp/libc.a(lib_a-memcmp.o)
                0x00000000c0d0a6a0                memcmp
 .text.memcpy   0x00000000c0d0a6e8       0xa4 /home/jingxu/workspace/ledgerApp/gcc-arm-none-eabi-10-2020-q4-major-x86_64-linux/gcc-arm-none-eabi-10-2020-q4-major/bin/../lib/gcc/arm-none-eabi/10.2.1/../../../../arm-none-eabi/lib/thumb/v6-m/nofp/libc.a(lib_a-memcpy-stub.o)
                0x00000000c0d0a6e8                memcpy
 .text.memmove  0x00000000c0d0a78c       0xac /home/jingxu/workspace/ledgerApp/gcc-arm-none-eabi-10-2020-q4-major-x86_64-linux/gcc-arm-none-eabi-10-2020-q4-major/bin/../lib/gcc/arm-none-eabi/10.2.1/../../../../arm-none-eabi/lib/thumb/v6-m/nofp/libc.a(lib_a-memmove.o)
                0x00000000c0d0a78c                memmove
 .text.memset   0x00000000c0d0a838       0xa8 /home/jingxu/workspace/ledgerApp/gcc-arm-none-eabi-10-2020-q4-major-x86_64-linux/gcc-arm-none-eabi-10-2020-q4-major/bin/../lib/gcc/arm-none-eabi/10.2.1/../../../../arm-none-eabi/lib/thumb/v6-m/nofp/libc.a(lib_a-memset.o)
                0x00000000c0d0a838                memset
 .text          0x00000000c0d0a8e0       0x34 /home/jingxu/workspace/ledgerApp/gcc-arm-none-eabi-10-2020-q4-major-x86_64-linux/gcc-arm-none-eabi-10-2020-q4-major/bin/../lib/gcc/arm-none-eabi/10.2.1/../../../../arm-none-eabi/lib/thumb/v6-m/nofp/libc.a(lib_a-setjmp.o)
                0x00000000c0d0a8e0                setjmp
                0x00000000c0d0a8f8                longjmp
 .text.strcat   0x00000000c0d0a914       0x4c /home/jingxu/workspace/ledgerApp/gcc-arm-none-eabi-10-2020-q4-major-x86_64-linux/gcc-arm-none-eabi-10-2020-q4-major/bin/../lib/gcc/arm-none-eabi/10.2.1/../../../../arm-none-eabi/lib/thumb/v6-m/nofp/libc.a(lib_a-strcat.o)
                0x00000000c0d0a914                strcat
 .text          0x00000000c0d0a960       0x88 /home/jingxu/workspace/ledgerApp/gcc-arm-none-eabi-10-2020-q4-major-x86_64-linux/gcc-arm-none-eabi-10-2020-q4-major/bin/../lib/gcc/arm-none-eabi/10.2.1/../../../../arm-none-eabi/lib/thumb/v6-m/nofp/libc.a(lib_a-strcmp.o)
                0x00000000c0d0a960                strcmp
 .text.strcpy   0x00000000c0d0a9e8       0x10 /home/jingxu/workspace/ledgerApp/gcc-arm-none-eabi-10-2020-q4-major-x86_64-linux/gcc-arm-none-eabi-10-2020-q4-major/bin/../lib/gcc/arm-none-eabi/10.2.1/../../../../arm-none-eabi/lib/thumb/v6-m/nofp/libc.a(lib_a-strcpy.o)
                0x00000000c0d0a9e8                strcpy
 .text.strlen   0x00000000c0d0a9f8       0x5c /home/jingxu/workspace/ledgerApp/gcc-arm-none-eabi-10-2020-q4-major-x86_64-linux/gcc-arm-none-eabi-10-2020-q4-major/bin/../lib/gcc/arm-none-eabi/10.2.1/../../../../arm-none-eabi/lib/thumb/v6-m/nofp/libc.a(lib_a-strlen-stub.o)
                0x00000000c0d0a9f8                strlen
 .text.strncmp  0x00000000c0d0aa54       0x74 /home/jingxu/workspace/ledgerApp/gcc-arm-none-eabi-10-2020-q4-major-x86_64-linux/gcc-arm-none-eabi-10-2020-q4-major/bin/../lib/gcc/arm-none-eabi/10.2.1/../../../../arm-none-eabi/lib/thumb/v6-m/nofp/libc.a(lib_a-strncmp.o)
                0x00000000c0d0aa54                strncmp
 .text.strncpy  0x00000000c0d0aac8       0x6c /home/jingxu/workspace/ledgerApp/gcc-arm-none-eabi-10-2020-q4-major-x86_64-linux/gcc-arm-none-eabi-10-2020-q4-major/bin/../lib/gcc/arm-none-eabi/10.2.1/../../../../arm-none-eabi/lib/thumb/v6-m/nofp/libc.a(lib_a-strncpy.o)
                0x00000000c0d0aac8                strncpy
 .text.strnlen  0x00000000c0d0ab34       0x24 /home/jingxu/workspace/ledgerApp/gcc-arm-none-eabi-10-2020-q4-major-x86_64-linux/gcc-arm-none-eabi-10-2020-q4-major/bin/../lib/gcc/arm-none-eabi/10.2.1/../../../../arm-none-eabi/lib/thumb/v6-m/nofp/libc.a(lib_a-strnlen.o)
                0x00000000c0d0ab34                strnlen
 .text.bzero    0x00000000c0d0ab58        0xc /home/jingxu/workspace/ledgerApp/gcc-arm-none-eabi-10-2020-q4-major-x86_64-linux/gcc-arm-none-eabi-10-2020-q4-major/bin/../lib/gcc/arm-none-eabi/10.2.1/../../../../arm-none-eabi/lib/thumb/v6-m/nofp/libc.a(lib_a-bzero.o)
                0x00000000c0d0ab58                bzero
 *(.rodata)
 *(.rodata.[^N]*)
 .rodata.str1.1
                0x00000000c0d0ab64       0x41 obj/base64.o
 .rodata.str1.1
                0x00000000c0d0aba5       0x16 obj/checks.o
 *fill*         0x00000000c0d0abbb        0x1 00
 .rodata.ui_audited_elements
                0x00000000c0d0abbc       0x60 obj/checks.o
                0x00000000c0d0abbc                ui_audited_elements
 .rodata.str1.1
                0x00000000c0d0ac1c       0x15 obj/cmd_getPublicKey.o
 .rodata.str1.1
                0x00000000c0d0ac31       0x54 obj/cmd_provideTokenInfo.o
 .rodata.TOKEN_SIGNATURE_PUBLIC_KEY
                0x00000000c0d0ac85       0x41 obj/cmd_provideTokenInfo.o
 .rodata.str1.1
                0x00000000c0d0acc6       0x29 obj/cmd_signMessage.o
                                         0x3c (size before relaxing)
 .rodata.SIGN_MAGIC
                0x00000000c0d0acef       0x1b obj/cmd_signMessage.o
 .rodata.str1.1
                0x00000000c0d0ad0a       0x1c obj/cmd_signMessage712.o
 .rodata.str1.1
                0x00000000c0d0ad0a       0x46 obj/cmd_signTx.o
                                         0x7d (size before relaxing)
 .rodata.str1.1
                0x00000000c0d0ad50        0x7 obj/cmd_stark_getPublicKey.o
                                         0x15 (size before relaxing)
 .rodata.str1.1
                0x00000000c0d0ad57       0x1c obj/cmd_stark_provideQuantum.o
 .rodata.str1.1
                0x00000000c0d0ad73      0x132 obj/cmd_stark_sign.o
                                        0x14a (size before relaxing)
 .rodata.str1.1
                0x00000000c0d0aea5       0x22 obj/cmd_stark_unsafe_sign.o
 .rodata.UNDERLYING_ASSET_DECIMALS
                0x00000000c0d0aea5       0x75 obj/compound_plugin.o
                0x00000000c0d0aea5                UNDERLYING_ASSET_DECIMALS
 .rodata.str1.1
                0x00000000c0d0af1a      0x145 obj/compound_plugin.o
 .rodata.cst4   0x00000000c0d0b05f        0x4 obj/compound_plugin.o
 *fill*         0x00000000c0d0b063        0x1 00
 .rodata.str1.4
                0x00000000c0d0b064        0xa obj/compound_plugin.o
                                         0x16 (size before relaxing)
 .rodata.COMPOUND_BINDINGS
                0x00000000c0d0b06e       0xd8 obj/erc20_plugin.o
                0x00000000c0d0b06e                COMPOUND_BINDINGS
 .rodata.str1.1
                0x00000000c0d0b146       0x9e obj/erc20_plugin.o
                                         0xf3 (size before relaxing)
 .rodata.str1.4
                0x00000000c0d0b1e4        0xb obj/erc20_plugin.o
                                         0x22 (size before relaxing)
 .rodata.str1.1
                0x00000000c0d0b1ef      0x103 obj/erc721_plugin.o
                                        0x135 (size before relaxing)
 *fill*         0x00000000c0d0b2f2        0x2 00
 .rodata.str1.4
                0x00000000c0d0b2f4       0x29 obj/erc721_plugin.o
 .rodata.str1.1
                0x00000000c0d0b31d      0x2d2 obj/ethUstream.o
 .rodata.str1.1
                0x00000000c0d0b5ef       0x50 obj/ethUtils.o
 .rodata.str1.1
                0x00000000c0d0b63f       0xfc obj/eth_plugin_handler.o
 .rodata.ERC20_TRANSFER_SELECTOR
                0x00000000c0d0b73b        0x4 obj/eth_plugin_internal.o
 .rodata.ERC20_APPROVE_SELECTOR
                0x00000000c0d0b73f        0x4 obj/eth_plugin_internal.o
 *fill*         0x00000000c0d0b743        0x1 00
 .rodata.ERC20_SELECTORS
                0x00000000c0d0b744        0x8 obj/eth_plugin_internal.o
                0x00000000c0d0b744                ERC20_SELECTORS
 .rodata.ERC721_APPROVE_SELECTOR
                0x00000000c0d0b74c        0x4 obj/eth_plugin_internal.o
 .rodata.ERC721_SELECTORS
                0x00000000c0d0b750        0x4 obj/eth_plugin_internal.o
                0x00000000c0d0b750                ERC721_SELECTORS
 .rodata.COMPOUND_REDEEM_UNDERLYING_SELECTOR
                0x00000000c0d0b754        0x4 obj/eth_plugin_internal.o
 .rodata.COMPOUND_REDEEM_SELECTOR
                0x00000000c0d0b758        0x4 obj/eth_plugin_internal.o
 .rodata.COMPOUND_MINT_SELECTOR
                0x00000000c0d0b75c        0x4 obj/eth_plugin_internal.o
 .rodata.CETH_MINT_SELECTOR
                0x00000000c0d0b760        0x4 obj/eth_plugin_internal.o
 .rodata.COMPOUND_SELECTORS
                0x00000000c0d0b764       0x10 obj/eth_plugin_internal.o
                0x00000000c0d0b764                COMPOUND_SELECTORS
 .rodata.STARKWARE_REGISTER_ID
                0x00000000c0d0b774        0x4 obj/eth_plugin_internal.o
 .rodata.STARKWARE_DEPOSIT_TOKEN_ID
                0x00000000c0d0b778        0x4 obj/eth_plugin_internal.o
 .rodata.STARKWARE_DEPOSIT_ETH_ID
                0x00000000c0d0b77c        0x4 obj/eth_plugin_internal.o
 .rodata.STARKWARE_DEPOSIT_CANCEL_ID
                0x00000000c0d0b780        0x4 obj/eth_plugin_internal.o
 .rodata.STARKWARE_DEPOSIT_RECLAIM_ID
                0x00000000c0d0b784        0x4 obj/eth_plugin_internal.o
 .rodata.STARKWARE_WITHDRAW_ID
                0x00000000c0d0b788        0x4 obj/eth_plugin_internal.o
 .rodata.STARKWARE_FULL_WITHDRAWAL_ID
                0x00000000c0d0b78c        0x4 obj/eth_plugin_internal.o
 .rodata.STARKWARE_FREEZE_ID
                0x00000000c0d0b790        0x4 obj/eth_plugin_internal.o
 .rodata.STARKWARE_ESCAPE_ID
                0x00000000c0d0b794        0x4 obj/eth_plugin_internal.o
 .rodata.STARKWARE_VERIFY_ESCAPE_ID
                0x00000000c0d0b798        0x4 obj/eth_plugin_internal.o
 .rodata.STARKWARE_WITHDRAW_TO_ID
                0x00000000c0d0b79c        0x4 obj/eth_plugin_internal.o
 .rodata.STARKWARE_DEPOSIT_NFT_ID
                0x00000000c0d0b7a0        0x4 obj/eth_plugin_internal.o
 .rodata.STARKWARE_DEPOSIT_NFT_RECLAIM_ID
                0x00000000c0d0b7a4        0x4 obj/eth_plugin_internal.o
 .rodata.STARKWARE_WITHDRAW_AND_MINT_ID
                0x00000000c0d0b7a8        0x4 obj/eth_plugin_internal.o
 .rodata.STARKWARE_WITHDRAW_NFT_ID
                0x00000000c0d0b7ac        0x4 obj/eth_plugin_internal.o
 .rodata.STARKWARE_WITHDRAW_NFT_TO_ID
                0x00000000c0d0b7b0        0x4 obj/eth_plugin_internal.o
 .rodata.STARKWARE_SELECTORS
                0x00000000c0d0b7b4       0x40 obj/eth_plugin_internal.o
                0x00000000c0d0b7b4                STARKWARE_SELECTORS
 .rodata.INTERNAL_ETH_PLUGINS
                0x00000000c0d0b7f4       0x64 obj/eth_plugin_internal.o
                0x00000000c0d0b7f4                INTERNAL_ETH_PLUGINS
 .rodata.str1.1
                0x00000000c0d0b858       0x81 obj/eth_plugin_ui.o
 *fill*         0x00000000c0d0b8d9        0x3 00
 .rodata.ux_plugin_approval_intro_step_val
                0x00000000c0d0b8dc        0xc obj/eth_plugin_ui.o
                0x00000000c0d0b8dc                ux_plugin_approval_intro_step_val
 .rodata.ux_plugin_approval_intro_step
                0x00000000c0d0b8e8       0x10 obj/eth_plugin_ui.o
                0x00000000c0d0b8e8                ux_plugin_approval_intro_step
 .rodata.ux_plugin_approval_id_step_val
                0x00000000c0d0b8f8        0x8 obj/eth_plugin_ui.o
                0x00000000c0d0b8f8                ux_plugin_approval_id_step_val
 .rodata.ux_plugin_approval_id_step
                0x00000000c0d0b900       0x10 obj/eth_plugin_ui.o
                0x00000000c0d0b900                ux_plugin_approval_id_step
 .rodata.ux_plugin_approval_before_step
                0x00000000c0d0b910       0x10 obj/eth_plugin_ui.o
                0x00000000c0d0b910                ux_plugin_approval_before_step
 .rodata.ux_plugin_approval_display_step_val
                0x00000000c0d0b920        0x8 obj/eth_plugin_ui.o
                0x00000000c0d0b920                ux_plugin_approval_display_step_val
 .rodata.ux_plugin_approval_display_step
                0x00000000c0d0b928       0x10 obj/eth_plugin_ui.o
                0x00000000c0d0b928                ux_plugin_approval_display_step
 .rodata.ux_plugin_approval_after_step
                0x00000000c0d0b938       0x10 obj/eth_plugin_ui.o
                0x00000000c0d0b938                ux_plugin_approval_after_step
 .rodata.ux_plugin_approval_fees_step_val
                0x00000000c0d0b948        0x8 obj/eth_plugin_ui.o
                0x00000000c0d0b948                ux_plugin_approval_fees_step_val
 .rodata.ux_plugin_approval_fees_step
                0x00000000c0d0b950       0x10 obj/eth_plugin_ui.o
                0x00000000c0d0b950                ux_plugin_approval_fees_step
 .rodata.ux_plugin_approval_ok_step_validate_step
                0x00000000c0d0b960       0x10 obj/eth_plugin_ui.o
                0x00000000c0d0b960                ux_plugin_approval_ok_step_validate_step
 .rodata.ux_plugin_approval_ok_step_validate
                0x00000000c0d0b970        0x8 obj/eth_plugin_ui.o
                0x00000000c0d0b970                ux_plugin_approval_ok_step_validate
 .rodata.ux_plugin_approval_ok_step_val
                0x00000000c0d0b978        0xc obj/eth_plugin_ui.o
                0x00000000c0d0b978                ux_plugin_approval_ok_step_val
 .rodata.ux_plugin_approval_ok_step
                0x00000000c0d0b984       0x10 obj/eth_plugin_ui.o
                0x00000000c0d0b984                ux_plugin_approval_ok_step
 .rodata.ux_plugin_approval_cancel_step_validate_step
                0x00000000c0d0b994       0x10 obj/eth_plugin_ui.o
                0x00000000c0d0b994                ux_plugin_approval_cancel_step_validate_step
 .rodata.ux_plugin_approval_cancel_step_validate
                0x00000000c0d0b9a4        0x8 obj/eth_plugin_ui.o
                0x00000000c0d0b9a4                ux_plugin_approval_cancel_step_validate
 .rodata.ux_plugin_approval_cancel_step_val
                0x00000000c0d0b9ac        0x8 obj/eth_plugin_ui.o
                0x00000000c0d0b9ac                ux_plugin_approval_cancel_step_val
 .rodata.ux_plugin_approval_cancel_step
                0x00000000c0d0b9b4       0x10 obj/eth_plugin_ui.o
                0x00000000c0d0b9b4                ux_plugin_approval_cancel_step
 .rodata.ux_plugin_approval_flow
                0x00000000c0d0b9c4       0x24 obj/eth_plugin_ui.o
                0x00000000c0d0b9c4                ux_plugin_approval_flow
 .rodata.C_icon_back_x_colors
                0x00000000c0d0b9e8        0x8 obj/glyphs.o
                0x00000000c0d0b9e8                C_icon_back_x_colors
 .rodata.C_icon_back_x_bitmap
                0x00000000c0d0b9f0       0x19 obj/glyphs.o
                0x00000000c0d0b9f0                C_icon_back_x_bitmap
 *fill*         0x00000000c0d0ba09        0x3 00
 .rodata.C_icon_back_x
                0x00000000c0d0ba0c       0x14 obj/glyphs.o
                0x00000000c0d0ba0c                C_icon_back_x
 .rodata.C_icon_certificate_colors
                0x00000000c0d0ba20        0x8 obj/glyphs.o
                0x00000000c0d0ba20                C_icon_certificate_colors
 .rodata.C_icon_certificate_bitmap
                0x00000000c0d0ba28       0x19 obj/glyphs.o
                0x00000000c0d0ba28                C_icon_certificate_bitmap
 *fill*         0x00000000c0d0ba41        0x3 00
 .rodata.C_icon_certificate
                0x00000000c0d0ba44       0x14 obj/glyphs.o
                0x00000000c0d0ba44                C_icon_certificate
 .rodata.C_icon_crossmark_colors
                0x00000000c0d0ba58        0x8 obj/glyphs.o
                0x00000000c0d0ba58                C_icon_crossmark_colors
 .rodata.C_icon_crossmark_bitmap
                0x00000000c0d0ba60       0x19 obj/glyphs.o
                0x00000000c0d0ba60                C_icon_crossmark_bitmap
 *fill*         0x00000000c0d0ba79        0x3 00
 .rodata.C_icon_crossmark
                0x00000000c0d0ba7c       0x14 obj/glyphs.o
                0x00000000c0d0ba7c                C_icon_crossmark
 .rodata.C_icon_dashboard_x_colors
                0x00000000c0d0ba90        0x8 obj/glyphs.o
                0x00000000c0d0ba90                C_icon_dashboard_x_colors
 .rodata.C_icon_dashboard_x_bitmap
                0x00000000c0d0ba98       0x19 obj/glyphs.o
                0x00000000c0d0ba98                C_icon_dashboard_x_bitmap
 *fill*         0x00000000c0d0bab1        0x3 00
 .rodata.C_icon_dashboard_x
                0x00000000c0d0bab4       0x14 obj/glyphs.o
                0x00000000c0d0bab4                C_icon_dashboard_x
 .rodata.C_icon_eye_colors
                0x00000000c0d0bac8        0x8 obj/glyphs.o
                0x00000000c0d0bac8                C_icon_eye_colors
 .rodata.C_icon_eye_bitmap
                0x00000000c0d0bad0       0x19 obj/glyphs.o
                0x00000000c0d0bad0                C_icon_eye_bitmap
 *fill*         0x00000000c0d0bae9        0x3 00
 .rodata.C_icon_eye
                0x00000000c0d0baec       0x14 obj/glyphs.o
                0x00000000c0d0baec                C_icon_eye
 .rodata.C_icon_left_colors
                0x00000000c0d0bb00        0x8 obj/glyphs.o
                0x00000000c0d0bb00                C_icon_left_colors
 .rodata.C_icon_left_bitmap
                0x00000000c0d0bb08        0x4 obj/glyphs.o
                0x00000000c0d0bb08                C_icon_left_bitmap
 .rodata.C_icon_left
                0x00000000c0d0bb0c       0x14 obj/glyphs.o
                0x00000000c0d0bb0c                C_icon_left
 .rodata.C_icon_right_colors
                0x00000000c0d0bb20        0x8 obj/glyphs.o
                0x00000000c0d0bb20                C_icon_right_colors
 .rodata.C_icon_right_bitmap
                0x00000000c0d0bb28        0x4 obj/glyphs.o
                0x00000000c0d0bb28                C_icon_right_bitmap
 .rodata.C_icon_right
                0x00000000c0d0bb2c       0x14 obj/glyphs.o
                0x00000000c0d0bb2c                C_icon_right
 .rodata.C_icon_validate_14_colors
                0x00000000c0d0bb40        0x8 obj/glyphs.o
                0x00000000c0d0bb40                C_icon_validate_14_colors
 .rodata.C_icon_validate_14_bitmap
                0x00000000c0d0bb48       0x19 obj/glyphs.o
                0x00000000c0d0bb48                C_icon_validate_14_bitmap
 *fill*         0x00000000c0d0bb61        0x3 00
 .rodata.C_icon_validate_14
                0x00000000c0d0bb64       0x14 obj/glyphs.o
                0x00000000c0d0bb64                C_icon_validate_14
 .rodata.C_icon_warning_colors
                0x00000000c0d0bb78        0x8 obj/glyphs.o
                0x00000000c0d0bb78                C_icon_warning_colors
 .rodata.C_icon_warning_bitmap
                0x00000000c0d0bb80       0x19 obj/glyphs.o
                0x00000000c0d0bb80                C_icon_warning_bitmap
 *fill*         0x00000000c0d0bb99        0x3 00
 .rodata.C_icon_warning
                0x00000000c0d0bb9c       0x14 obj/glyphs.o
                0x00000000c0d0bb9c                C_icon_warning
 .rodata.str1.1
                0x00000000c0d0bbb0       0x8c obj/handle_check_address.o
                                         0x9d (size before relaxing)
 .rodata.str1.1
                0x00000000c0d0bc3c       0x54 obj/handle_get_printable_amount.o
 .rodata.str1.1
                0x00000000c0d0bc90       0x12 obj/handle_swap_sign_transaction.o
                                         0x2e (size before relaxing)
 .rodata.str1.1
                0x00000000c0d0bca2      0x167 obj/logic_signTx.o
 .rodata.str1.4
                0x00000000c0d0be09        0x9 obj/logic_signTx.o
 .rodata.str1.1
                0x00000000c0d0be09       0x53 obj/main.o
 .rodata.str1.1
                0x00000000c0d0be5c       0x1a obj/os.o
 .rodata..L.str
                0x00000000c0d0be76        0x5 obj/os_io_seproxyhal.o
 .rodata..L.str.1
                0x00000000c0d0be7b        0x5 obj/os_io_seproxyhal.o
 .rodata..L.str.2
                0x00000000c0d0be80        0x5 obj/os_io_seproxyhal.o
 .rodata.str1.1
                0x00000000c0d0be85        0x6 obj/os_printf.o
                                          0x8 (size before relaxing)
 .rodata.cst16  0x00000000c0d0be8b       0x20 obj/os_printf.o
 .rodata.str1.1
                0x00000000c0d0beab      0x112 obj/stark_crypto.o
 .rodata.STARK_DERIVE_BIAS
                0x00000000c0d0bfbd       0x20 obj/stark_crypto.o
 .rodata.C_cx_Stark256_n
                0x00000000c0d0bfdd       0x20 obj/stark_crypto.o
 .rodata.PEDERSEN_POINTS
                0x00000000c0d0bffd      0x104 obj/stark_utils.o
 *fill*         0x00000000c0d0c101        0x3 00
 .rodata.PEDERSEN_SHIFT
                0x00000000c0d0c104       0x41 obj/stark_utils.o
 .rodata.str1.1
                0x00000000c0d0c145      0x178 obj/stark_utils.o
 .rodata.cst4   0x00000000c0d0c2bd       0x10 obj/stark_utils.o
 .rodata.ETH_SELECTOR
                0x00000000c0d0c2cd        0x4 obj/stark_utils.o
 .rodata.MINTABLE_ASSET_ID_PREFIX
                0x00000000c0d0c2d1        0xa obj/stark_utils.o
 .rodata.DEVERSIFI_CONTRACT
                0x00000000c0d0c2db       0x15 obj/starkware_plugin.o
 .rodata.str1.1
                0x00000000c0d0c2f0      0x17f obj/starkware_plugin.o
                                        0x211 (size before relaxing)
 .rodata.cst16  0x00000000c0d0c46f       0x20 obj/starkware_plugin.o
 *fill*         0x00000000c0d0c48f        0x1 00
 .rodata.str1.4
                0x00000000c0d0c490       0xd5 obj/starkware_plugin.o
                                         0xf5 (size before relaxing)
 .rodata.SW_INTERNAL
                0x00000000c0d0c565        0x2 obj/u2f_impl.o
 .rodata.SW_BUSY
                0x00000000c0d0c567        0x2 obj/u2f_impl.o
 .rodata.SW_WRONG_LENGTH
                0x00000000c0d0c569        0x2 obj/u2f_impl.o
 .rodata.SW_PROOF_OF_PRESENCE_REQUIRED
                0x00000000c0d0c56b        0x2 obj/u2f_impl.o
 .rodata..L.str
                0x00000000c0d0c56d        0x6 obj/u2f_impl.o
 .rodata.str1.1
                0x00000000c0d0c573        0x6 obj/u2f_impl.o
 .rodata..L.str.2
                0x00000000c0d0c579        0x5 obj/u2f_impl.o
 .rodata.SW_BAD_KEY_HANDLE
                0x00000000c0d0c57e        0x2 obj/u2f_impl.o
 .rodata.U2F_VERSION
                0x00000000c0d0c580        0x8 obj/u2f_impl.o
 .rodata.INFO   0x00000000c0d0c588        0x4 obj/u2f_impl.o
 .rodata.SW_UNKNOWN_CLASS
                0x00000000c0d0c58c        0x2 obj/u2f_impl.o
 .rodata.SW_UNKNOWN_INSTRUCTION
                0x00000000c0d0c58e        0x2 obj/u2f_impl.o
 .rodata.str1.1
                0x00000000c0d0c590       0x29 obj/u2f_io.o
 .rodata.BROADCAST_CHANNEL
                0x00000000c0d0c5b9        0x4 obj/u2f_transport.o
 .rodata.FORBIDDEN_CHANNEL
                0x00000000c0d0c5bd        0x4 obj/u2f_transport.o
 .rodata.EIP_712_MAGIC
                0x00000000c0d0c5c1        0x2 obj/ui_common_signMessage712.o
 .rodata.str1.1
                0x00000000c0d0c5c3       0x1a obj/ui_common_signMessage712.o
 .rodata.str1.1
                0x00000000c0d0c5dd       0x1a obj/ui_common_signTx.o
 .rodata.str1.1
                0x00000000c0d0c5dd       0x69 obj/ui_flow.o
                                         0x7b (size before relaxing)
 *fill*         0x00000000c0d0c646        0x2 00
 .rodata.ux_idle_flow_1_step_val
                0x00000000c0d0c648        0x8 obj/ui_flow.o
                0x00000000c0d0c648                ux_idle_flow_1_step_val
 .rodata.ux_idle_flow_1_step
                0x00000000c0d0c650       0x10 obj/ui_flow.o
                0x00000000c0d0c650                ux_idle_flow_1_step
 .rodata.ux_idle_flow_2_step_val
                0x00000000c0d0c660        0x8 obj/ui_flow.o
                0x00000000c0d0c660                ux_idle_flow_2_step_val
 .rodata.ux_idle_flow_2_step
                0x00000000c0d0c668       0x10 obj/ui_flow.o
                0x00000000c0d0c668                ux_idle_flow_2_step
 .rodata.ux_idle_flow_3_step_validate_step
                0x00000000c0d0c678       0x10 obj/ui_flow.o
                0x00000000c0d0c678                ux_idle_flow_3_step_validate_step
 .rodata.ux_idle_flow_3_step_validate
                0x00000000c0d0c688        0x8 obj/ui_flow.o
                0x00000000c0d0c688                ux_idle_flow_3_step_validate
 .rodata.ux_idle_flow_3_step_val
                0x00000000c0d0c690        0x8 obj/ui_flow.o
                0x00000000c0d0c690                ux_idle_flow_3_step_val
 .rodata.ux_idle_flow_3_step
                0x00000000c0d0c698       0x10 obj/ui_flow.o
                0x00000000c0d0c698                ux_idle_flow_3_step
 .rodata.ux_idle_flow_4_step_validate_step
                0x00000000c0d0c6a8       0x10 obj/ui_flow.o
                0x00000000c0d0c6a8                ux_idle_flow_4_step_validate_step
 .rodata.ux_idle_flow_4_step_validate
                0x00000000c0d0c6b8        0x8 obj/ui_flow.o
                0x00000000c0d0c6b8                ux_idle_flow_4_step_validate
 .rodata.ux_idle_flow_4_step_val
                0x00000000c0d0c6c0        0x8 obj/ui_flow.o
                0x00000000c0d0c6c0                ux_idle_flow_4_step_val
 .rodata.ux_idle_flow_4_step
                0x00000000c0d0c6c8       0x10 obj/ui_flow.o
                0x00000000c0d0c6c8                ux_idle_flow_4_step
 .rodata.ux_idle_flow
                0x00000000c0d0c6d8       0x18 obj/ui_flow.o
                0x00000000c0d0c6d8                ux_idle_flow
 .rodata.ux_settings_flow_1_step_validate_step
                0x00000000c0d0c6f0       0x10 obj/ui_flow.o
                0x00000000c0d0c6f0                ux_settings_flow_1_step_validate_step
 .rodata.ux_settings_flow_1_step_validate
                0x00000000c0d0c700        0x8 obj/ui_flow.o
                0x00000000c0d0c700                ux_settings_flow_1_step_validate
 .rodata.ux_settings_flow_1_step_val
                0x00000000c0d0c708        0x8 obj/ui_flow.o
                0x00000000c0d0c708                ux_settings_flow_1_step_val
 .rodata.ux_settings_flow_1_step
                0x00000000c0d0c710       0x10 obj/ui_flow.o
                0x00000000c0d0c710                ux_settings_flow_1_step
 .rodata.ux_settings_flow_2_step_validate_step
                0x00000000c0d0c720       0x10 obj/ui_flow.o
                0x00000000c0d0c720                ux_settings_flow_2_step_validate_step
 .rodata.ux_settings_flow_2_step_validate
                0x00000000c0d0c730        0x8 obj/ui_flow.o
                0x00000000c0d0c730                ux_settings_flow_2_step_validate
 .rodata.ux_settings_flow_2_step_val
                0x00000000c0d0c738        0x8 obj/ui_flow.o
                0x00000000c0d0c738                ux_settings_flow_2_step_val
 .rodata.ux_settings_flow_2_step
                0x00000000c0d0c740       0x10 obj/ui_flow.o
                0x00000000c0d0c740                ux_settings_flow_2_step
 .rodata.ux_settings_flow_3_step_validate_step
                0x00000000c0d0c750       0x10 obj/ui_flow.o
                0x00000000c0d0c750                ux_settings_flow_3_step_validate_step
 .rodata.ux_settings_flow_3_step_validate
                0x00000000c0d0c760        0x8 obj/ui_flow.o
                0x00000000c0d0c760                ux_settings_flow_3_step_validate
 .rodata.ux_settings_flow_3_step_val
                0x00000000c0d0c768        0x8 obj/ui_flow.o
                0x00000000c0d0c768                ux_settings_flow_3_step_val
 .rodata.ux_settings_flow_3_step
                0x00000000c0d0c770       0x10 obj/ui_flow.o
                0x00000000c0d0c770                ux_settings_flow_3_step
 .rodata.ux_settings_flow
                0x00000000c0d0c780       0x10 obj/ui_flow.o
                0x00000000c0d0c780                ux_settings_flow
 .rodata.str1.1
                0x00000000c0d0c790       0x17 obj/ui_flow_getPublicKey.o
                                         0x26 (size before relaxing)
 *fill*         0x00000000c0d0c7a7        0x1 00
 .rodata.ux_display_public_flow_1_step_val
                0x00000000c0d0c7a8        0xc obj/ui_flow_getPublicKey.o
                0x00000000c0d0c7a8                ux_display_public_flow_1_step_val
 .rodata.ux_display_public_flow_1_step
                0x00000000c0d0c7b4       0x10 obj/ui_flow_getPublicKey.o
                0x00000000c0d0c7b4                ux_display_public_flow_1_step