Archive member included to satisfy reference by file (symbol)

/home/jingxu/workspace/ledgerApp/gcc-arm-none-eabi-10-2020-q4-major-x86_64-linux/gcc-arm-none-eabi-10-2020-q4-major/bin/../lib/gcc/arm-none-eabi/10.2.1/thumb/v6-m/nofp/libgcc.a(_udivsi3.o)
                              obj/cmd_signMessage.o (__aeabi_uidiv)
/home/jingxu/workspace/ledgerApp/gcc-arm-none-eabi-10-2020-q4-major-x86_64-linux/gcc-arm-none-eabi-10-2020-q4-major/bin/../lib/gcc/arm-none-eabi/10.2.1/thumb/v6-m/nofp/libgcc.a(_divsi3.o)
                              obj/base64.o (__aeabi_idiv)
/home/jingxu/workspace/ledgerApp/gcc-arm-none-eabi-10-2020-q4-major-x86_64-linux/gcc-arm-none-eabi-10-2020-q4-major/bin/../lib/gcc/arm-none-eabi/10.2.1/thumb/v6-m/nofp/libgcc.a(_dvmd_tls.o)
                              /home/jingxu/workspace/ledgerApp/gcc-arm-none-eabi-10-2020-q4-major-x86_64-linux/gcc-arm-none-eabi-10-2020-q4-major/bin/../lib/gcc/arm-none-eabi/10.2.1/thumb/v6-m/nofp/libgcc.a(_udivsi3.o) (__aeabi_idiv0)
/home/jingxu/workspace/ledgerApp/gcc-arm-none-eabi-10-2020-q4-major-x86_64-linux/gcc-arm-none-eabi-10-2020-q4-major/bin/../lib/gcc/arm-none-eabi/10.2.1/thumb/v6-m/nofp/libgcc.a(_lshrdi3.o)
                              obj/poorstream.o (__aeabi_llsr)
/home/jingxu/workspace/ledgerApp/gcc-arm-none-eabi-10-2020-q4-major-x86_64-linux/gcc-arm-none-eabi-10-2020-q4-major/bin/../lib/gcc/arm-none-eabi/10.2.1/thumb/v6-m/nofp/libgcc.a(_ashldi3.o)
                              obj/poorstream.o (__aeabi_llsl)
/home/jingxu/workspace/ledgerApp/gcc-arm-none-eabi-10-2020-q4-major-x86_64-linux/gcc-arm-none-eabi-10-2020-q4-major/bin/../lib/gcc/arm-none-eabi/10.2.1/thumb/v6-m/nofp/libgcc.a(_muldi3.o)
                              obj/uint256.o (__aeabi_lmul)
/home/jingxu/workspace/ledgerApp/gcc-arm-none-eabi-10-2020-q4-major-x86_64-linux/gcc-arm-none-eabi-10-2020-q4-major/bin/../lib/gcc/arm-none-eabi/10.2.1/../../../../arm-none-eabi/lib/thumb/v6-m/nofp/libc.a(lib_a-aeabi_memclr.o)
                              obj/compound_plugin.o (__aeabi_memclr)
/home/jingxu/workspace/ledgerApp/gcc-arm-none-eabi-10-2020-q4-major-x86_64-linux/gcc-arm-none-eabi-10-2020-q4-major/bin/../lib/gcc/arm-none-eabi/10.2.1/../../../../arm-none-eabi/lib/thumb/v6-m/nofp/libc.a(lib_a-aeabi_memcpy.o)
                              obj/cmd_stark_unsafe_sign.o (__aeabi_memcpy)
/home/jingxu/workspace/ledgerApp/gcc-arm-none-eabi-10-2020-q4-major-x86_64-linux/gcc-arm-none-eabi-10-2020-q4-major/bin/../lib/gcc/arm-none-eabi/10.2.1/../../../../arm-none-eabi/lib/thumb/v6-m/nofp/libc.a(lib_a-aeabi_memmove.o)
                              obj/cmd_provideTokenInfo.o (__aeabi_memmove)
/home/jingxu/workspace/ledgerApp/gcc-arm-none-eabi-10-2020-q4-major-x86_64-linux/gcc-arm-none-eabi-10-2020-q4-major/bin/../lib/gcc/arm-none-eabi/10.2.1/../../../../arm-none-eabi/lib/thumb/v6-m/nofp/libc.a(lib_a-aeabi_memset.o)
                              obj/ethUtils.o (__aeabi_memset)
/home/jingxu/workspace/ledgerApp/gcc-arm-none-eabi-10-2020-q4-major-x86_64-linux/gcc-arm-none-eabi-10-2020-q4-major/bin/../lib/gcc/arm-none-eabi/10.2.1/../../../../arm-none-eabi/lib/thumb/v6-m/nofp/libc.a(lib_a-explicit_bzero.o)
                              obj/cmd_getPublicKey.o (explicit_bzero)
/home/jingxu/workspace/ledgerApp/gcc-arm-none-eabi-10-2020-q4-major-x86_64-linux/gcc-arm-none-eabi-10-2020-q4-major/bin/../lib/gcc/arm-none-eabi/10.2.1/../../../../arm-none-eabi/lib/thumb/v6-m/nofp/libc.a(lib_a-memcmp.o)
                              obj/cmd_stark_provideQuantum.o (memcmp)
/home/jingxu/workspace/ledgerApp/gcc-arm-none-eabi-10-2020-q4-major-x86_64-linux/gcc-arm-none-eabi-10-2020-q4-major/bin/../lib/gcc/arm-none-eabi/10.2.1/../../../../arm-none-eabi/lib/thumb/v6-m/nofp/libc.a(lib_a-memcpy-stub.o)
                              /home/jingxu/workspace/ledgerApp/gcc-arm-none-eabi-10-2020-q4-major-x86_64-linux/gcc-arm-none-eabi-10-2020-q4-major/bin/../lib/gcc/arm-none-eabi/10.2.1/../../../../arm-none-eabi/lib/thumb/v6-m/nofp/libc.a(lib_a-aeabi_memcpy.o) (memcpy)
/home/jingxu/workspace/ledgerApp/gcc-arm-none-eabi-10-2020-q4-major-x86_64-linux/gcc-arm-none-eabi-10-2020-q4-major/bin/../lib/gcc/arm-none-eabi/10.2.1/../../../../arm-none-eabi/lib/thumb/v6-m/nofp/libc.a(lib_a-memmove.o)
                              /home/jingxu/workspace/ledgerApp/gcc-arm-none-eabi-10-2020-q4-major-x86_64-linux/gcc-arm-none-eabi-10-2020-q4-major/bin/../lib/gcc/arm-none-eabi/10.2.1/../../../../arm-none-eabi/lib/thumb/v6-m/nofp/libc.a(lib_a-aeabi_memmove.o) (memmove)
/home/jingxu/workspace/ledgerApp/gcc-arm-none-eabi-10-2020-q4-major-x86_64-linux/gcc-arm-none-eabi-10-2020-q4-major/bin/../lib/gcc/arm-none-eabi/10.2.1/../../../../arm-none-eabi/lib/thumb/v6-m/nofp/libc.a(lib_a-memset.o)
                              /home/jingxu/workspace/ledgerApp/gcc-arm-none-eabi-10-2020-q4-major-x86_64-linux/gcc-arm-none-eabi-10-2020-q4-major/bin/../lib/gcc/arm-none-eabi/10.2.1/../../../../arm-none-eabi/lib/thumb/v6-m/nofp/libc.a(lib_a-aeabi_memset.o) (memset)
[...]
Memory Configuration

Name             Origin             Length             Attributes
DISCARD          0x00000000d0000000 0x0000000000100000 xrw
FLASH            0x00000000c0d00000 0x0000000000064000 xr
SRAM             0x0000000020001800 0x0000000000001000 xrw
*default*        0x0000000000000000 0xffffffffffffffff

Linker script and memory map

LOAD obj/base64.o
LOAD obj/checks.o
LOAD obj/cmd_getAppConfiguration.o
LOAD obj/cmd_getEth2PublicKey.o
LOAD obj/cmd_getPublicKey.o
LOAD obj/cmd_provideTokenInfo.o
LOAD obj/cmd_setEth2WithdrawalIndex.o
LOAD obj/cmd_signMessage.o
LOAD obj/cmd_signMessage712.o
LOAD obj/cmd_signTx.o
LOAD obj/cmd_stark_getPublicKey.o
LOAD obj/cmd_stark_provideQuantum.o
LOAD obj/cmd_stark_sign.o
LOAD obj/cmd_stark_unsafe_sign.o
LOAD obj/compound_plugin.o
LOAD obj/cx.o
LOAD obj/cx_compliance_141.o
LOAD obj/erc20_plugin.o
LOAD obj/erc721_plugin.o
LOAD obj/eth2_plugin.o
LOAD obj/ethUstream.o
LOAD obj/ethUtils.o
LOAD obj/eth_plugin_handler.o
LOAD obj/eth_plugin_internal.o
LOAD obj/eth_plugin_ui.o
LOAD obj/glyphs.o
LOAD obj/handle_check_address.o
LOAD obj/handle_get_printable_amount.o
LOAD obj/handle_swap_sign_transaction.o
LOAD obj/logic_getEth2PublicKey.o
LOAD obj/logic_getPublicKey.o
LOAD obj/logic_signTx.o
LOAD obj/logic_stark_getPublicKey.o
LOAD obj/main.o
LOAD obj/os.o
LOAD obj/os_io_seproxyhal.o
LOAD obj/os_io_usb.o
LOAD obj/os_printf.o
LOAD obj/pic.o
LOAD obj/pic_internal.o
LOAD obj/poorstream.o
LOAD obj/stark_crypto.o
LOAD obj/stark_utils.o
LOAD obj/starkware_plugin.o
LOAD obj/syscalls.o
LOAD obj/tcr.o
LOAD obj/tokens.o
LOAD obj/u2f_impl.o
LOAD obj/u2f_io.o
LOAD obj/u2f_transport.o
LOAD obj/ui_common_getEth2PublicKey.o
LOAD obj/ui_common_getPublicKey.o
LOAD obj/ui_common_signMessage.o
LOAD obj/ui_common_signMessage712.o
LOAD obj/ui_common_signTx.o
LOAD obj/ui_common_stark_getPublicKey.o
LOAD obj/ui_common_stark_sign.o
LOAD obj/ui_common_stark_unsafe_sign.o
LOAD obj/ui_flow.o
LOAD obj/ui_flow_erc20_approval.o
LOAD obj/ui_flow_getEth2PublicKey.o
LOAD obj/ui_flow_getPublicKey.o
LOAD obj/ui_flow_signMessage.o
LOAD obj/ui_flow_signMessage712.o
LOAD obj/ui_flow_signTx.o
LOAD obj/ui_flow_stark_getPublicKey.o
LOAD obj/ui_flow_stark_sign.o
LOAD obj/ui_flow_stark_unsafe_sign.o
LOAD obj/uint256.o
LOAD obj/usbd_ccid_cmd.o
LOAD obj/usbd_ccid_core.o
LOAD obj/usbd_ccid_if.o
LOAD obj/usbd_conf.o
LOAD obj/usbd_core.o
LOAD obj/usbd_ctlreq.o
LOAD obj/usbd_hid.o
LOAD obj/usbd_impl.o
LOAD obj/usbd_ioreq.o
LOAD obj/utils.o
LOAD obj/ux_flow_engine.o
LOAD obj/ux_layout_bb.o
LOAD obj/ux_layout_bn.o
LOAD obj/ux_layout_bnn.o
LOAD obj/ux_layout_bnnn.o
LOAD obj/ux_layout_nn.o
LOAD obj/ux_layout_nnbnn.o
LOAD obj/ux_layout_nnn.o
LOAD obj/ux_layout_nnnn.o
LOAD obj/ux_layout_paging.o
LOAD obj/ux_layout_pb.o
LOAD obj/ux_layout_pbb.o
LOAD obj/ux_layout_pn.o
LOAD obj/ux_layout_pnn.o
LOAD obj/ux_layout_utils.o
LOAD obj/ux_legacy.o
LOAD obj/ux_menulist.o
LOAD obj/ux_stack.o
LOAD /home/jingxu/workspace/ledgerApp/gcc-arm-none-eabi-10-2020-q4-major-x86_64-linux/gcc-arm-none-eabi-10-2020-q4-major/bin/../lib/gcc/arm-none-eabi/10.2.1/../../../../arm-none-eabi/lib/thumb/v6-m/nofp/libm.a
LOAD /home/jingxu/workspace/ledgerApp/gcc-arm-none-eabi-10-2020-q4-major-x86_64-linux/gcc-arm-none-eabi-10-2020-q4-major/bin/../lib/gcc/arm-none-eabi/10.2.1/thumb/v6-m/nofp/libgcc.a
LOAD /home/jingxu/workspace/ledgerApp/gcc-arm-none-eabi-10-2020-q4-major-x86_64-linux/gcc-arm-none-eabi-10-2020-q4-major/bin/../lib/gcc/arm-none-eabi/10.2.1/../../../../arm-none-eabi/lib/thumb/v6-m/nofp/libc.a
START GROUP
LOAD /home/jingxu/workspace/ledgerApp/gcc-arm-none-eabi-10-2020-q4-major-x86_64-linux/gcc-arm-none-eabi-10-2020-q4-major/bin/../lib/gcc/arm-none-eabi/10.2.1/thumb/v6-m/nofp/libgcc.a
LOAD /home/jingxu/workspace/ledgerApp/gcc-arm-none-eabi-10-2020-q4-major-x86_64-linux/gcc-arm-none-eabi-10-2020-q4-major/bin/../lib/gcc/arm-none-eabi/10.2.1/../../../../arm-none-eabi/lib/thumb/v6-m/nofp/libg.a
LOAD /home/jingxu/workspace/ledgerApp/gcc-arm-none-eabi-10-2020-q4-major-x86_64-linux/gcc-arm-none-eabi-10-2020-q4-major/bin/../lib/gcc/arm-none-eabi/10.2.1/../../../../arm-none-eabi/lib/thumb/v6-m/nofp/libc.a
END GROUP
                0x0000000000000040                PAGE_SIZE = 0x40
                0x0000000000000200                STACK_SIZE = 0x200
                0x0000000020002800                END_STACK = (ORIGIN (SRAM) + LENGTH (SRAM))

.text           0x00000000c0d00000     0xb740
                0x00000000c0d00000                _text = .
                0x00000000c0d00000                _nvram = .
                [!provide]                        PROVIDE (_setjmp = setjmp)
 *(.boot*)
 .boot          0x00000000c0d00000       0x3a obj/main.o
                0x00000000c0d00000                main
 *(.text*)
 *fill*         0x00000000c0d0003a        0x2 00
 .text.Base64encode
                0x00000000c0d0003c       0xb0 obj/base64.o
                0x00000000c0d0003c                Base64encode
 .text.check_audited_app
                0x00000000c0d000ec      0x1f0 obj/checks.o
                0x00000000c0d000ec                check_audited_app
 .text.ui_audited_elements_button
                0x00000000c0d002dc       0x1c obj/checks.o
 .text.handleGetAppConfiguration
                0x00000000c0d002f8       0x38 obj/cmd_getAppConfiguration.o
                0x00000000c0d002f8                handleGetAppConfiguration
 .text.handleGetPublicKey
                0x00000000c0d00330      0x13c obj/cmd_getPublicKey.o
                0x00000000c0d00330                handleGetPublicKey
 .text.handleProvideErc20TokenInformation
                0x00000000c0d0046c       0xfc obj/cmd_provideTokenInfo.o
                0x00000000c0d0046c                handleProvideErc20TokenInformation
 .text.handleSignPersonalMessage
                0x00000000c0d00568      0x23c obj/cmd_signMessage.o
                0x00000000c0d00568                handleSignPersonalMessage
 .text.handleSignEIP712Message
                0x00000000c0d007a4       0xc4 obj/cmd_signMessage712.o
                0x00000000c0d007a4                handleSignEIP712Message
 .text.handleSign
                0x00000000c0d00868      0x120 obj/cmd_signTx.o
                0x00000000c0d00868                handleSign
 .text.handleStarkwareGetPublicKey
                0x00000000c0d00988       0xfc obj/cmd_stark_getPublicKey.o
                0x00000000c0d00988                handleStarkwareGetPublicKey
 .text.handleStarkwareProvideQuantum
                0x00000000c0d00a84       0xd8 obj/cmd_stark_provideQuantum.o
                0x00000000c0d00a84                handleStarkwareProvideQuantum
 .text.handleStarkwareSignMessage
                0x00000000c0d00b5c      0x5e0 obj/cmd_stark_sign.o
                0x00000000c0d00b5c                handleStarkwareSignMessage
 .text.handleStarkwareUnsafeSign
                0x00000000c0d0113c      0x110 obj/cmd_stark_unsafe_sign.o
                0x00000000c0d0113c                handleStarkwareUnsafeSign
 .text.get_underlying_asset_decimals
                0x00000000c0d0124c       0x48 obj/compound_plugin.o
                0x00000000c0d0124c                get_underlying_asset_decimals
 .text.compound_plugin_call
                0x00000000c0d01294      0x240 obj/compound_plugin.o
                0x00000000c0d01294                compound_plugin_call
 .text.check_token_binding
                0x00000000c0d014d4       0x58 obj/erc20_plugin.o
                0x00000000c0d014d4                check_token_binding
 .text.erc20_plugin_available_check
                0x00000000c0d0152c       0x28 obj/erc20_plugin.o
                0x00000000c0d0152c                erc20_plugin_available_check
 .text.erc20_plugin_call
                0x00000000c0d01554      0x2a0 obj/erc20_plugin.o
                0x00000000c0d01554                erc20_plugin_call
 .text.erc721_plugin_available_check
                0x00000000c0d017f4       0x28 obj/erc721_plugin.o
                0x00000000c0d017f4                erc721_plugin_available_check
 .text.erc721_plugin_call
                0x00000000c0d0181c      0x184 obj/erc721_plugin.o
                0x00000000c0d0181c                erc721_plugin_call
 .text.initTx   0x00000000c0d019a0       0x2c obj/ethUstream.o
                0x00000000c0d019a0                initTx
 .text.readTxByte
                0x00000000c0d019cc       0x4e obj/ethUstream.o
                0x00000000c0d019cc                readTxByte
 .text.copyTxData
                0x00000000c0d01a1a       0x6c obj/ethUstream.o
                0x00000000c0d01a1a                copyTxData
 .text.processTx
                0x00000000c0d01a86       0x64 obj/ethUstream.o
                0x00000000c0d01a86                processTx
 .text.processTxInternal
                0x00000000c0d01aea      0x2be obj/ethUstream.o
 .text.continueTx
                0x00000000c0d01da8       0x56 obj/ethUstream.o
                0x00000000c0d01da8                continueTx
 .text.rlpCanDecode
                0x00000000c0d01dfe       0x44 obj/ethUtils.o
                0x00000000c0d01dfe                rlpCanDecode
 .text.rlpDecodeLength
                0x00000000c0d01e42       0xf2 obj/ethUtils.o
                0x00000000c0d01e42                rlpDecodeLength
 .text.getEthAddressStringFromKey
                0x00000000c0d01f34       0x40 obj/ethUtils.o
                0x00000000c0d01f34                getEthAddressStringFromKey
 .text.getEthAddressStringFromBinary
                0x00000000c0d01f74       0xc8 obj/ethUtils.o
                0x00000000c0d01f74                getEthAddressStringFromBinary
 .text.adjustDecimals
                0x00000000c0d0203c       0xf0 obj/ethUtils.o
                0x00000000c0d0203c                adjustDecimals
 .text.eth_plugin_prepare_init
                0x00000000c0d0212c       0x14 obj/eth_plugin_handler.o
                0x00000000c0d0212c                eth_plugin_prepare_init
 .text.eth_plugin_prepare_provide_parameter
                0x00000000c0d02140       0x14 obj/eth_plugin_handler.o
                0x00000000c0d02140                eth_plugin_prepare_provide_parameter
 .text.eth_plugin_prepare_finalize
                0x00000000c0d02154        0xa obj/eth_plugin_handler.o
                0x00000000c0d02154                eth_plugin_prepare_finalize
 .text.eth_plugin_prepare_provide_token
                0x00000000c0d0215e       0x14 obj/eth_plugin_handler.o
                0x00000000c0d0215e                eth_plugin_prepare_provide_token
 .text.eth_plugin_prepare_query_contract_ID
                0x00000000c0d02172       0x20 obj/eth_plugin_handler.o
                0x00000000c0d02172                eth_plugin_prepare_query_contract_ID
 .text.eth_plugin_prepare_query_contract_UI
                0x00000000c0d02192       0x24 obj/eth_plugin_handler.o
                0x00000000c0d02192                eth_plugin_prepare_query_contract_UI
 *fill*         0x00000000c0d021b6        0x2 00
 .text.eth_plugin_perform_init
                0x00000000c0d021b8      0x100 obj/eth_plugin_handler.o
                0x00000000c0d021b8                eth_plugin_perform_init
 .text.eth_plugin_call
                0x00000000c0d022b8      0x1d8 obj/eth_plugin_handler.o
                0x00000000c0d022b8                eth_plugin_call
 .text.plugin_ui_get_id
                0x00000000c0d02490       0x50 obj/eth_plugin_ui.o
                0x00000000c0d02490                plugin_ui_get_id
 .text.plugin_ui_get_item
                0x00000000c0d024e0       0x44 obj/eth_plugin_ui.o
                0x00000000c0d024e0                plugin_ui_get_item
 .text.display_next_plugin_item
                0x00000000c0d02524       0x88 obj/eth_plugin_ui.o
                0x00000000c0d02524                display_next_plugin_item
 .text.ux_plugin_approval_id_step_init
                0x00000000c0d025ac       0x10 obj/eth_plugin_ui.o
                0x00000000c0d025ac                ux_plugin_approval_id_step_init
 .text.ux_plugin_approval_before_step_init
                0x00000000c0d025bc        0xa obj/eth_plugin_ui.o
                0x00000000c0d025bc                ux_plugin_approval_before_step_init
 .text.ux_plugin_approval_after_step_init
                0x00000000c0d025c6        0xa obj/eth_plugin_ui.o
                0x00000000c0d025c6                ux_plugin_approval_after_step_init
 .text.ux_plugin_approval_fees_step_init
                0x00000000c0d025d0       0x1c obj/eth_plugin_ui.o
                0x00000000c0d025d0                ux_plugin_approval_fees_step_init
 .text.ux_plugin_approval_ok_step_validateinit
                0x00000000c0d025ec        0xa obj/eth_plugin_ui.o
                0x00000000c0d025ec                ux_plugin_approval_ok_step_validateinit
 .text.ux_plugin_approval_cancel_step_validateinit
                0x00000000c0d025f6        0xa obj/eth_plugin_ui.o
                0x00000000c0d025f6                ux_plugin_approval_cancel_step_validateinit
 .text.plugin_ui_start
                0x00000000c0d02600       0x24 obj/eth_plugin_ui.o
                0x00000000c0d02600                plugin_ui_start
 .text.handle_check_address
                0x00000000c0d02624       0xe0 obj/handle_check_address.o
                0x00000000c0d02624                handle_check_address
 .text.handle_get_printable_amount
                0x00000000c0d02704       0x7e obj/handle_get_printable_amount.o
                0x00000000c0d02704                handle_get_printable_amount
 *fill*         0x00000000c0d02782        0x2 00
 .text.copy_transaction_parameters
                0x00000000c0d02784       0xa0 obj/handle_swap_sign_transaction.o
                0x00000000c0d02784                copy_transaction_parameters
 .text.handle_swap_sign_transaction
                0x00000000c0d02824       0x6c obj/handle_swap_sign_transaction.o
                0x00000000c0d02824                handle_swap_sign_transaction
 .text.set_result_get_publicKey
                0x00000000c0d02890       0x4c obj/logic_getPublicKey.o
                0x00000000c0d02890                set_result_get_publicKey
 .text.splitBinaryParameterPart
                0x00000000c0d028dc       0x30 obj/logic_signTx.o
                0x00000000c0d028dc                splitBinaryParameterPart
 .text.customProcessor
                0x00000000c0d0290c      0x224 obj/logic_signTx.o
                0x00000000c0d0290c                customProcessor
 .text.compareOrCopy
                0x00000000c0d02b30       0x78 obj/logic_signTx.o
                0x00000000c0d02b30                compareOrCopy
 .text.reportFinalizeError
                0x00000000c0d02ba8       0x1e obj/logic_signTx.o
                0x00000000c0d02ba8                reportFinalizeError
 *fill*         0x00000000c0d02bc6        0x2 00
 .text.computeFees
                0x00000000c0d02bc8       0xb8 obj/logic_signTx.o
                0x00000000c0d02bc8                computeFees
 .text.finalizeParsing
                0x00000000c0d02c80      0x2a4 obj/logic_signTx.o
                0x00000000c0d02c80                finalizeParsing
 .text.set_result_get_stark_publicKey
                0x00000000c0d02f24       0x1c obj/logic_stark_getPublicKey.o
                0x00000000c0d02f24                set_result_get_stark_publicKey
 .text.reset_app_context
                0x00000000c0d02f40       0x40 obj/main.o
                0x00000000c0d02f40                reset_app_context
 .text.ui_idle  0x00000000c0d02f80       0x24 obj/main.o
                0x00000000c0d02f80                ui_idle
 .text.io_seproxyhal_send_status
                0x00000000c0d02fa4       0x18 obj/main.o
                0x00000000c0d02fa4                io_seproxyhal_send_status
 .text.format_signature_out
                0x00000000c0d02fbc       0x68 obj/main.o
                0x00000000c0d02fbc                format_signature_out
 .text.io_exchange_al
                0x00000000c0d03024       0x44 obj/main.o
                0x00000000c0d03024                io_exchange_al
 .text.getKnownToken
                0x00000000c0d03068       0x3c obj/main.o
                0x00000000c0d03068                getKnownToken
 .text.handleApdu
                0x00000000c0d030a4      0x230 obj/main.o
                0x00000000c0d030a4                handleApdu
 .text.app_main
                0x00000000c0d032d4      0x120 obj/main.o
                0x00000000c0d032d4                app_main
 .text.io_seproxyhal_display
                0x00000000c0d033f4        0x8 obj/main.o
                0x00000000c0d033f4                io_seproxyhal_display
 .text.io_event
                0x00000000c0d033fc      0x3b4 obj/main.o
                0x00000000c0d033fc                io_event
 .text.app_exit
                0x00000000c0d037b0       0x40 obj/main.o
                0x00000000c0d037b0                app_exit
 .text.coin_main
                0x00000000c0d037f0       0xf4 obj/main.o
                0x00000000c0d037f0                coin_main
 .text.library_main
                0x00000000c0d038e4       0xac obj/main.o
                0x00000000c0d038e4                library_main
 .text.os_boot  0x00000000c0d03990        0xa obj/os.o
                0x00000000c0d03990                os_boot
 .text.os_memmove
                0x00000000c0d0399a       0x2c obj/os.o
                0x00000000c0d0399a                os_memmove
 .text.os_memset
                0x00000000c0d039c6       0x12 obj/os.o
                0x00000000c0d039c6                os_memset
 .text.os_memcmp
                0x00000000c0d039d8       0x2a obj/os.o
                0x00000000c0d039d8                os_memcmp
 .text.os_longjmp
                0x00000000c0d03a02        0xc obj/os.o
                0x00000000c0d03a02                os_longjmp
 .text.os_secure_memcmp
                0x00000000c0d03a0e       0x3c obj/os.o
                0x00000000c0d03a0e                os_secure_memcmp
 *fill*         0x00000000c0d03a4a        0x2 00
 .text.os_parse_bertlv
                0x00000000c0d03a4c      0x1d8 obj/os.o
                0x00000000c0d03a4c                os_parse_bertlv
 .text.io_seproxyhal_general_status
                0x00000000c0d03c24       0x2c obj/os_io_seproxyhal.o
                0x00000000c0d03c24                io_seproxyhal_general_status
 .text.io_seproxyhal_handle_usb_event
                0x00000000c0d03c50       0x78 obj/os_io_seproxyhal.o
                0x00000000c0d03c50                io_seproxyhal_handle_usb_event
 .text.io_seproxyhal_get_ep_rx_size
                0x00000000c0d03cc8       0x18 obj/os_io_seproxyhal.o
                0x00000000c0d03cc8                io_seproxyhal_get_ep_rx_size
 .text.io_seproxyhal_handle_usb_ep_xfer_event
                0x00000000c0d03ce0       0x64 obj/os_io_seproxyhal.o
                0x00000000c0d03ce0                io_seproxyhal_handle_usb_ep_xfer_event
 .text.io_usb_send_ep
                0x00000000c0d03d44       0x50 obj/os_io_seproxyhal.o
                0x00000000c0d03d44                io_usb_send_ep
 .text.io_usb_send_apdu_data
                0x00000000c0d03d94       0x10 obj/os_io_seproxyhal.o
                0x00000000c0d03d94                io_usb_send_apdu_data
 .text.io_usb_send_apdu_data_ep0x83
                0x00000000c0d03da4       0x10 obj/os_io_seproxyhal.o
                0x00000000c0d03da4                io_usb_send_apdu_data_ep0x83
 .text.io_seproxyhal_handle_capdu_event
                0x00000000c0d03db4       0x3c obj/os_io_seproxyhal.o
                0x00000000c0d03db4                io_seproxyhal_handle_capdu_event
 .text.io_seproxyhal_handle_event
                0x00000000c0d03df0       0x88 obj/os_io_seproxyhal.o
                0x00000000c0d03df0                io_seproxyhal_handle_event
 .text.io_seproxyhal_init
                0x00000000c0d03e78       0x38 obj/os_io_seproxyhal.o
                0x00000000c0d03e78                io_seproxyhal_init
 .text.io_seproxyhal_init_ux
                0x00000000c0d03eb0        0x2 obj/os_io_seproxyhal.o
                0x00000000c0d03eb0                io_seproxyhal_init_ux
 *fill*         0x00000000c0d03eb2        0x2 00
 .text.io_seproxyhal_init_button
                0x00000000c0d03eb4       0x10 obj/os_io_seproxyhal.o
                0x00000000c0d03eb4                io_seproxyhal_init_button
 .text.io_seproxyhal_display_icon
                0x00000000c0d03ec4       0xa0 obj/os_io_seproxyhal.o
                0x00000000c0d03ec4                io_seproxyhal_display_icon
 .text.io_seproxyhal_display_default
                0x00000000c0d03f64       0x88 obj/os_io_seproxyhal.o
                0x00000000c0d03f64                io_seproxyhal_display_default
 .text.io_seproxyhal_button_push
                0x00000000c0d03fec       0x60 obj/os_io_seproxyhal.o
                0x00000000c0d03fec                io_seproxyhal_button_push
 .text.os_io_seproxyhal_get_app_name_and_version
                0x00000000c0d0404c       0x48 obj/os_io_seproxyhal.o
                0x00000000c0d0404c                os_io_seproxyhal_get_app_name_and_version
 .text.io_exchange
                0x00000000c0d04094      0x2c8 obj/os_io_seproxyhal.o
                0x00000000c0d04094                io_exchange
 .text.os_io_seph_recv_and_process
                0x00000000c0d0435c       0x4c obj/os_io_seproxyhal.o
                0x00000000c0d0435c                os_io_seph_recv_and_process
 .text.io_seproxyhal_io_heartbeat
                0x00000000c0d043a8       0x2c obj/os_io_seproxyhal.o
                0x00000000c0d043a8                io_seproxyhal_io_heartbeat
 .text.io_usb_hid_receive
                0x00000000c0d043d4      0x140 obj/os_io_usb.o
                0x00000000c0d043d4                io_usb_hid_receive
 .text.io_usb_hid_init
                0x00000000c0d04514       0x1c obj/os_io_usb.o
                0x00000000c0d04514                io_usb_hid_init
 .text.io_usb_hid_sent
                0x00000000c0d04530       0xc8 obj/os_io_usb.o
                0x00000000c0d04530                io_usb_hid_sent
 .text.io_usb_hid_send
                0x00000000c0d045f8       0x34 obj/os_io_usb.o
                0x00000000c0d045f8                io_usb_hid_send
 .text.snprintf
                0x00000000c0d0462c      0x3a8 obj/os_printf.o
                0x00000000c0d0462c                snprintf
 .text.pic      0x00000000c0d049d4       0x1c obj/pic.o
                0x00000000c0d049d4                pic
 .text.pic_internal
                0x00000000c0d049f0       0x10 obj/pic_internal.o
                0x00000000c0d049f0                pic_internal
 .text.poorstream_init
                0x00000000c0d04a00       0x12 obj/poorstream.o
                0x00000000c0d04a00                poorstream_init
 .text.poorstream_flush
                0x00000000c0d04a12       0x32 obj/poorstream.o
                0x00000000c0d04a12                poorstream_flush
 .text.poorstream_write_bits
                0x00000000c0d04a44       0xaa obj/poorstream.o
                0x00000000c0d04a44                poorstream_write_bits
 *fill*         0x00000000c0d04aee        0x2 00
 .text.starkDerivePrivateKey
                0x00000000c0d04af0       0x84 obj/stark_crypto.o
                0x00000000c0d04af0                starkDerivePrivateKey
 .text.stark_get_amount_string
                0x00000000c0d04b74       0xac obj/stark_crypto.o
                0x00000000c0d04b74                stark_get_amount_string
 .text.accum_ec_mul
                0x00000000c0d04c20       0x68 obj/stark_utils.o
                0x00000000c0d04c20                accum_ec_mul
 .text.pedersen
                0x00000000c0d04c88       0x60 obj/stark_utils.o
                0x00000000c0d04c88                pedersen
 .text.stark_sign
                0x00000000c0d04ce8       0x6c obj/stark_utils.o
                0x00000000c0d04ce8                stark_sign
 .text.compute_token_id
                0x00000000c0d04d54      0x19c obj/stark_utils.o
                0x00000000c0d04d54                compute_token_id
 .text.starkware_verify_asset_id
                0x00000000c0d04ef0       0x78 obj/starkware_plugin.o
                0x00000000c0d04ef0                starkware_verify_asset_id
 .text.starkware_verify_nft_token_id
                0x00000000c0d04f68       0x38 obj/starkware_plugin.o
                0x00000000c0d04f68                starkware_verify_nft_token_id
 .text.starkware_print_stark_key
                0x00000000c0d04fa0       0x20 obj/starkware_plugin.o
                0x00000000c0d04fa0                starkware_print_stark_key
 .text.starkware_print_eth_address
                0x00000000c0d04fc0       0x28 obj/starkware_plugin.o
                0x00000000c0d04fc0                starkware_print_eth_address
 .text.starkware_print_amount
                0x00000000c0d04fe8       0xcc obj/starkware_plugin.o
                0x00000000c0d04fe8                starkware_print_amount
 .text.starkware_print_asset_contract
                0x00000000c0d050b4       0x64 obj/starkware_plugin.o
                0x00000000c0d050b4                starkware_print_asset_contract
 .text.starkware_get_source_address
                0x00000000c0d05118       0x88 obj/starkware_plugin.o
                0x00000000c0d05118                starkware_get_source_address
 .text.starkware_plugin_call
                0x00000000c0d051a0      0x5fc obj/starkware_plugin.o
                0x00000000c0d051a0                starkware_plugin_call
 .text.SVC_Call
                0x00000000c0d0579c        0x4 obj/syscalls.o
                0x00000000c0d0579c                SVC_Call
 .text.check_api_level
                0x00000000c0d057a0       0x18 obj/syscalls.o
                0x00000000c0d057a0                check_api_level
 .text.halt     0x00000000c0d057b8       0x14 obj/syscalls.o
                0x00000000c0d057b8                halt
 .text.nvm_write
                0x00000000c0d057cc       0x1c obj/syscalls.o
                0x00000000c0d057cc                nvm_write
 .text.cx_rng   0x00000000c0d057e8       0x1c obj/syscalls.o
                0x00000000c0d057e8                cx_rng
 .text.cx_hash  0x00000000c0d05804       0x28 obj/syscalls.o
                0x00000000c0d05804                cx_hash
 .text.cx_sha256_init
                0x00000000c0d0582c       0x18 obj/syscalls.o
                0x00000000c0d0582c                cx_sha256_init
 .text.cx_hash_sha256
                0x00000000c0d05844       0x20 obj/syscalls.o
                0x00000000c0d05844                cx_hash_sha256
 .text.cx_keccak_init
                0x00000000c0d05864       0x1c obj/syscalls.o
                0x00000000c0d05864                cx_keccak_init
 .text.cx_ecfp_add_point
                0x00000000c0d05880       0x24 obj/syscalls.o
                0x00000000c0d05880                cx_ecfp_add_point
 .text.cx_ecfp_scalar_mult
                0x00000000c0d058a4       0x24 obj/syscalls.o
                0x00000000c0d058a4                cx_ecfp_scalar_mult
 .text.cx_ecfp_init_public_key
                0x00000000c0d058c8       0x20 obj/syscalls.o
                0x00000000c0d058c8                cx_ecfp_init_public_key
 .text.cx_ecfp_init_private_key
                0x00000000c0d058e8       0x20 obj/syscalls.o
                0x00000000c0d058e8                cx_ecfp_init_private_key
 .text.cx_ecfp_generate_pair
                0x00000000c0d05908       0x20 obj/syscalls.o
                0x00000000c0d05908                cx_ecfp_generate_pair
 .text.cx_ecdsa_sign
                0x00000000c0d05928       0x30 obj/syscalls.o
                0x00000000c0d05928                cx_ecdsa_sign
 .text.cx_ecdsa_verify
                0x00000000c0d05958       0x2c obj/syscalls.o
                0x00000000c0d05958                cx_ecdsa_verify
 .text.cx_crc16_update
                0x00000000c0d05984       0x20 obj/syscalls.o
                0x00000000c0d05984                cx_crc16_update
 .text.cx_math_cmp
                0x00000000c0d059a4       0x1c obj/syscalls.o
                0x00000000c0d059a4                cx_math_cmp
 .text.cx_math_mult
                0x00000000c0d059c0       0x1c obj/syscalls.o
                0x00000000c0d059c0                cx_math_mult
 .text.cx_math_modm
                0x00000000c0d059dc       0x1c obj/syscalls.o
                0x00000000c0d059dc                cx_math_modm
 .text.os_perso_isonboarded
                0x00000000c0d059f8       0x18 obj/syscalls.o
                0x00000000c0d059f8                os_perso_isonboarded
 .text.os_perso_derive_node_bip32
                0x00000000c0d05a10       0x20 obj/syscalls.o
                0x00000000c0d05a10                os_perso_derive_node_bip32
 .text.os_perso_seed_cookie
                0x00000000c0d05a30       0x1c obj/syscalls.o
                0x00000000c0d05a30                os_perso_seed_cookie
 .text.os_global_pin_is_validated
                0x00000000c0d05a4c       0x18 obj/syscalls.o
                0x00000000c0d05a4c                os_global_pin_is_validated
 .text.os_ux    0x00000000c0d05a64       0x18 obj/syscalls.o
                0x00000000c0d05a64                os_ux
 .text.os_lib_call
                0x00000000c0d05a7c       0x18 obj/syscalls.o
                0x00000000c0d05a7c                os_lib_call
 .text.os_lib_end
                0x00000000c0d05a94       0x14 obj/syscalls.o
                0x00000000c0d05a94                os_lib_end
 .text.os_flags
                0x00000000c0d05aa8       0x18 obj/syscalls.o
                0x00000000c0d05aa8                os_flags
 .text.os_registry_get_current_app_tag
                0x00000000c0d05ac0       0x1c obj/syscalls.o
                0x00000000c0d05ac0                os_registry_get_current_app_tag
 .text.os_sched_exit
                0x00000000c0d05adc       0x18 obj/syscalls.o
                0x00000000c0d05adc                os_sched_exit
 .text.io_seph_send
                0x00000000c0d05af4       0x18 obj/syscalls.o
                0x00000000c0d05af4                io_seph_send
 .text.io_seph_is_status_sent
                0x00000000c0d05b0c       0x18 obj/syscalls.o
                0x00000000c0d05b0c                io_seph_is_status_sent
 .text.io_seph_recv
                0x00000000c0d05b24       0x20 obj/syscalls.o
                0x00000000c0d05b24                io_seph_recv
 .text.try_context_get
                0x00000000c0d05b44       0x18 obj/syscalls.o
                0x00000000c0d05b44                try_context_get
 .text.try_context_set
                0x00000000c0d05b5c       0x18 obj/syscalls.o
                0x00000000c0d05b5c                try_context_set
 .text.os_sched_last_status
                0x00000000c0d05b74       0x1c obj/syscalls.o
                0x00000000c0d05b74                os_sched_last_status
 .text.u2f_apdu_sign
                0x00000000c0d05b90      0x108 obj/u2f_impl.o
                0x00000000c0d05b90                u2f_apdu_sign
 .text.u2f_handle_cmd_init
                0x00000000c0d05c98       0x98 obj/u2f_impl.o
                0x00000000c0d05c98                u2f_handle_cmd_init
 .text.u2f_handle_cmd_msg
                0x00000000c0d05d30       0xbc obj/u2f_impl.o
                0x00000000c0d05d30                u2f_handle_cmd_msg
 .text.u2f_message_complete
                0x00000000c0d05dec       0x3c obj/u2f_impl.o
                0x00000000c0d05dec                u2f_message_complete
 .text.u2f_io_send
                0x00000000c0d05e28       0x34 obj/u2f_io.o
                0x00000000c0d05e28                u2f_io_send
 .text.u2f_transport_init
                0x00000000c0d05e5c       0x14 obj/u2f_transport.o
                0x00000000c0d05e5c                u2f_transport_init
 .text.u2f_transport_sent
                0x00000000c0d05e70      0x114 obj/u2f_transport.o
                0x00000000c0d05e70                u2f_transport_sent
 .text.u2f_message_repliable
                0x00000000c0d05f84       0x26 obj/u2f_transport.o
                0x00000000c0d05f84                u2f_message_repliable
 *fill*         0x00000000c0d05faa        0x2 00
 .text.u2f_transport_send_usb_user_presence_required
                0x00000000c0d05fac       0x38 obj/u2f_transport.o
                0x00000000c0d05fac                u2f_transport_send_usb_user_presence_required
 .text.u2f_transport_send_wink
                0x00000000c0d05fe4       0x30 obj/u2f_transport.o
                0x00000000c0d05fe4                u2f_transport_send_wink
 .text.u2f_transport_receive_fakeChannel
                0x00000000c0d06014       0xf4 obj/u2f_transport.o
                0x00000000c0d06014                u2f_transport_receive_fakeChannel
 .text.u2f_transport_received
                0x00000000c0d06108      0x31c obj/u2f_transport.o
                0x00000000c0d06108                u2f_transport_received
 .text.u2f_is_channel_broadcast
                0x00000000c0d06424       0x18 obj/u2f_transport.o
                0x00000000c0d06424                u2f_is_channel_broadcast
 .text.u2f_message_set_autoreply_wait_user_presence
                0x00000000c0d0643c       0x26 obj/u2f_transport.o
                0x00000000c0d0643c                u2f_message_set_autoreply_wait_user_presence
 *fill*         0x00000000c0d06462        0x2 00
 .text.u2f_message_reply
                0x00000000c0d06464       0x74 obj/u2f_transport.o
                0x00000000c0d06464                u2f_message_reply
 .text.io_seproxyhal_touch_address_ok
                0x00000000c0d064d8       0x30 obj/ui_common_getPublicKey.o
                0x00000000c0d064d8                io_seproxyhal_touch_address_ok
 .text.io_seproxyhal_touch_address_cancel
                0x00000000c0d06508       0x24 obj/ui_common_getPublicKey.o
                0x00000000c0d06508                io_seproxyhal_touch_address_cancel
 .text.io_seproxyhal_touch_signMessage_ok
                0x00000000c0d0652c       0xbc obj/ui_common_signMessage.o
                0x00000000c0d0652c                io_seproxyhal_touch_signMessage_ok
 .text.io_seproxyhal_touch_signMessage_cancel
                0x00000000c0d065e8       0x24 obj/ui_common_signMessage.o
                0x00000000c0d065e8                io_seproxyhal_touch_signMessage_cancel
 .text.io_seproxyhal_touch_signMessage712_v0_ok
                0x00000000c0d0660c      0x10c obj/ui_common_signMessage712.o
                0x00000000c0d0660c                io_seproxyhal_touch_signMessage712_v0_ok
 .text.io_seproxyhal_touch_signMessage712_v0_cancel
                0x00000000c0d06718       0x24 obj/ui_common_signMessage712.o
                0x00000000c0d06718                io_seproxyhal_touch_signMessage712_v0_cancel
 .text.io_seproxyhal_touch_tx_ok
                0x00000000c0d0673c       0xe8 obj/ui_common_signTx.o
                0x00000000c0d0673c                io_seproxyhal_touch_tx_ok
 .text.io_seproxyhal_touch_tx_cancel
                0x00000000c0d06824       0x24 obj/ui_common_signTx.o
                0x00000000c0d06824                io_seproxyhal_touch_tx_cancel
 .text.io_seproxyhal_touch_data_ok
                0x00000000c0d06848       0x44 obj/ui_common_signTx.o
                0x00000000c0d06848                io_seproxyhal_touch_data_ok
 .text.io_seproxyhal_touch_data_cancel
                0x00000000c0d0688c       0x18 obj/ui_common_signTx.o
                0x00000000c0d0688c                io_seproxyhal_touch_data_cancel
 .text.io_seproxyhal_touch_stark_pubkey_ok
                0x00000000c0d068a4       0x30 obj/ui_common_stark_getPublicKey.o
                0x00000000c0d068a4                io_seproxyhal_touch_stark_pubkey_ok
 .text.io_seproxyhal_touch_stark_ok
                0x00000000c0d068d4       0x78 obj/ui_common_stark_sign.o
                0x00000000c0d068d4                io_seproxyhal_touch_stark_ok
 .text.io_seproxyhal_touch_stark_unsafe_sign_ok
                0x00000000c0d0694c       0x84 obj/ui_common_stark_unsafe_sign.o
                0x00000000c0d0694c                io_seproxyhal_touch_stark_unsafe_sign_ok
 .text.ux_idle_flow_3_step_validateinit
                0x00000000c0d069d0        0x8 obj/ui_flow.o
                0x00000000c0d069d0                ux_idle_flow_3_step_validateinit
 .text.display_settings
                0x00000000c0d069d8       0x6c obj/ui_flow.o
                0x00000000c0d069d8                display_settings
 .text.ux_idle_flow_4_step_validateinit
                0x00000000c0d06a44        0xa obj/ui_flow.o
                0x00000000c0d06a44                ux_idle_flow_4_step_validateinit
 .text.ux_settings_flow_1_step_validateinit
                0x00000000c0d06a4e        0x8 obj/ui_flow.o
                0x00000000c0d06a4e                ux_settings_flow_1_step_validateinit
 *fill*         0x00000000c0d06a56        0x2 00
 .text.switch_settings_contract_data
                0x00000000c0d06a58       0x34 obj/ui_flow.o
                0x00000000c0d06a58                switch_settings_contract_data
 .text.ux_settings_flow_2_step_validateinit
                0x00000000c0d06a8c        0x8 obj/ui_flow.o
                0x00000000c0d06a8c                ux_settings_flow_2_step_validateinit
 .text.switch_settings_display_data
                0x00000000c0d06a94       0x34 obj/ui_flow.o
                0x00000000c0d06a94                switch_settings_display_data
 .text.ux_settings_flow_3_step_validateinit
                0x00000000c0d06ac8        0x8 obj/ui_flow.o
                0x00000000c0d06ac8                ux_settings_flow_3_step_validateinit
 .text.ux_display_public_flow_3_step_validateinit
                0x00000000c0d06ad0        0xa obj/ui_flow_getPublicKey.o
                0x00000000c0d06ad0                ux_display_public_flow_3_step_validateinit
 .text.ux_display_public_flow_4_step_validateinit
                0x00000000c0d06ada        0xa obj/ui_flow_getPublicKey.o
                0x00000000c0d06ada                ux_display_public_flow_4_step_validateinit
 .text.ux_sign_flow_3_step_validateinit
                0x00000000c0d06ae4        0xa obj/ui_flow_signMessage.o
                0x00000000c0d06ae4                ux_sign_flow_3_step_validateinit
 .text.ux_sign_flow_4_step_validateinit
                0x00000000c0d06aee        0xa obj/ui_flow_signMessage.o
                0x00000000c0d06aee                ux_sign_flow_4_step_validateinit
 .text.ux_sign_712_v0_flow_2_step_init
                0x00000000c0d06af8       0x34 obj/ui_flow_signMessage712.o
                0x00000000c0d06af8                ux_sign_712_v0_flow_2_step_init
 .text.ux_sign_712_v0_flow_3_step_init
                0x00000000c0d06b2c       0x34 obj/ui_flow_signMessage712.o
                0x00000000c0d06b2c                ux_sign_712_v0_flow_3_step_init
 .text.ux_sign_712_v0_flow_4_step_validateinit
                0x00000000c0d06b60        0xa obj/ui_flow_signMessage712.o
                0x00000000c0d06b60                ux_sign_712_v0_flow_4_step_validateinit
 .text.ux_sign_712_v0_flow_5_step_validateinit
                0x00000000c0d06b6a        0xa obj/ui_flow_signMessage712.o
                0x00000000c0d06b6a                ux_sign_712_v0_flow_5_step_validateinit
 .text.ux_confirm_selector_flow_3_step_validateinit
                0x00000000c0d06b74        0xa obj/ui_flow_signTx.o
                0x00000000c0d06b74                ux_confirm_selector_flow_3_step_validateinit
 .text.ux_confirm_selector_flow_4_step_validateinit
                0x00000000c0d06b7e        0xa obj/ui_flow_signTx.o
                0x00000000c0d06b7e                ux_confirm_selector_flow_4_step_validateinit
 .text.ux_confirm_parameter_flow_3_step_validateinit
                0x00000000c0d06b88        0xa obj/ui_flow_signTx.o
                0x00000000c0d06b88                ux_confirm_parameter_flow_3_step_validateinit
 .text.ux_confirm_parameter_flow_4_step_validateinit
                0x00000000c0d06b92        0xa obj/ui_flow_signTx.o
                0x00000000c0d06b92                ux_confirm_parameter_flow_4_step_validateinit
 .text.ux_approval_tx_5_step_validateinit
                0x00000000c0d06b9c        0xa obj/ui_flow_signTx.o
                0x00000000c0d06b9c                ux_approval_tx_5_step_validateinit
 .text.ux_approval_tx_6_step_validateinit
                0x00000000c0d06ba6        0xa obj/ui_flow_signTx.o
                0x00000000c0d06ba6                ux_approval_tx_6_step_validateinit
 .text.ux_display_stark_public_flow_3_step_validateinit
                0x00000000c0d06bb0        0xa obj/ui_flow_stark_getPublicKey.o
                0x00000000c0d06bb0                ux_display_stark_public_flow_3_step_validateinit
 .text.ux_display_stark_public_flow_4_step_validateinit
                0x00000000c0d06bba        0xa obj/ui_flow_stark_getPublicKey.o
                0x00000000c0d06bba                ux_display_stark_public_flow_4_step_validateinit
 .text.ux_stark_limit_order_7_step_validateinit
                0x00000000c0d06bc4        0xa obj/ui_flow_stark_sign.o
                0x00000000c0d06bc4                ux_stark_limit_order_7_step_validateinit
 .text.ux_stark_limit_order_8_step_validateinit
                0x00000000c0d06bce        0xa obj/ui_flow_stark_sign.o
                0x00000000c0d06bce                ux_stark_limit_order_8_step_validateinit
 .text.ux_stark_transfer_6_step_validateinit
                0x00000000c0d06bd8        0xa obj/ui_flow_stark_sign.o
                0x00000000c0d06bd8                ux_stark_transfer_6_step_validateinit
 .text.ux_stark_transfer_7_step_validateinit
                0x00000000c0d06be2        0xa obj/ui_flow_stark_sign.o
                0x00000000c0d06be2                ux_stark_transfer_7_step_validateinit
 .text.ux_stark_conditional_transfer_4_step_init
                0x00000000c0d06bec       0x34 obj/ui_flow_stark_sign.o
                0x00000000c0d06bec                ux_stark_conditional_transfer_4_step_init
 .text.ux_stark_conditional_transfer_8_step_init
                0x00000000c0d06c20       0x3c obj/ui_flow_stark_sign.o
                0x00000000c0d06c20                ux_stark_conditional_transfer_8_step_init
 .text.ux_stark_conditional_transfer_9_step_init
                0x00000000c0d06c5c       0x34 obj/ui_flow_stark_sign.o
                0x00000000c0d06c5c                ux_stark_conditional_transfer_9_step_init
 .text.ux_stark_unsafe_sign_2_step_init
                0x00000000c0d06c90       0x30 obj/ui_flow_stark_unsafe_sign.o
                0x00000000c0d06c90                ux_stark_unsafe_sign_2_step_init
 .text.ux_stark_unsafe_sign_3_step_init
                0x00000000c0d06cc0       0x34 obj/ui_flow_stark_unsafe_sign.o
                0x00000000c0d06cc0                ux_stark_unsafe_sign_3_step_init
 .text.ux_stark_unsafe_sign_4_step_validateinit
                0x00000000c0d06cf4        0xa obj/ui_flow_stark_unsafe_sign.o
                0x00000000c0d06cf4                ux_stark_unsafe_sign_4_step_validateinit
 .text.ux_stark_unsafe_sign_5_step_validateinit
                0x00000000c0d06cfe        0xa obj/ui_flow_stark_unsafe_sign.o
                0x00000000c0d06cfe                ux_stark_unsafe_sign_5_step_validateinit
 .text.readUint64BE
                0x00000000c0d06d08       0x2c obj/uint256.o
 .text.readu256BE
                0x00000000c0d06d34       0x34 obj/uint256.o
                0x00000000c0d06d34                readu256BE
 .text.shiftl128
                0x00000000c0d06d68       0x90 obj/uint256.o
                0x00000000c0d06d68                shiftl128
 .text.shiftl256
                0x00000000c0d06df8      0x10e obj/uint256.o
                0x00000000c0d06df8                shiftl256
 .text.shiftr128
                0x00000000c0d06f06       0x96 obj/uint256.o
                0x00000000c0d06f06                shiftr128
 .text.shiftr256
                0x00000000c0d06f9c      0x100 obj/uint256.o
                0x00000000c0d06f9c                shiftr256
 .text.bits256  0x00000000c0d0709c       0x84 obj/uint256.o
                0x00000000c0d0709c                bits256
 .text.gt256    0x00000000c0d07120       0x60 obj/uint256.o
                0x00000000c0d07120                gt256
 .text.gte256   0x00000000c0d07180       0x5e obj/uint256.o
                0x00000000c0d07180                gte256
 .text.minus256
                0x00000000c0d071de      0x178 obj/uint256.o
                0x00000000c0d071de                minus256
 .text.write_u64_be
                0x00000000c0d07356       0x1e obj/uint256.o
                0x00000000c0d07356                write_u64_be
 .text.mul256   0x00000000c0d07374       0xb4 obj/uint256.o
                0x00000000c0d07374                mul256
 .text.divmod256
                0x00000000c0d07428      0x27a obj/uint256.o
                0x00000000c0d07428                divmod256
 *fill*         0x00000000c0d076a2        0x2 00
 .text.tostring256
                0x00000000c0d076a4       0xdc obj/uint256.o
                0x00000000c0d076a4                tostring256
 .text.USBD_LL_Init
                0x00000000c0d07780       0x14 obj/usbd_conf.o
                0x00000000c0d07780                USBD_LL_Init
 .text.USBD_LL_DeInit
                0x00000000c0d07794       0x24 obj/usbd_conf.o
                0x00000000c0d07794                USBD_LL_DeInit
 .text.USBD_LL_Start
                0x00000000c0d077b8       0x38 obj/usbd_conf.o
                0x00000000c0d077b8                USBD_LL_Start
 .text.USBD_LL_Stop
                0x00000000c0d077f0       0x22 obj/usbd_conf.o
                0x00000000c0d077f0                USBD_LL_Stop
 *fill*         0x00000000c0d07812        0x2 00
 .text.USBD_LL_OpenEP
                0x00000000c0d07814       0x60 obj/usbd_conf.o
                0x00000000c0d07814                USBD_LL_OpenEP
 .text.USBD_LL_CloseEP
                0x00000000c0d07874       0x2c obj/usbd_conf.o
                0x00000000c0d07874                USBD_LL_CloseEP
 .text.USBD_LL_StallEP
                0x00000000c0d078a0       0x48 obj/usbd_conf.o
                0x00000000c0d078a0                USBD_LL_StallEP
 .text.USBD_LL_ClearStallEP
                0x00000000c0d078e8       0x48 obj/usbd_conf.o
                0x00000000c0d078e8                USBD_LL_ClearStallEP
 .text.USBD_LL_IsStallEP
                0x00000000c0d07930       0x20 obj/usbd_conf.o
                0x00000000c0d07930                USBD_LL_IsStallEP
 .text.USBD_LL_SetUSBAddress
                0x00000000c0d07950       0x24 obj/usbd_conf.o
                0x00000000c0d07950                USBD_LL_SetUSBAddress
 .text.USBD_LL_Transmit
                0x00000000c0d07974       0x32 obj/usbd_conf.o
                0x00000000c0d07974                USBD_LL_Transmit
 .text.USBD_LL_PrepareReceive
                0x00000000c0d079a6       0x26 obj/usbd_conf.o
                0x00000000c0d079a6                USBD_LL_PrepareReceive
 .text.USBD_Init
                0x00000000c0d079cc       0x30 obj/usbd_core.o
                0x00000000c0d079cc                USBD_Init
 .text.USBD_DeInit
                0x00000000c0d079fc       0x36 obj/usbd_core.o
                0x00000000c0d079fc                USBD_DeInit
 .text.USBD_RegisterClassForInterface
                0x00000000c0d07a32       0x1a obj/usbd_core.o
                0x00000000c0d07a32                USBD_RegisterClassForInterface
 .text.USBD_Start
                0x00000000c0d07a4c        0xa obj/usbd_core.o
                0x00000000c0d07a4c                USBD_Start
 .text.USBD_SetClassConfig
                0x00000000c0d07a56       0x36 obj/usbd_core.o
                0x00000000c0d07a56                USBD_SetClassConfig
 .text.USBD_ClrClassConfig
                0x00000000c0d07a8c       0x36 obj/usbd_core.o
                0x00000000c0d07a8c                USBD_ClrClassConfig
 .text.USBD_LL_SetupStage
                0x00000000c0d07ac2       0x5c obj/usbd_core.o
                0x00000000c0d07ac2                USBD_LL_SetupStage
 .text.USBD_LL_DataOutStage
                0x00000000c0d07b1e       0xae obj/usbd_core.o
                0x00000000c0d07b1e                USBD_LL_DataOutStage
 .text.USBD_LL_DataInStage
                0x00000000c0d07bcc       0xe4 obj/usbd_core.o
                0x00000000c0d07bcc                USBD_LL_DataInStage
 .text.USBD_LL_Reset
                0x00000000c0d07cb0       0x3c obj/usbd_core.o
                0x00000000c0d07cb0                USBD_LL_Reset
 .text.USBD_LL_SetSpeed
                0x00000000c0d07cec        0x6 obj/usbd_core.o
                0x00000000c0d07cec                USBD_LL_SetSpeed
 .text.USBD_LL_Suspend
                0x00000000c0d07cf2        0x4 obj/usbd_core.o
                0x00000000c0d07cf2                USBD_LL_Suspend
 .text.USBD_LL_Resume
                0x00000000c0d07cf6        0x4 obj/usbd_core.o
                0x00000000c0d07cf6                USBD_LL_Resume
 .text.USBD_LL_SOF
                0x00000000c0d07cfa       0x3a obj/usbd_core.o
                0x00000000c0d07cfa                USBD_LL_SOF
 .text.usbd_is_valid_intf
                0x00000000c0d07d34       0x18 obj/usbd_ctlreq.o
                0x00000000c0d07d34                usbd_is_valid_intf
 .text.USBD_StdDevReq
                0x00000000c0d07d4c       0x5a obj/usbd_ctlreq.o
                0x00000000c0d07d4c                USBD_StdDevReq
 .text.USBD_GetDescriptor
                0x00000000c0d07da6      0x10c obj/usbd_ctlreq.o
                0x00000000c0d07da6                USBD_GetDescriptor
 .text.USBD_SetAddress
                0x00000000c0d07eb2       0x4c obj/usbd_ctlreq.o
                0x00000000c0d07eb2                USBD_SetAddress
 .text.USBD_SetConfig
                0x00000000c0d07efe       0x70 obj/usbd_ctlreq.o
                0x00000000c0d07efe                USBD_SetConfig
 .text.USBD_GetConfig
                0x00000000c0d07f6e       0x2e obj/usbd_ctlreq.o
                0x00000000c0d07f6e                USBD_GetConfig
 .text.USBD_GetStatus
                0x00000000c0d07f9c       0x46 obj/usbd_ctlreq.o
                0x00000000c0d07f9c                USBD_GetStatus
 .text.USBD_SetFeature
                0x00000000c0d07fe2       0x3a obj/usbd_ctlreq.o
                0x00000000c0d07fe2                USBD_SetFeature
 .text.USBD_ClrFeature
                0x00000000c0d0801c       0x50 obj/usbd_ctlreq.o
                0x00000000c0d0801c                USBD_ClrFeature
 .text.USBD_StdItfReq
                0x00000000c0d0806c       0x48 obj/usbd_ctlreq.o
                0x00000000c0d0806c                USBD_StdItfReq
 .text.USBD_StdEPReq
                0x00000000c0d080b4      0x104 obj/usbd_ctlreq.o
                0x00000000c0d080b4                USBD_StdEPReq
 .text.USBD_ParseSetupRequest
                0x00000000c0d081b8       0x28 obj/usbd_ctlreq.o
                0x00000000c0d081b8                USBD_ParseSetupRequest
 .text.USBD_CtlStall
                0x00000000c0d081e0       0x14 obj/usbd_ctlreq.o
                0x00000000c0d081e0                USBD_CtlStall
 .text.USBD_HID_Setup
                0x00000000c0d081f4       0x96 obj/usbd_hid.o
                0x00000000c0d081f4                USBD_HID_Setup
 .text.USBD_HID_Init
                0x00000000c0d0828a       0x32 obj/usbd_hid.o
                0x00000000c0d0828a                USBD_HID_Init
 .text.USBD_HID_DeInit
                0x00000000c0d082bc       0x16 obj/usbd_hid.o
                0x00000000c0d082bc                USBD_HID_DeInit
 *fill*         0x00000000c0d082d2        0x2 00
 .text.USBD_HID_GetHidDescriptor_impl
                0x00000000c0d082d4       0x34 obj/usbd_impl.o
                0x00000000c0d082d4                USBD_HID_GetHidDescriptor_impl
 .text.USBD_HID_GetReportDescriptor_impl
                0x00000000c0d08308       0x64 obj/usbd_impl.o
                0x00000000c0d08308                USBD_HID_GetReportDescriptor_impl
 .text.USBD_U2F_Init
                0x00000000c0d0836c       0x32 obj/usbd_impl.o
                0x00000000c0d0836c                USBD_U2F_Init
 *fill*         0x00000000c0d0839e        0x2 00
 .text.USBD_U2F_DataIn_impl
                0x00000000c0d083a0       0x18 obj/usbd_impl.o
                0x00000000c0d083a0                USBD_U2F_DataIn_impl
 .text.USBD_U2F_DataOut_impl
                0x00000000c0d083b8       0x2c obj/usbd_impl.o
                0x00000000c0d083b8                USBD_U2F_DataOut_impl
 .text.USBD_HID_DataIn_impl
                0x00000000c0d083e4       0x18 obj/usbd_impl.o
                0x00000000c0d083e4                USBD_HID_DataIn_impl
 .text.USBD_HID_DataOut_impl
                0x00000000c0d083fc       0x4c obj/usbd_impl.o
                0x00000000c0d083fc                USBD_HID_DataOut_impl
 .text.USBD_WEBUSB_Init
                0x00000000c0d08448       0x2c obj/usbd_impl.o
                0x00000000c0d08448                USBD_WEBUSB_Init
 .text.USBD_WEBUSB_DeInit
                0x00000000c0d08474        0x4 obj/usbd_impl.o
                0x00000000c0d08474                USBD_WEBUSB_DeInit
 .text.USBD_WEBUSB_Setup
                0x00000000c0d08478        0x4 obj/usbd_impl.o
                0x00000000c0d08478                USBD_WEBUSB_Setup
 .text.USBD_WEBUSB_DataIn
                0x00000000c0d0847c       0x18 obj/usbd_impl.o
                0x00000000c0d0847c                USBD_WEBUSB_DataIn
 .text.USBD_WEBUSB_DataOut
                0x00000000c0d08494       0x4c obj/usbd_impl.o
                0x00000000c0d08494                USBD_WEBUSB_DataOut
 .text.USBD_DeviceDescriptor
                0x00000000c0d084e0       0x10 obj/usbd_impl.o
 .text.USBD_LangIDStrDescriptor
                0x00000000c0d084f0       0x10 obj/usbd_impl.o
 .text.USBD_ManufacturerStrDescriptor
                0x00000000c0d08500       0x10 obj/usbd_impl.o
 .text.USBD_ProductStrDescriptor
                0x00000000c0d08510       0x10 obj/usbd_impl.o
 .text.USBD_SerialStrDescriptor
                0x00000000c0d08520       0x10 obj/usbd_impl.o
 .text.USBD_ConfigStrDescriptor
                0x00000000c0d08530       0x10 obj/usbd_impl.o
 .text.USBD_InterfaceStrDescriptor
                0x00000000c0d08540       0x10 obj/usbd_impl.o
 .text.USBD_BOSDescriptor
                0x00000000c0d08550       0x10 obj/usbd_impl.o
 .text.USBD_CtlError
                0x00000000c0d08560       0x90 obj/usbd_impl.o
                0x00000000c0d08560                USBD_CtlError
 .text.USB_power
                0x00000000c0d085f0       0xb4 obj/usbd_impl.o
                0x00000000c0d085f0                USB_power
 .text.USBD_GetCfgDesc_impl
                0x00000000c0d086a4       0x10 obj/usbd_impl.o
 .text.USBD_GetDeviceQualifierDesc_impl
                0x00000000c0d086b4       0x10 obj/usbd_impl.o
 .text.USBD_CtlSendData
                0x00000000c0d086c4       0x2a obj/usbd_ioreq.o
                0x00000000c0d086c4                USBD_CtlSendData
 .text.USBD_CtlContinueSendData
                0x00000000c0d086ee       0x1c obj/usbd_ioreq.o
                0x00000000c0d086ee                USBD_CtlContinueSendData
 .text.USBD_CtlContinueRx
                0x00000000c0d0870a        0xe obj/usbd_ioreq.o
                0x00000000c0d0870a                USBD_CtlContinueRx
 .text.USBD_CtlSendStatus
                0x00000000c0d08718       0x18 obj/usbd_ioreq.o
                0x00000000c0d08718                USBD_CtlSendStatus
 .text.USBD_CtlReceiveStatus
                0x00000000c0d08730       0x16 obj/usbd_ioreq.o
                0x00000000c0d08730                USBD_CtlReceiveStatus
 *fill*         0x00000000c0d08746        0x2 00
 .text.array_hexstr
                0x00000000c0d08748       0x30 obj/utils.o
                0x00000000c0d08748                array_hexstr
 .text.convertUint256BE
                0x00000000c0d08778       0x2c obj/utils.o
                0x00000000c0d08778                convertUint256BE
 .text.getV     0x00000000c0d087a4       0x6c obj/utils.o
                0x00000000c0d087a4                getV
 .text.amountToString
                0x00000000c0d08810       0x88 obj/utils.o
                0x00000000c0d08810                amountToString
 .text.parse_swap_config
                0x00000000c0d08898       0x48 obj/utils.o
                0x00000000c0d08898                parse_swap_config
 .text.ux_flow_is_first
                0x00000000c0d088e0       0x50 obj/ux_flow_engine.o
                0x00000000c0d088e0                ux_flow_is_first
 .text.ux_flow_is_last
                0x00000000c0d08930       0x40 obj/ux_flow_engine.o
                0x00000000c0d08930                ux_flow_is_last
 .text.ux_flow_direction
                0x00000000c0d08970       0x2c obj/ux_flow_engine.o
                0x00000000c0d08970                ux_flow_direction
 .text.ux_flow_next_internal
                0x00000000c0d0899c       0x60 obj/ux_flow_engine.o
 .text.ux_flow_next
                0x00000000c0d089fc        0xa obj/ux_flow_engine.o
                0x00000000c0d089fc                ux_flow_next
 *fill*         0x00000000c0d08a06        0x2 00
 .text.ux_flow_prev
                0x00000000c0d08a08       0x64 obj/ux_flow_engine.o
                0x00000000c0d08a08                ux_flow_prev
 .text.ux_flow_engine_init_step
                0x00000000c0d08a6c       0x78 obj/ux_flow_engine.o
 .text.ux_flow_validate
                0x00000000c0d08ae4       0xb0 obj/ux_flow_engine.o
                0x00000000c0d08ae4                ux_flow_validate
 .text.ux_flow_init
                0x00000000c0d08b94       0x9c obj/ux_flow_engine.o
                0x00000000c0d08b94                ux_flow_init
 .text.ux_flow_button_callback
                0x00000000c0d08c30       0x38 obj/ux_flow_engine.o
                0x00000000c0d08c30                ux_flow_button_callback
 .text.ux_stack_get_step_params
                0x00000000c0d08c68       0x30 obj/ux_flow_engine.o
                0x00000000c0d08c68                ux_stack_get_step_params
 .text.ux_stack_get_current_step_params
                0x00000000c0d08c98       0x14 obj/ux_flow_engine.o
                0x00000000c0d08c98                ux_stack_get_current_step_params
 .text.ux_layout_bb_init_common
                0x00000000c0d08cac       0x3c obj/ux_layout_bb.o
                0x00000000c0d08cac                ux_layout_bb_init_common
 .text.ux_layout_bn_prepro
                0x00000000c0d08ce8       0x24 obj/ux_layout_bn.o
                0x00000000c0d08ce8                ux_layout_bn_prepro
 .text.ux_layout_bn_init
                0x00000000c0d08d0c       0x28 obj/ux_layout_bn.o
                0x00000000c0d08d0c                ux_layout_bn_init
 .text.ux_layout_nn_prepro
                0x00000000c0d08d34       0x24 obj/ux_layout_nn.o
                0x00000000c0d08d34                ux_layout_nn_prepro
 .text.ux_layout_nn_init
                0x00000000c0d08d58       0x28 obj/ux_layout_nn.o
                0x00000000c0d08d58                ux_layout_nn_init
 .text.ux_layout_paging_compute
                0x00000000c0d08d80      0x124 obj/ux_layout_paging.o
                0x00000000c0d08d80                ux_layout_paging_compute
 .text.ux_layout_paging_redisplay
                0x00000000c0d08ea4       0x3c obj/ux_layout_paging.o
                0x00000000c0d08ea4                ux_layout_paging_redisplay
 .text.ux_layout_paging_prepro
                0x00000000c0d08ee0      0x100 obj/ux_layout_paging.o
 .text.ux_layout_paging_button_callback
                0x00000000c0d08fe0       0x70 obj/ux_layout_paging.o
 .text.ux_layout_paging_init
                0x00000000c0d09050       0x88 obj/ux_layout_paging.o
                0x00000000c0d09050                ux_layout_paging_init
 .text.ux_layout_pb_prepro
                0x00000000c0d090d8       0x58 obj/ux_layout_pb.o
                0x00000000c0d090d8                ux_layout_pb_prepro
 .text.ux_layout_pb_init
                0x00000000c0d09130       0x4c obj/ux_layout_pb.o
                0x00000000c0d09130                ux_layout_pb_init
 .text.ux_layout_pbb_prepro
                0x00000000c0d0917c       0x68 obj/ux_layout_pbb.o
                0x00000000c0d0917c                ux_layout_pbb_prepro
 .text.ux_layout_pbb_init_common
                0x00000000c0d091e4       0x3c obj/ux_layout_pbb.o
                0x00000000c0d091e4                ux_layout_pbb_init_common
 .text.ux_layout_pbb_init
                0x00000000c0d09220       0x4c obj/ux_layout_pbb.o
                0x00000000c0d09220                ux_layout_pbb_init
 .text.ux_layout_pnn_prepro
                0x00000000c0d0926c       0x20 obj/ux_layout_pnn.o
                0x00000000c0d0926c                ux_layout_pnn_prepro
 .text.ux_layout_pnn_init
                0x00000000c0d0928c       0x28 obj/ux_layout_pnn.o
                0x00000000c0d0928c                ux_layout_pnn_init
 .text.ux_layout_strings_prepro
                0x00000000c0d092b4       0x58 obj/ux_layout_utils.o
                0x00000000c0d092b4                ux_layout_strings_prepro
 .text.ux_stack_push
                0x00000000c0d0930c       0x38 obj/ux_stack.o
                0x00000000c0d0930c                ux_stack_push
 .text.ux_stack_pop
                0x00000000c0d09344       0x5c obj/ux_stack.o
                0x00000000c0d09344                ux_stack_pop
 .text.ux_stack_display
                0x00000000c0d093a0       0x4c obj/ux_stack.o
                0x00000000c0d093a0                ux_stack_display
 .text.ux_stack_init
                0x00000000c0d093ec       0x28 obj/ux_stack.o
                0x00000000c0d093ec                ux_stack_init
 .text.ux_stack_al_display_next_element
                0x00000000c0d09414       0x8c obj/ux_stack.o
                0x00000000c0d09414                ux_stack_al_display_next_element
 .text          0x00000000c0d094a0      0x114 /home/jingxu/workspace/ledgerApp/gcc-arm-none-eabi-10-2020-q4-major-x86_64-linux/gcc-arm-none-eabi-10-2020-q4-major/bin/../lib/gcc/arm-none-eabi/10.2.1/thumb/v6-m/nofp/libgcc.a(_udivsi3.o)
                0x00000000c0d094a0                __udivsi3
                0x00000000c0d094a0                __aeabi_uidiv
                0x00000000c0d095ac                __aeabi_uidivmod
 .text          0x00000000c0d095b4        0x4 /home/jingxu/workspace/ledgerApp/gcc-arm-none-eabi-10-2020-q4-major-x86_64-linux/gcc-arm-none-eabi-10-2020-q4-major/bin/../lib/gcc/arm-none-eabi/10.2.1/thumb/v6-m/nofp/libgcc.a(_dvmd_tls.o)
                0x00000000c0d095b4                __aeabi_ldiv0
                0x00000000c0d095b4                __aeabi_idiv0
 .text          0x00000000c0d095b8       0x18 /home/jingxu/workspace/ledgerApp/gcc-arm-none-eabi-10-2020-q4-major-x86_64-linux/gcc-arm-none-eabi-10-2020-q4-major/bin/../lib/gcc/arm-none-eabi/10.2.1/thumb/v6-m/nofp/libgcc.a(_lshrdi3.o)
                0x00000000c0d095b8                __aeabi_llsr
                0x00000000c0d095b8                __lshrdi3
 .text          0x00000000c0d095d0       0x18 /home/jingxu/workspace/ledgerApp/gcc-arm-none-eabi-10-2020-q4-major-x86_64-linux/gcc-arm-none-eabi-10-2020-q4-major/bin/../lib/gcc/arm-none-eabi/10.2.1/thumb/v6-m/nofp/libgcc.a(_ashldi3.o)
                0x00000000c0d095d0                __ashldi3
                0x00000000c0d095d0                __aeabi_llsl
 .text.__aeabi_memclr
                0x00000000c0d095e8        0xc /home/jingxu/workspace/ledgerApp/gcc-arm-none-eabi-10-2020-q4-major-x86_64-linux/gcc-arm-none-eabi-10-2020-q4-major/bin/../lib/gcc/arm-none-eabi/10.2.1/../../../../arm-none-eabi/lib/thumb/v6-m/nofp/libc.a(lib_a-aeabi_memclr.o)
                0x00000000c0d095e8                __aeabi_memclr8
                0x00000000c0d095e8                __aeabi_memclr
                0x00000000c0d095e8                __aeabi_memclr4
 .text.__aeabi_memcpy
                0x00000000c0d095f4        0x8 /home/jingxu/workspace/ledgerApp/gcc-arm-none-eabi-10-2020-q4-major-x86_64-linux/gcc-arm-none-eabi-10-2020-q4-major/bin/../lib/gcc/arm-none-eabi/10.2.1/../../../../arm-none-eabi/lib/thumb/v6-m/nofp/libc.a(lib_a-aeabi_memcpy.o)
                0x00000000c0d095f4                __aeabi_memcpy
                0x00000000c0d095f4                __aeabi_memcpy4
                0x00000000c0d095f4                __aeabi_memcpy8
 .text.__aeabi_memmove
                0x00000000c0d095fc        0x8 /home/jingxu/workspace/ledgerApp/gcc-arm-none-eabi-10-2020-q4-major-x86_64-linux/gcc-arm-none-eabi-10-2020-q4-major/bin/../lib/gcc/arm-none-eabi/10.2.1/../../../../arm-none-eabi/lib/thumb/v6-m/nofp/libc.a(lib_a-aeabi_memmove.o)
                0x00000000c0d095fc                __aeabi_memmove8
                0x00000000c0d095fc                __aeabi_memmove
                0x00000000c0d095fc                __aeabi_memmove4
 .text.__aeabi_memset
                0x00000000c0d09604       0x10 /home/jingxu/workspace/ledgerApp/gcc-arm-none-eabi-10-2020-q4-major-x86_64-linux/gcc-arm-none-eabi-10-2020-q4-major/bin/../lib/gcc/arm-none-eabi/10.2.1/../../../../arm-none-eabi/lib/thumb/v6-m/nofp/libc.a(lib_a-aeabi_memset.o)
                0x00000000c0d09604                __aeabi_memset
                0x00000000c0d09604                __aeabi_memset8
                0x00000000c0d09604                __aeabi_memset4
 .text.explicit_bzero
                0x00000000c0d09614        0x8 /home/jingxu/workspace/ledgerApp/gcc-arm-none-eabi-10-2020-q4-major-x86_64-linux/gcc-arm-none-eabi-10-2020-q4-major/bin/../lib/gcc/arm-none-eabi/10.2.1/../../../../arm-none-eabi/lib/thumb/v6-m/nofp/libc.a(lib_a-explicit_bzero.o)
                0x00000000c0d09614                explicit_bzero
 .text.memcmp   0x00000000c0d0961c       0x48 /home/jingxu/workspace/ledgerApp/gcc-arm-none-eabi-10-2020-q4-major-x86_64-linux/gcc-arm-none-eabi-10-2020-q4-major/bin/../lib/gcc/arm-none-eabi/10.2.1/../../../../arm-none-eabi/lib/thumb/v6-m/nofp/libc.a(lib_a-memcmp.o)
                0x00000000c0d0961c                memcmp
 .text.memcpy   0x00000000c0d09664       0xa4 /home/jingxu/workspace/ledgerApp/gcc-arm-none-eabi-10-2020-q4-major-x86_64-linux/gcc-arm-none-eabi-10-2020-q4-major/bin/../lib/gcc/arm-none-eabi/10.2.1/../../../../arm-none-eabi/lib/thumb/v6-m/nofp/libc.a(lib_a-memcpy-stub.o)
                0x00000000c0d09664                memcpy
 .text.memmove  0x00000000c0d09708       0xac /home/jingxu/workspace/ledgerApp/gcc-arm-none-eabi-10-2020-q4-major-x86_64-linux/gcc-arm-none-eabi-10-2020-q4-major/bin/../lib/gcc/arm-none-eabi/10.2.1/../../../../arm-none-eabi/lib/thumb/v6-m/nofp/libc.a(lib_a-memmove.o)
                0x00000000c0d09708                memmove
 .text.memset   0x00000000c0d097b4       0xa8 /home/jingxu/workspace/ledgerApp/gcc-arm-none-eabi-10-2020-q4-major-x86_64-linux/gcc-arm-none-eabi-10-2020-q4-major/bin/../lib/gcc/arm-none-eabi/10.2.1/../../../../arm-none-eabi/lib/thumb/v6-m/nofp/libc.a(lib_a-memset.o)
                0x00000000c0d097b4                memset
 .text          0x00000000c0d0985c       0x34 /home/jingxu/workspace/ledgerApp/gcc-arm-none-eabi-10-2020-q4-major-x86_64-linux/gcc-arm-none-eabi-10-2020-q4-major/bin/../lib/gcc/arm-none-eabi/10.2.1/../../../../arm-none-eabi/lib/thumb/v6-m/nofp/libc.a(lib_a-setjmp.o)
                0x00000000c0d0985c                setjmp
                0x00000000c0d09874                longjmp
 .text.strcat   0x00000000c0d09890       0x4c /home/jingxu/workspace/ledgerApp/gcc-arm-none-eabi-10-2020-q4-major-x86_64-linux/gcc-arm-none-eabi-10-2020-q4-major/bin/../lib/gcc/arm-none-eabi/10.2.1/../../../../arm-none-eabi/lib/thumb/v6-m/nofp/libc.a(lib_a-strcat.o)
                0x00000000c0d09890                strcat
 .text          0x00000000c0d098dc       0x88 /home/jingxu/workspace/ledgerApp/gcc-arm-none-eabi-10-2020-q4-major-x86_64-linux/gcc-arm-none-eabi-10-2020-q4-major/bin/../lib/gcc/arm-none-eabi/10.2.1/../../../../arm-none-eabi/lib/thumb/v6-m/nofp/libc.a(lib_a-strcmp.o)
                0x00000000c0d098dc                strcmp
 .text.strcpy   0x00000000c0d09964       0x10 /home/jingxu/workspace/ledgerApp/gcc-arm-none-eabi-10-2020-q4-major-x86_64-linux/gcc-arm-none-eabi-10-2020-q4-major/bin/../lib/gcc/arm-none-eabi/10.2.1/../../../../arm-none-eabi/lib/thumb/v6-m/nofp/libc.a(lib_a-strcpy.o)
                0x00000000c0d09964                strcpy
 .text.strlen   0x00000000c0d09974       0x5c /home/jingxu/workspace/ledgerApp/gcc-arm-none-eabi-10-2020-q4-major-x86_64-linux/gcc-arm-none-eabi-10-2020-q4-major/bin/../lib/gcc/arm-none-eabi/10.2.1/../../../../arm-none-eabi/lib/thumb/v6-m/nofp/libc.a(lib_a-strlen-stub.o)
                0x00000000c0d09974                strlen
 .text.strncmp  0x00000000c0d099d0       0x74 /home/jingxu/workspace/ledgerApp/gcc-arm-none-eabi-10-2020-q4-major-x86_64-linux/gcc-arm-none-eabi-10-2020-q4-major/bin/../lib/gcc/arm-none-eabi/10.2.1/../../../../arm-none-eabi/lib/thumb/v6-m/nofp/libc.a(lib_a-strncmp.o)
                0x00000000c0d099d0                strncmp
 .text.strncpy  0x00000000c0d09a44       0x6c /home/jingxu/workspace/ledgerApp/gcc-arm-none-eabi-10-2020-q4-major-x86_64-linux/gcc-arm-none-eabi-10-2020-q4-major/bin/../lib/gcc/arm-none-eabi/10.2.1/../../../../arm-none-eabi/lib/thumb/v6-m/nofp/libc.a(lib_a-strncpy.o)
                0x00000000c0d09a44                strncpy
 .text.strnlen  0x00000000c0d09ab0       0x24 /home/jingxu/workspace/ledgerApp/gcc-arm-none-eabi-10-2020-q4-major-x86_64-linux/gcc-arm-none-eabi-10-2020-q4-major/bin/../lib/gcc/arm-none-eabi/10.2.1/../../../../arm-none-eabi/lib/thumb/v6-m/nofp/libc.a(lib_a-strnlen.o)
                0x00000000c0d09ab0                strnlen
 .text.bzero    0x00000000c0d09ad4        0xc /home/jingxu/workspace/ledgerApp/gcc-arm-none-eabi-10-2020-q4-major-x86_64-linux/gcc-arm-none-eabi-10-2020-q4-major/bin/../lib/gcc/arm-none-eabi/10.2.1/../../../../arm-none-eabi/lib/thumb/v6-m/nofp/libc.a(lib_a-bzero.o)
                0x00000000c0d09ad4                bzero
 *(.rodata)
 *(.rodata.[^N]*)
 .rodata.str1.1
                0x00000000c0d09ae0       0x41 obj/base64.o
 .rodata.str1.1
                0x00000000c0d09b21       0x16 obj/checks.o
 *fill*         0x00000000c0d09b37        0x1 00
 .rodata.ui_audited_elements
                0x00000000c0d09b38       0x60 obj/checks.o
                0x00000000c0d09b38                ui_audited_elements
 .rodata.str1.1
                0x00000000c0d09b98        0x7 obj/cmd_getPublicKey.o
 .rodata.TOKEN_SIGNATURE_PUBLIC_KEY
                0x00000000c0d09b9f       0x41 obj/cmd_provideTokenInfo.o
 .rodata.SIGN_MAGIC
                0x00000000c0d09be0       0x1b obj/cmd_signMessage.o
 .rodata.str1.1
                0x00000000c0d09bfb        0x7 obj/cmd_signMessage.o
                                          0x5 (size before relaxing)
 .rodata.str1.1
                0x00000000c0d09bfb        0x7 obj/cmd_stark_getPublicKey.o
 .rodata.str1.1
                0x00000000c0d09c02        0x7 obj/cmd_stark_sign.o
                                          0xa (size before relaxing)
 .rodata.UNDERLYING_ASSET_DECIMALS
                0x00000000c0d09c02       0x75 obj/compound_plugin.o
                0x00000000c0d09c02                UNDERLYING_ASSET_DECIMALS
 .rodata.cst4   0x00000000c0d09c77        0x4 obj/compound_plugin.o
 .rodata.str1.1
                0x00000000c0d09c7b       0x18 obj/compound_plugin.o
 *fill*         0x00000000c0d09c93        0x1 00
 .rodata.str1.4
                0x00000000c0d09c94        0xa obj/compound_plugin.o
                                         0x16 (size before relaxing)
 .rodata.COMPOUND_BINDINGS
                0x00000000c0d09c9e       0xd8 obj/erc20_plugin.o
                0x00000000c0d09c9e                COMPOUND_BINDINGS
 .rodata.str1.1
                0x00000000c0d09d76        0xc obj/erc20_plugin.o
 *fill*         0x00000000c0d09d76        0x2 00
 .rodata.str1.4
                0x00000000c0d09d78        0xb obj/erc20_plugin.o
                                         0x22 (size before relaxing)
 *fill*         0x00000000c0d09d83        0x1 00
 .rodata.str1.4
                0x00000000c0d09d84       0x29 obj/erc721_plugin.o
 .rodata.str1.1
                0x00000000c0d09dad       0x16 obj/ethUtils.o
 .rodata.ERC20_TRANSFER_SELECTOR
                0x00000000c0d09dc3        0x4 obj/eth_plugin_internal.o
 .rodata.ERC20_APPROVE_SELECTOR
                0x00000000c0d09dc7        0x4 obj/eth_plugin_internal.o
 *fill*         0x00000000c0d09dcb        0x1 00
 .rodata.ERC20_SELECTORS
                0x00000000c0d09dcc        0x8 obj/eth_plugin_internal.o
                0x00000000c0d09dcc                ERC20_SELECTORS
 .rodata.ERC721_APPROVE_SELECTOR
                0x00000000c0d09dd4        0x4 obj/eth_plugin_internal.o
 .rodata.ERC721_SELECTORS
                0x00000000c0d09dd8        0x4 obj/eth_plugin_internal.o
                0x00000000c0d09dd8                ERC721_SELECTORS
 .rodata.COMPOUND_REDEEM_UNDERLYING_SELECTOR
                0x00000000c0d09ddc        0x4 obj/eth_plugin_internal.o
 .rodata.COMPOUND_REDEEM_SELECTOR
                0x00000000c0d09de0        0x4 obj/eth_plugin_internal.o
 .rodata.COMPOUND_MINT_SELECTOR
                0x00000000c0d09de4        0x4 obj/eth_plugin_internal.o
 .rodata.CETH_MINT_SELECTOR
                0x00000000c0d09de8        0x4 obj/eth_plugin_internal.o
 .rodata.COMPOUND_SELECTORS
                0x00000000c0d09dec       0x10 obj/eth_plugin_internal.o
                0x00000000c0d09dec                COMPOUND_SELECTORS
 .rodata.STARKWARE_REGISTER_ID
                0x00000000c0d09dfc        0x4 obj/eth_plugin_internal.o
 .rodata.STARKWARE_DEPOSIT_TOKEN_ID
                0x00000000c0d09e00        0x4 obj/eth_plugin_internal.o
 .rodata.STARKWARE_DEPOSIT_ETH_ID
                0x00000000c0d09e04        0x4 obj/eth_plugin_internal.o
 .rodata.STARKWARE_DEPOSIT_CANCEL_ID
                0x00000000c0d09e08        0x4 obj/eth_plugin_internal.o
 .rodata.STARKWARE_DEPOSIT_RECLAIM_ID
                0x00000000c0d09e0c        0x4 obj/eth_plugin_internal.o
 .rodata.STARKWARE_WITHDRAW_ID
                0x00000000c0d09e10        0x4 obj/eth_plugin_internal.o
 .rodata.STARKWARE_FULL_WITHDRAWAL_ID
                0x00000000c0d09e14        0x4 obj/eth_plugin_internal.o
 .rodata.STARKWARE_FREEZE_ID
                0x00000000c0d09e18        0x4 obj/eth_plugin_internal.o
 .rodata.STARKWARE_ESCAPE_ID
                0x00000000c0d09e1c        0x4 obj/eth_plugin_internal.o
 .rodata.STARKWARE_VERIFY_ESCAPE_ID
                0x00000000c0d09e20        0x4 obj/eth_plugin_internal.o
 .rodata.STARKWARE_WITHDRAW_TO_ID
                0x00000000c0d09e24        0x4 obj/eth_plugin_internal.o
 .rodata.STARKWARE_DEPOSIT_NFT_ID
                0x00000000c0d09e28        0x4 obj/eth_plugin_internal.o
 .rodata.STARKWARE_DEPOSIT_NFT_RECLAIM_ID
                0x00000000c0d09e2c        0x4 obj/eth_plugin_internal.o
 .rodata.STARKWARE_WITHDRAW_AND_MINT_ID
                0x00000000c0d09e30        0x4 obj/eth_plugin_internal.o
 .rodata.STARKWARE_WITHDRAW_NFT_ID
                0x00000000c0d09e34        0x4 obj/eth_plugin_internal.o
 .rodata.STARKWARE_WITHDRAW_NFT_TO_ID
                0x00000000c0d09e38        0x4 obj/eth_plugin_internal.o
 .rodata.STARKWARE_SELECTORS
                0x00000000c0d09e3c       0x40 obj/eth_plugin_internal.o
                0x00000000c0d09e3c                STARKWARE_SELECTORS
 .rodata.INTERNAL_ETH_PLUGINS
                0x00000000c0d09e7c       0x64 obj/eth_plugin_internal.o
                0x00000000c0d09e7c                INTERNAL_ETH_PLUGINS
 .rodata.str1.1
                0x00000000c0d09ee0       0x35 obj/eth_plugin_ui.o
 *fill*         0x00000000c0d09f15        0x3 00
 .rodata.ux_plugin_approval_intro_step_val
                0x00000000c0d09f18        0xc obj/eth_plugin_ui.o
                0x00000000c0d09f18                ux_plugin_approval_intro_step_val
 .rodata.ux_plugin_approval_intro_step
                0x00000000c0d09f24       0x10 obj/eth_plugin_ui.o
                0x00000000c0d09f24                ux_plugin_approval_intro_step
 .rodata.ux_plugin_approval_id_step_val
                0x00000000c0d09f34        0x8 obj/eth_plugin_ui.o
                0x00000000c0d09f34                ux_plugin_approval_id_step_val
 .rodata.ux_plugin_approval_id_step
                0x00000000c0d09f3c       0x10 obj/eth_plugin_ui.o
                0x00000000c0d09f3c                ux_plugin_approval_id_step
 .rodata.ux_plugin_approval_before_step
                0x00000000c0d09f4c       0x10 obj/eth_plugin_ui.o
                0x00000000c0d09f4c                ux_plugin_approval_before_step
 .rodata.ux_plugin_approval_display_step_val
                0x00000000c0d09f5c        0x8 obj/eth_plugin_ui.o
                0x00000000c0d09f5c                ux_plugin_approval_display_step_val
 .rodata.ux_plugin_approval_display_step
                0x00000000c0d09f64       0x10 obj/eth_plugin_ui.o
                0x00000000c0d09f64                ux_plugin_approval_display_step
 .rodata.ux_plugin_approval_after_step
                0x00000000c0d09f74       0x10 obj/eth_plugin_ui.o
                0x00000000c0d09f74                ux_plugin_approval_after_step
 .rodata.ux_plugin_approval_fees_step_val
                0x00000000c0d09f84        0x8 obj/eth_plugin_ui.o
                0x00000000c0d09f84                ux_plugin_approval_fees_step_val
 .rodata.ux_plugin_approval_fees_step
                0x00000000c0d09f8c       0x10 obj/eth_plugin_ui.o
                0x00000000c0d09f8c                ux_plugin_approval_fees_step
 .rodata.ux_plugin_approval_ok_step_validate_step
                0x00000000c0d09f9c       0x10 obj/eth_plugin_ui.o
                0x00000000c0d09f9c                ux_plugin_approval_ok_step_validate_step
 .rodata.ux_plugin_approval_ok_step_validate
                0x00000000c0d09fac        0x8 obj/eth_plugin_ui.o
                0x00000000c0d09fac                ux_plugin_approval_ok_step_validate
 .rodata.ux_plugin_approval_ok_step_val
                0x00000000c0d09fb4        0xc obj/eth_plugin_ui.o
                0x00000000c0d09fb4                ux_plugin_approval_ok_step_val
 .rodata.ux_plugin_approval_ok_step
                0x00000000c0d09fc0       0x10 obj/eth_plugin_ui.o
                0x00000000c0d09fc0                ux_plugin_approval_ok_step
 .rodata.ux_plugin_approval_cancel_step_validate_step
                0x00000000c0d09fd0       0x10 obj/eth_plugin_ui.o
                0x00000000c0d09fd0                ux_plugin_approval_cancel_step_validate_step
 .rodata.ux_plugin_approval_cancel_step_validate
                0x00000000c0d09fe0        0x8 obj/eth_plugin_ui.o
                0x00000000c0d09fe0                ux_plugin_approval_cancel_step_validate
 .rodata.ux_plugin_approval_cancel_step_val
                0x00000000c0d09fe8        0x8 obj/eth_plugin_ui.o
                0x00000000c0d09fe8                ux_plugin_approval_cancel_step_val
 .rodata.ux_plugin_approval_cancel_step
                0x00000000c0d09ff0       0x10 obj/eth_plugin_ui.o
                0x00000000c0d09ff0                ux_plugin_approval_cancel_step
 .rodata.ux_plugin_approval_flow
                0x00000000c0d0a000       0x24 obj/eth_plugin_ui.o
                0x00000000c0d0a000                ux_plugin_approval_flow
 .rodata.C_icon_back_x_colors
                0x00000000c0d0a024        0x8 obj/glyphs.o
                0x00000000c0d0a024                C_icon_back_x_colors
 .rodata.C_icon_back_x_bitmap
                0x00000000c0d0a02c       0x19 obj/glyphs.o
                0x00000000c0d0a02c                C_icon_back_x_bitmap
 *fill*         0x00000000c0d0a045        0x3 00
 .rodata.C_icon_back_x
                0x00000000c0d0a048       0x14 obj/glyphs.o
                0x00000000c0d0a048                C_icon_back_x
 .rodata.C_icon_certificate_colors
                0x00000000c0d0a05c        0x8 obj/glyphs.o
                0x00000000c0d0a05c                C_icon_certificate_colors
 .rodata.C_icon_certificate_bitmap
                0x00000000c0d0a064       0x19 obj/glyphs.o
                0x00000000c0d0a064                C_icon_certificate_bitmap
 *fill*         0x00000000c0d0a07d        0x3 00
 .rodata.C_icon_certificate
                0x00000000c0d0a080       0x14 obj/glyphs.o
                0x00000000c0d0a080                C_icon_certificate
 .rodata.C_icon_crossmark_colors
                0x00000000c0d0a094        0x8 obj/glyphs.o
                0x00000000c0d0a094                C_icon_crossmark_colors
 .rodata.C_icon_crossmark_bitmap
                0x00000000c0d0a09c       0x19 obj/glyphs.o
                0x00000000c0d0a09c                C_icon_crossmark_bitmap
 *fill*         0x00000000c0d0a0b5        0x3 00
 .rodata.C_icon_crossmark
                0x00000000c0d0a0b8       0x14 obj/glyphs.o
                0x00000000c0d0a0b8                C_icon_crossmark
 .rodata.C_icon_dashboard_x_colors
                0x00000000c0d0a0cc        0x8 obj/glyphs.o
                0x00000000c0d0a0cc                C_icon_dashboard_x_colors
 .rodata.C_icon_dashboard_x_bitmap
                0x00000000c0d0a0d4       0x19 obj/glyphs.o
                0x00000000c0d0a0d4                C_icon_dashboard_x_bitmap
 *fill*         0x00000000c0d0a0ed        0x3 00
 .rodata.C_icon_dashboard_x
                0x00000000c0d0a0f0       0x14 obj/glyphs.o
                0x00000000c0d0a0f0                C_icon_dashboard_x
 .rodata.C_icon_eye_colors
                0x00000000c0d0a104        0x8 obj/glyphs.o
                0x00000000c0d0a104                C_icon_eye_colors
 .rodata.C_icon_eye_bitmap
                0x00000000c0d0a10c       0x19 obj/glyphs.o
                0x00000000c0d0a10c                C_icon_eye_bitmap
 *fill*         0x00000000c0d0a125        0x3 00
 .rodata.C_icon_eye
                0x00000000c0d0a128       0x14 obj/glyphs.o
                0x00000000c0d0a128                C_icon_eye
 .rodata.C_icon_left_colors
                0x00000000c0d0a13c        0x8 obj/glyphs.o
                0x00000000c0d0a13c                C_icon_left_colors
 .rodata.C_icon_left_bitmap
                0x00000000c0d0a144        0x4 obj/glyphs.o
                0x00000000c0d0a144                C_icon_left_bitmap
 .rodata.C_icon_left
                0x00000000c0d0a148       0x14 obj/glyphs.o
                0x00000000c0d0a148                C_icon_left
 .rodata.C_icon_right_colors
                0x00000000c0d0a15c        0x8 obj/glyphs.o
                0x00000000c0d0a15c                C_icon_right_colors
 .rodata.C_icon_right_bitmap
                0x00000000c0d0a164        0x4 obj/glyphs.o
                0x00000000c0d0a164                C_icon_right_bitmap
 .rodata.C_icon_right
                0x00000000c0d0a168       0x14 obj/glyphs.o
                0x00000000c0d0a168                C_icon_right
 .rodata.C_icon_validate_14_colors
                0x00000000c0d0a17c        0x8 obj/glyphs.o
                0x00000000c0d0a17c                C_icon_validate_14_colors
 .rodata.C_icon_validate_14_bitmap
                0x00000000c0d0a184       0x19 obj/glyphs.o
                0x00000000c0d0a184                C_icon_validate_14_bitmap
 *fill*         0x00000000c0d0a19d        0x3 00
 .rodata.C_icon_validate_14
                0x00000000c0d0a1a0       0x14 obj/glyphs.o
                0x00000000c0d0a1a0                C_icon_validate_14
 .rodata.C_icon_warning_colors
                0x00000000c0d0a1b4        0x8 obj/glyphs.o
                0x00000000c0d0a1b4                C_icon_warning_colors
 .rodata.C_icon_warning_bitmap
                0x00000000c0d0a1bc       0x19 obj/glyphs.o
                0x00000000c0d0a1bc                C_icon_warning_bitmap
 *fill*         0x00000000c0d0a1d5        0x3 00
 .rodata.C_icon_warning
                0x00000000c0d0a1d8       0x14 obj/glyphs.o
                0x00000000c0d0a1d8                C_icon_warning
 .rodata.str1.1
                0x00000000c0d0a1ec        0x9 obj/logic_signTx.o
 .rodata.str1.4
                0x00000000c0d0a1f5        0x9 obj/logic_signTx.o
 .rodata..L.str
                0x00000000c0d0a1f5        0x5 obj/os_io_seproxyhal.o
 .rodata..L.str.1
                0x00000000c0d0a1fa        0x5 obj/os_io_seproxyhal.o
 .rodata..L.str.2
                0x00000000c0d0a1ff        0x5 obj/os_io_seproxyhal.o
 .rodata.cst16  0x00000000c0d0a204       0x20 obj/os_printf.o
 .rodata.STARK_DERIVE_BIAS
                0x00000000c0d0a224       0x20 obj/stark_crypto.o
 .rodata.C_cx_Stark256_n
                0x00000000c0d0a244       0x20 obj/stark_crypto.o
 .rodata.PEDERSEN_POINTS
                0x00000000c0d0a264      0x104 obj/stark_utils.o
 .rodata.PEDERSEN_SHIFT
                0x00000000c0d0a368       0x41 obj/stark_utils.o
 .rodata.cst4   0x00000000c0d0a3a9       0x10 obj/stark_utils.o
 .rodata.ETH_SELECTOR
                0x00000000c0d0a3b9        0x4 obj/stark_utils.o
 .rodata.MINTABLE_ASSET_ID_PREFIX
                0x00000000c0d0a3bd        0xa obj/stark_utils.o
 .rodata.DEVERSIFI_CONTRACT
                0x00000000c0d0a3c7       0x15 obj/starkware_plugin.o
 .rodata.str1.1
                0x00000000c0d0a3dc       0x18 obj/starkware_plugin.o
                                         0x29 (size before relaxing)
 .rodata.cst16  0x00000000c0d0a3f4       0x20 obj/starkware_plugin.o
 .rodata.str1.4
                0x00000000c0d0a414       0xd5 obj/starkware_plugin.o
                                         0xf5 (size before relaxing)
 .rodata.SW_INTERNAL
                0x00000000c0d0a4e9        0x2 obj/u2f_impl.o
 .rodata.SW_BUSY
                0x00000000c0d0a4eb        0x2 obj/u2f_impl.o
 .rodata.SW_WRONG_LENGTH
                0x00000000c0d0a4ed        0x2 obj/u2f_impl.o
 .rodata.SW_PROOF_OF_PRESENCE_REQUIRED
                0x00000000c0d0a4ef        0x2 obj/u2f_impl.o
 .rodata..L.str
                0x00000000c0d0a4f1        0x6 obj/u2f_impl.o
 .rodata.str1.1
                0x00000000c0d0a4f7        0x6 obj/u2f_impl.o
 .rodata..L.str.2
                0x00000000c0d0a4fd        0x5 obj/u2f_impl.o
 .rodata.SW_BAD_KEY_HANDLE
                0x00000000c0d0a502        0x2 obj/u2f_impl.o
 .rodata.U2F_VERSION
                0x00000000c0d0a504        0x8 obj/u2f_impl.o
 .rodata.INFO   0x00000000c0d0a50c        0x4 obj/u2f_impl.o
 .rodata.SW_UNKNOWN_CLASS
                0x00000000c0d0a510        0x2 obj/u2f_impl.o
 .rodata.SW_UNKNOWN_INSTRUCTION
                0x00000000c0d0a512        0x2 obj/u2f_impl.o
 .rodata.BROADCAST_CHANNEL
                0x00000000c0d0a514        0x4 obj/u2f_transport.o
 .rodata.FORBIDDEN_CHANNEL
                0x00000000c0d0a518        0x4 obj/u2f_transport.o
 .rodata.EIP_712_MAGIC
                0x00000000c0d0a51c        0x2 obj/ui_common_signMessage712.o
 .rodata.str1.1
                0x00000000c0d0a51e       0x69 obj/ui_flow.o
                                         0x7b (size before relaxing)
 *fill*         0x00000000c0d0a587        0x1 00
 .rodata.ux_idle_flow_1_step_val
                0x00000000c0d0a588        0x8 obj/ui_flow.o
                0x00000000c0d0a588                ux_idle_flow_1_step_val
 .rodata.ux_idle_flow_1_step
                0x00000000c0d0a590       0x10 obj/ui_flow.o
                0x00000000c0d0a590                ux_idle_flow_1_step
 .rodata.ux_idle_flow_2_step_val
                0x00000000c0d0a5a0        0x8 obj/ui_flow.o
                0x00000000c0d0a5a0                ux_idle_flow_2_step_val
 .rodata.ux_idle_flow_2_step
                0x00000000c0d0a5a8       0x10 obj/ui_flow.o
                0x00000000c0d0a5a8                ux_idle_flow_2_step
 .rodata.ux_idle_flow_3_step_validate_step
                0x00000000c0d0a5b8       0x10 obj/ui_flow.o
                0x00000000c0d0a5b8                ux_idle_flow_3_step_validate_step
 .rodata.ux_idle_flow_3_step_validate
                0x00000000c0d0a5c8        0x8 obj/ui_flow.o
                0x00000000c0d0a5c8                ux_idle_flow_3_step_validate
 .rodata.ux_idle_flow_3_step_val
                0x00000000c0d0a5d0        0x8 obj/ui_flow.o
                0x00000000c0d0a5d0                ux_idle_flow_3_step_val
 .rodata.ux_idle_flow_3_step
                0x00000000c0d0a5d8       0x10 obj/ui_flow.o
                0x00000000c0d0a5d8                ux_idle_flow_3_step
 .rodata.ux_idle_flow_4_step_validate_step
                0x00000000c0d0a5e8       0x10 obj/ui_flow.o
                0x00000000c0d0a5e8                ux_idle_flow_4_step_validate_step
 .rodata.ux_idle_flow_4_step_validate
                0x00000000c0d0a5f8        0x8 obj/ui_flow.o
                0x00000000c0d0a5f8                ux_idle_flow_4_step_validate
 .rodata.ux_idle_flow_4_step_val
                0x00000000c0d0a600        0x8 obj/ui_flow.o
                0x00000000c0d0a600                ux_idle_flow_4_step_val
 .rodata.ux_idle_flow_4_step
                0x00000000c0d0a608       0x10 obj/ui_flow.o
                0x00000000c0d0a608                ux_idle_flow_4_step
 .rodata.ux_idle_flow
                0x00000000c0d0a618       0x18 obj/ui_flow.o
                0x00000000c0d0a618                ux_idle_flow
 .rodata.ux_settings_flow_1_step_validate_step
                0x00000000c0d0a630       0x10 obj/ui_flow.o
                0x00000000c0d0a630                ux_settings_flow_1_step_validate_step
 .rodata.ux_settings_flow_1_step_validate
                0x00000000c0d0a640        0x8 obj/ui_flow.o
                0x00000000c0d0a640                ux_settings_flow_1_step_validate
 .rodata.ux_settings_flow_1_step_val
                0x00000000c0d0a648        0x8 obj/ui_flow.o
                0x00000000c0d0a648                ux_settings_flow_1_step_val
 .rodata.ux_settings_flow_1_step
                0x00000000c0d0a650       0x10 obj/ui_flow.o
                0x00000000c0d0a650                ux_settings_flow_1_step
 .rodata.ux_settings_flow_2_step_validate_step
                0x00000000c0d0a660       0x10 obj/ui_flow.o
                0x00000000c0d0a660                ux_settings_flow_2_step_validate_step
 .rodata.ux_settings_flow_2_step_validate
                0x00000000c0d0a670        0x8 obj/ui_flow.o
                0x00000000c0d0a670                ux_settings_flow_2_step_validate
 .rodata.ux_settings_flow_2_step_val
                0x00000000c0d0a678        0x8 obj/ui_flow.o
                0x00000000c0d0a678                ux_settings_flow_2_step_val
 .rodata.ux_settings_flow_2_step
                0x00000000c0d0a680       0x10 obj/ui_flow.o
                0x00000000c0d0a680                ux_settings_flow_2_step
 .rodata.ux_settings_flow_3_step_validate_step
                0x00000000c0d0a690       0x10 obj/ui_flow.o
                0x00000000c0d0a690                ux_settings_flow_3_step_validate_step
 .rodata.ux_settings_flow_3_step_validate
                0x00000000c0d0a6a0        0x8 obj/ui_flow.o
                0x00000000c0d0a6a0                ux_settings_flow_3_step_validate
 .rodata.ux_settings_flow_3_step_val
                0x00000000c0d0a6a8        0x8 obj/ui_flow.o
                0x00000000c0d0a6a8                ux_settings_flow_3_step_val
 .rodata.ux_settings_flow_3_step
                0x00000000c0d0a6b0       0x10 obj/ui_flow.o
                0x00000000c0d0a6b0                ux_settings_flow_3_step
 .rodata.ux_settings_flow
                0x00000000c0d0a6c0       0x10 obj/ui_flow.o
                0x00000000c0d0a6c0                ux_settings_flow
 .rodata.str1.1
                0x00000000c0d0a6d0       0x17 obj/ui_flow_getPublicKey.o
                                         0x26 (size before relaxing)
 *fill*         0x00000000c0d0a6e7        0x1 00
 .rodata.ux_display_public_flow_1_step_val
                0x00000000c0d0a6e8        0xc obj/ui_flow_getPublicKey.o
                0x00000000c0d0a6e8                ux_display_public_flow_1_step_val
 .rodata.ux_display_public_flow_1_step
                0x00000000c0d0a6f4       0x10 obj/ui_flow_getPublicKey.o
                0x00000000c0d0a6f4                ux_display_public_flow_1_step
 .rodata.ux_display_public_flow_2_step_val
                0x00000000c0d0a704        0x8 obj/ui_flow_getPublicKey.o
                0x00000000c0d0a704                ux_display_public_flow_2_step_val
 .rodata.ux_display_public_flow_2_step
                0x00000000c0d0a70c       0x10 obj/ui_flow_getPublicKey.o
                0x00000000c0d0a70c                ux_display_public_flow_2_step
 .rodata.ux_display_public_flow_3_step_validate_step
                0x00000000c0d0a71c       0x10 obj/ui_flow_getPublicKey.o
                0x00000000c0d0a71c                ux_display_public_flow_3_step_validate_step
 .rodata.ux_display_public_flow_3_step_validate
                0x00000000c0d0a72c        0x8 obj/ui_flow_getPublicKey.o
                0x00000000c0d0a72c                ux_display_public_flow_3_step_validate
 .rodata.ux_display_public_flow_3_step_val
                0x00000000c0d0a734        0x8 obj/ui_flow_getPublicKey.o
                0x00000000c0d0a734                ux_display_public_flow_3_step_val
 .rodata.ux_display_public_flow_3_step
                0x00000000c0d0a73c       0x10 obj/ui_flow_getPublicKey.o
                0x00000000c0d0a73c                ux_display_public_flow_3_step
 .rodata.ux_display_public_flow_4_step_validate_step
                0x00000000c0d0a74c       0x10 obj/ui_flow_getPublicKey.o
                0x00000000c0d0a74c                ux_display_public_flow_4_step_validate_step
 .rodata.ux_display_public_flow_4_step_validate
                0x00000000c0d0a75c        0x8 obj/ui_flow_getPublicKey.o
                0x00000000c0d0a75c                ux_display_public_flow_4_step_validate
 .rodata.ux_display_public_flow_4_step_val
                0x00000000c0d0a764        0x8 obj/ui_flow_getPublicKey.o
                0x00000000c0d0a764                ux_display_public_flow_4_step_val
 .rodata.ux_display_public_flow_4_step
                0x00000000c0d0a76c       0x10 obj/ui_flow_getPublicKey.o
                0x00000000c0d0a76c                ux_display_public_flow_4_step
 .rodata.ux_display_public_flow
                0x00000000c0d0a77c       0x14 obj/ui_flow_getPublicKey.o
                0x00000000c0d0a77c                ux_display_public_flow
 .rodata.str1.1
                0x00000000c0d0a790       0x1e obj/ui_flow_signMessage.o
                                         0x2b (size before relaxing)
 *fill*         0x00000000c0d0a7ae        0x2 00
 .rodata.ux_sign_flow_1_step_val
                0x00000000c0d0a7b0        0xc obj/ui_flow_signMessage.o
                0x00000000c0d0a7b0                ux_sign_flow_1_step_val
 .rodata.ux_sign_flow_1_step
                0x00000000c0d0a7bc       0x10 obj/ui_flow_signMessage.o
                0x00000000c0d0a7bc                ux_sign_flow_1_step
 .rodata.ux_sign_flow_2_step_val
                0x00000000c0d0a7cc        0x8 obj/ui_flow_signMessage.o
                0x00000000c0d0a7cc                ux_sign_flow_2_step_val
 .rodata.ux_sign_flow_2_step